###############################################################################
#
# IAR ELF Linker V7.20.2.7424/W32 for ARM                 14/Aug/2016  11:14:41
# Copyright 2007-2014 IAR Systems AB.
#
#    Output file  =  
#        C:\百度云同步盘\比赛代码\LPLD_OSKinetis_V3\project\NXP_powerctl\iar\FLASH\Exe\NXP_powerctl_K60.out
#    Map file     =  
#        C:\百度云同步盘\比赛代码\LPLD_OSKinetis_V3\project\NXP_powerctl\iar\FLASH\List\NXP_powerctl_K60.map
#    Command line =  
#        C:\百度云同步盘\比赛代码\LPLD_OSKinetis_V3\project\NXP_powerctl\iar\FLASH\Obj\ADC.o
#        C:\百度云同步盘\比赛代码\LPLD_OSKinetis_V3\project\NXP_powerctl\iar\FLASH\Obj\alloc.o
#        C:\百度云同步盘\比赛代码\LPLD_OSKinetis_V3\project\NXP_powerctl\iar\FLASH\Obj\assert.o
#        C:\百度云同步盘\比赛代码\LPLD_OSKinetis_V3\project\NXP_powerctl\iar\FLASH\Obj\bz_led.o
#        C:\百度云同步盘\比赛代码\LPLD_OSKinetis_V3\project\NXP_powerctl\iar\FLASH\Obj\control.o
#        C:\百度云同步盘\比赛代码\LPLD_OSKinetis_V3\project\NXP_powerctl\iar\FLASH\Obj\freecars.o
#        C:\百度云同步盘\比赛代码\LPLD_OSKinetis_V3\project\NXP_powerctl\iar\FLASH\Obj\FTM.o
#        C:\百度云同步盘\比赛代码\LPLD_OSKinetis_V3\project\NXP_powerctl\iar\FLASH\Obj\HW_ADC.o
#        C:\百度云同步盘\比赛代码\LPLD_OSKinetis_V3\project\NXP_powerctl\iar\FLASH\Obj\HW_DMA.o
#        C:\百度云同步盘\比赛代码\LPLD_OSKinetis_V3\project\NXP_powerctl\iar\FLASH\Obj\HW_FLASH.o
#        C:\百度云同步盘\比赛代码\LPLD_OSKinetis_V3\project\NXP_powerctl\iar\FLASH\Obj\HW_FLEXBUS.o
#        C:\百度云同步盘\比赛代码\LPLD_OSKinetis_V3\project\NXP_powerctl\iar\FLASH\Obj\HW_FTM.o
#        C:\百度云同步盘\比赛代码\LPLD_OSKinetis_V3\project\NXP_powerctl\iar\FLASH\Obj\HW_GPIO.o
#        C:\百度云同步盘\比赛代码\LPLD_OSKinetis_V3\project\NXP_powerctl\iar\FLASH\Obj\HW_LPTMR.o
#        C:\百度云同步盘\比赛代码\LPLD_OSKinetis_V3\project\NXP_powerctl\iar\FLASH\Obj\HW_MCG.o
#        C:\百度云同步盘\比赛代码\LPLD_OSKinetis_V3\project\NXP_powerctl\iar\FLASH\Obj\HW_NVIC.o
#        C:\百度云同步盘\比赛代码\LPLD_OSKinetis_V3\project\NXP_powerctl\iar\FLASH\Obj\HW_PDB.o
#        C:\百度云同步盘\比赛代码\LPLD_OSKinetis_V3\project\NXP_powerctl\iar\FLASH\Obj\HW_PIT.o
#        C:\百度云同步盘\比赛代码\LPLD_OSKinetis_V3\project\NXP_powerctl\iar\FLASH\Obj\HW_RTC.o
#        C:\百度云同步盘\比赛代码\LPLD_OSKinetis_V3\project\NXP_powerctl\iar\FLASH\Obj\HW_SDHC.o
#        C:\百度云同步盘\比赛代码\LPLD_OSKinetis_V3\project\NXP_powerctl\iar\FLASH\Obj\HW_SPI.o
#        C:\百度云同步盘\比赛代码\LPLD_OSKinetis_V3\project\NXP_powerctl\iar\FLASH\Obj\HW_SYSTICK.o
#        C:\百度云同步盘\比赛代码\LPLD_OSKinetis_V3\project\NXP_powerctl\iar\FLASH\Obj\HW_UART.o
#        C:\百度云同步盘\比赛代码\LPLD_OSKinetis_V3\project\NXP_powerctl\iar\FLASH\Obj\HW_WDOG.o
#        C:\百度云同步盘\比赛代码\LPLD_OSKinetis_V3\project\NXP_powerctl\iar\FLASH\Obj\io.o
#        C:\百度云同步盘\比赛代码\LPLD_OSKinetis_V3\project\NXP_powerctl\iar\FLASH\Obj\key.o
#        C:\百度云同步盘\比赛代码\LPLD_OSKinetis_V3\project\NXP_powerctl\iar\FLASH\Obj\main.o
#        C:\百度云同步盘\比赛代码\LPLD_OSKinetis_V3\project\NXP_powerctl\iar\FLASH\Obj\nvic.o
#        C:\百度云同步盘\比赛代码\LPLD_OSKinetis_V3\project\NXP_powerctl\iar\FLASH\Obj\OLED.o
#        C:\百度云同步盘\比赛代码\LPLD_OSKinetis_V3\project\NXP_powerctl\iar\FLASH\Obj\PIT.o
#        C:\百度云同步盘\比赛代码\LPLD_OSKinetis_V3\project\NXP_powerctl\iar\FLASH\Obj\printf.o
#        C:\百度云同步盘\比赛代码\LPLD_OSKinetis_V3\project\NXP_powerctl\iar\FLASH\Obj\queue.o
#        C:\百度云同步盘\比赛代码\LPLD_OSKinetis_V3\project\NXP_powerctl\iar\FLASH\Obj\RC.o
#        C:\百度云同步盘\比赛代码\LPLD_OSKinetis_V3\project\NXP_powerctl\iar\FLASH\Obj\relocate.o
#        C:\百度云同步盘\比赛代码\LPLD_OSKinetis_V3\project\NXP_powerctl\iar\FLASH\Obj\startup_K60.o
#        C:\百度云同步盘\比赛代码\LPLD_OSKinetis_V3\project\NXP_powerctl\iar\FLASH\Obj\stdlib.o
#        C:\百度云同步盘\比赛代码\LPLD_OSKinetis_V3\project\NXP_powerctl\iar\FLASH\Obj\sysinit.o
#        C:\百度云同步盘\比赛代码\LPLD_OSKinetis_V3\project\NXP_powerctl\iar\FLASH\Obj\system_MK60DZ10.o
#        C:\百度云同步盘\比赛代码\LPLD_OSKinetis_V3\project\NXP_powerctl\iar\FLASH\Obj\UART.o
#        C:\百度云同步盘\比赛代码\LPLD_OSKinetis_V3\project\NXP_powerctl\iar\FLASH\Obj\uif.o
#        --redirect _Printf=_PrintfFull --redirect _Scanf=_ScanfFull -o
#        C:\百度云同步盘\比赛代码\LPLD_OSKinetis_V3\project\NXP_powerctl\iar\FLASH\Exe\NXP_powerctl_K60.out
#        --map
#        C:\百度云同步盘\比赛代码\LPLD_OSKinetis_V3\project\NXP_powerctl\iar\FLASH\List\NXP_powerctl_K60.map
#        --config
#        C:\百度云同步盘\比赛代码\LPLD_OSKinetis_V3\project\NXP_powerctl\iar\..\..\..\lib\iar_config_files\LPLD_K60DN512_FLASH.icf
#        --semihosting --entry __iar_program_start "C:\Program Files (x86)\IAR
#        Systems\Embedded Workbench 7.0\arm\CMSIS\Lib\IAR\iar_cortexM4l_math.a"
#        --merge_duplicate_sections --vfe
#
###############################################################################

*******************************************************************************
*** RUNTIME MODEL ATTRIBUTES
***

CppFlavor       = *
__SystemLibrary = DLib


*******************************************************************************
*** PLACEMENT SUMMARY
***

"A1":  place at 0x00000000 { ro section .intvec };
"A2":  place at 0x00000410 { ro section .noinit };
"P1":  place in [from 0x00000000 to 0x00080000] { ro, block CodeRelocate };
"P2":  place in [from 0x1fff0410 to 0x20010000] {
          rw, block CodeRelocateRam, block CSTACK, block HEAP };

  Section              Kind        Address    Size  Object
  -------              ----        -------    ----  ------
"A1":                                        0x400
  .intvec              ro code  0x00000000   0x400  startup_K60.o [1]
                              - 0x00000400   0x400

"P1", part 1 of 2:                             0x0
  .rodata              const    0x00000400     0x0  zero_init3.o [5]

"A2":                                         0x14
  .noinit              ro code  0x00000410    0x10  startup_K60.o [1]
  .noinit              ro code  0x00000420     0x4  startup_K60.o [1]
                              - 0x00000424    0x14

"P1", part 2 of 2:                          0x514c
  .text                ro code  0x00000424   0x9b4  HW_FTM.o [1]
  .text                ro code  0x00000dd8    0x18  assert.o [1]
  .text                ro code  0x00000df0    0x56  ABImemcpy_unaligned.o [5]
  .text                ro code  0x00000e46    0x22  zero_init3.o [5]
  .text                ro code  0x00000e68   0x568  printf.o [1]
  .text                ro code  0x000013d0    0x22  stdlib.o [1]
  .text                ro code  0x000013f4   0x6cc  OLED.o [1]
  .text                ro code  0x00001ac0   0x23c  HW_GPIO.o [1]
  .text                ro code  0x00001cfc   0x644  HW_UART.o [1]
  .rodata              const    0x00002340   0x5f0  OLED.o [1]
  .text                ro code  0x00002930   0x530  bz_led.o [1]
  .text                ro code  0x00002e60   0x490  HW_ADC.o [1]
  .text                ro code  0x000032f0   0x2e4  freecars.o [1]
  .text                ro code  0x000035d4    0x30  I32ToDbl.o [4]
  .text                ro code  0x00003604   0x246  DblDiv.o [4]
  .rodata              const    0x0000384c   0x228  OLED.o [1]
  .data_init                    0x00003a74   0x22c  <Block>
    Initializer bytes  ro data  0x00003a74   0x22c  <for .data-1> (used: 0x228)
  .text                ro code  0x00003ca0   0x218  HW_SPI.o [1]
  Veneer               ro code  0x00003eb8     0x8  - Linker created -
  .text                ro code  0x00003ec0   0x1fc  HW_MCG.o [1]
  .text                ro code  0x000040bc   0x1d8  HW_NVIC.o [1]
  .text                ro code  0x00004294   0x1b0  control.o [1]
  .text                ro code  0x00004444   0x1a2  DblMul.o [4]
  .text                ro code  0x000045e8    0x4c  DblToI32.o [4]
  .text                ro code  0x00004634   0x1a0  system_MK60DZ10.o [1]
  .text                ro code  0x000047d4    0xc0  relocate.o [1]
  .text                ro code  0x00004894   0x168  HW_DMA.o [1]
  .text                ro code  0x000049fc   0x13c  RC.o [1]
  .text                ro code  0x00004b38    0x6c  HW_LPTMR.o [1]
  .text                ro code  0x00004ba4   0x138  HW_PIT.o [1]
  .text                ro code  0x00004cdc    0xc8  nvic.o [1]
  .text                ro code  0x00004da4    0xa4  ADC.o [1]
  .text                ro code  0x00004e48    0x98  key.o [1]
  .text                ro code  0x00004ee0    0x80  HW_PDB.o [1]
  .text                ro code  0x00004f60    0x74  sysinit.o [1]
  .text                ro code  0x00004fd4    0x5c  UART.o [1]
  .text                ro code  0x00005030    0x64  FTM.o [1]
  .text                ro code  0x00005094    0x3c  PIT.o [1]
  .text                ro code  0x000050d0    0x60  HW_RTC.o [1]
  CodeRelocate                  0x00005130    0x50  <Block>
    Initializer bytes  ro data  0x00005130    0x50  <for CodeRelocateRam-1>
  .rodata              const    0x00005180    0x48  system_MK60DZ10.o [1]
  .rodata              const    0x000051c8    0x44  HW_GPIO.o [1]
  .rodata              const    0x0000520c    0x44  HW_NVIC.o [1]
  .rodata              const    0x00005250    0x44  system_MK60DZ10.o [1]
  .rodata              const    0x00005294    0x44  system_MK60DZ10.o [1]
  .rodata              const    0x000052d8    0x40  HW_ADC.o [1]
  .rodata              const    0x00005318    0x40  HW_FTM.o [1]
  .rodata              const    0x00005358    0x40  HW_PIT.o [1]
  .rodata              const    0x00005398    0x30  assert.o [1]
  .rodata              const    0x000053c8    0x30  system_MK60DZ10.o [1]
  .rodata              const    0x000053f8    0x30  system_MK60DZ10.o [1]
  .text                ro code  0x00005428    0x2c  main.o [1]
  .text                ro code  0x00005454    0x28  data_init.o [5]
  .rodata              const    0x0000547c    0x24  system_MK60DZ10.o [1]
  .rodata              const    0x000054a0    0x24  system_MK60DZ10.o [1]
  .iar.init_table      const    0x000054c4    0x10  - Linker created -
  .rodata              const    0x000054d4    0x20  system_MK60DZ10.o [1]
  .text                ro code  0x000054f4    0x1a  cmain.o [5]
  .text                ro code  0x0000550e     0x4  low_level_init.o [3]
  .text                ro code  0x00005512     0x4  exit.o [3]
  .text                ro code  0x00005518     0xa  cexit.o [5]
  .text                ro code  0x00005524    0x14  exit.o [6]
  .text                ro code  0x00005538    0x14  io.o [1]
  .text                ro code  0x0000554c    0x10  HW_SYSTICK.o [1]
  .text                ro code  0x0000555c     0xc  cstartup_M.o [5]
  .rodata              const    0x00005568     0x8  system_MK60DZ10.o [1]
                              - 0x00005570  0x514c

"P2":                                       0x1510
  .data                         0x1fff0410   0x228  <Block>
    .data-1                     0x1fff0410   0x228  <Init block>
      .data            inited   0x1fff0410     0x1  bz_led.o [1]
      .data            inited   0x1fff0411     0x1  freecars.o [1]
      .data            inited   0x1fff0414     0x4  HW_MCG.o [1]
      .data            inited   0x1fff0418     0x4  HW_MCG.o [1]
      .data            inited   0x1fff041c     0x4  HW_MCG.o [1]
      .data            inited   0x1fff0420     0x4  HW_MCG.o [1]
      .data            inited   0x1fff0424   0x210  OLED.o [1]
      .data            inited   0x1fff0634     0x4  system_MK60DZ10.o [1]
  CodeRelocateRam               0x1fff0638    0x50  <Block>
    CodeRelocateRam-1           0x1fff0638    0x50  <Init block>
      .textrw          inited   0x1fff0638    0x50  HW_MCG.o [1]
  .bss                          0x1fff0688   0x296  <Block>
    .bss               zero     0x1fff0688    0x48  freecars.o [1]
    .bss               zero     0x1fff06d0    0x14  ADC.o [1]
    .bss               zero     0x1fff06e4    0x14  control.o [1]
    .bss               zero     0x1fff06f8    0x50  freecars.o [1]
    .bss               zero     0x1fff0748    0x6c  freecars.o [1]
    .bss               zero     0x1fff07b4    0x1c  FTM.o [1]
    .bss               zero     0x1fff07d0     0x8  HW_ADC.o [1]
    .bss               zero     0x1fff07d8    0x40  HW_DMA.o [1]
    .bss               zero     0x1fff0818     0xc  HW_FTM.o [1]
    .bss               zero     0x1fff0824    0x14  HW_GPIO.o [1]
    .bss               zero     0x1fff0838     0x4  HW_LPTMR.o [1]
    .bss               zero     0x1fff083c     0x4  HW_PDB.o [1]
    .bss               zero     0x1fff0840     0x4  HW_PDB.o [1]
    .bss               zero     0x1fff0844    0x10  HW_PIT.o [1]
    .bss               zero     0x1fff0854     0xc  HW_RTC.o [1]
    .bss               zero     0x1fff0860    0x18  HW_SPI.o [1]
    .bss               zero     0x1fff0878    0x18  HW_SPI.o [1]
    .bss               zero     0x1fff0890    0x18  HW_SPI.o [1]
    .bss               zero     0x1fff08a8     0x4  HW_SYSTICK.o [1]
    .bss               zero     0x1fff08ac    0x18  HW_UART.o [1]
    .bss               zero     0x1fff08c4    0x18  HW_UART.o [1]
    .bss               zero     0x1fff08dc    0x14  nvic.o [1]
    .bss               zero     0x1fff08f0    0x14  PIT.o [1]
    .bss               zero     0x1fff0904    0x14  UART.o [1]
    .bss               zero     0x1fff0918     0x2  bz_led.o [1]
    .bss               zero     0x1fff091a     0x2  main.o [1]
    .bss               zero     0x1fff091c     0x1  control.o [1]
    .bss               zero     0x1fff091d     0x1  main.o [1]
  CSTACK                        0x1fff0920  0x1000  <Block>
    CSTACK             uninit   0x1fff0920  0x1000  <Block tail>
                              - 0x1fff1920  0x1510


*******************************************************************************
*** INIT TABLE
***

          Address     Size
          -------     ----
Zero (__iar_zero_init3)
    1 destination range, total size 0x296:
          0x1fff0688  0x296



*******************************************************************************
*** MODULE SUMMARY
***

    Module                 ro code  rw code  ro data  rw data
    ------                 -------  -------  -------  -------
C:\百度云同步盘\比赛代码\LPLD_OSKinetis_V3\project\NXP_powerctl\iar\FLASH\Obj: [1]
    ADC.o                      164                         20
    FTM.o                      100                         28
    HW_ADC.o                 1 168                64        8
    HW_DMA.o                   360                         64
    HW_FTM.o                 2 484                64       12
    HW_GPIO.o                  572                68       20
    HW_LPTMR.o                 108                          4
    HW_MCG.o                   508       80       98       16
    HW_NVIC.o                  472                68
    HW_PDB.o                   128                          8
    HW_PIT.o                   312                64       16
    HW_RTC.o                    96                         12
    HW_SPI.o                   536                         72
    HW_SYSTICK.o                16                          4
    HW_UART.o                1 604                         48
    OLED.o                   1 740             2 600      528
    PIT.o                       60                         20
    RC.o                       316
    UART.o                      92                         20
    assert.o                    24                48
    bz_led.o                 1 328                 1        3
    control.o                  432                         21
    freecars.o                 740                 1      261
    io.o                        20
    key.o                      152
    main.o                      44                          3
    nvic.o                     200                         20
    printf.o                 1 384
    relocate.o                 192
    startup_K60.o            1 044
    stdlib.o                    34
    sysinit.o                  116
    system_MK60DZ10.o          416               420        4
    ---------------------------------------------------------
    Total:                  16 962       80    3 496    1 212

command line: [2]
    ---------------------------------------------------------
    Total:

dl7M_tln.a: [3]
    exit.o                       4
    low_level_init.o             4
    ---------------------------------------------------------
    Total:                       8

m7M_tl.a: [4]
    DblDiv.o                   582
    DblMul.o                   418
    DblToI32.o                  76
    I32ToDbl.o                  48
    ---------------------------------------------------------
    Total:                   1 124

rt7M_tl.a: [5]
    ABImemcpy_unaligned.o       86
    cexit.o                     10
    cmain.o                     26
    cstartup_M.o                12
    data_init.o                 40
    zero_init3.o                34
    ---------------------------------------------------------
    Total:                     208

shb_l.a: [6]
    exit.o                      20
    ---------------------------------------------------------
    Total:                      20

    Gaps                         8                 2        2
    Linker created               8                20    4 096
-------------------------------------------------------------
    Grand Total:            18 338       80    3 518    5 310


*******************************************************************************
*** ENTRY LIST
***

Entry                      Address   Size  Type      Object
-----                      -------   ----  ----      ------
.bss$$Base              0x1fff0688          --   Gb  - Linker created -
.bss$$Limit             0x1fff091e          --   Gb  - Linker created -
.data$$Base             0x1fff0410          --   Gb  - Linker created -
.data$$Limit            0x1fff0638          --   Gb  - Linker created -
.data_init$$Base        0x00003a74          --   Gb  - Linker created -
.data_init$$Limit       0x00003ca0          --   Gb  - Linker created -
?main                   0x000054f5         Code  Gb  cmain.o [5]
ADC0_IRQHandler         0x000032b7    0xa  Code  Gb  HW_ADC.o [1]
ADC1_IRQHandler         0x000032c1    0xa  Code  Gb  HW_ADC.o [1]
ADC_ISR                 0x1fff07d0    0x8  Data  Gb  HW_ADC.o [1]
ASSERT_FAILED_STR       0x00005398   0x30  Data  Gb  assert.o [1]
CSTACK$$Base            0x1fff0920          --   Gb  - Linker created -
CSTACK$$Limit           0x1fff1920          --   Gb  - Linker created -
CTL_isr                 0x00004295   0x50  Code  Gb  control.o [1]
CodeRelocate$$Base      0x00005130          --   Gb  - Linker created -
CodeRelocate$$Limit     0x00005180          --   Gb  - Linker created -
CodeRelocateRam$$Base   0x1fff0638          --   Gb  - Linker created -
CodeRelocateRam$$Limit  0x1fff0688          --   Gb  - Linker created -
DMA0_IRQHandler         0x00004895   0x16  Code  Gb  HW_DMA.o [1]
DMA10_IRQHandler        0x00004971   0x16  Code  Gb  HW_DMA.o [1]
DMA11_IRQHandler        0x00004987   0x16  Code  Gb  HW_DMA.o [1]
DMA12_IRQHandler        0x0000499d   0x16  Code  Gb  HW_DMA.o [1]
DMA13_IRQHandler        0x000049b3   0x16  Code  Gb  HW_DMA.o [1]
DMA14_IRQHandler        0x000049c9   0x16  Code  Gb  HW_DMA.o [1]
DMA15_IRQHandler        0x000049df   0x16  Code  Gb  HW_DMA.o [1]
DMA1_IRQHandler         0x000048ab   0x16  Code  Gb  HW_DMA.o [1]
DMA2_IRQHandler         0x000048c1   0x16  Code  Gb  HW_DMA.o [1]
DMA3_IRQHandler         0x000048d7   0x16  Code  Gb  HW_DMA.o [1]
DMA4_IRQHandler         0x000048ed   0x16  Code  Gb  HW_DMA.o [1]
DMA5_IRQHandler         0x00004903   0x16  Code  Gb  HW_DMA.o [1]
DMA6_IRQHandler         0x00004919   0x16  Code  Gb  HW_DMA.o [1]
DMA7_IRQHandler         0x0000492f   0x16  Code  Gb  HW_DMA.o [1]
DMA8_IRQHandler         0x00004945   0x16  Code  Gb  HW_DMA.o [1]
DMA9_IRQHandler         0x0000495b   0x16  Code  Gb  HW_DMA.o [1]
DMA_ISR                 0x1fff07d8   0x40  Data  Gb  HW_DMA.o [1]
DefaultISR              0x0000475b   0x14  Code  Gb  system_MK60DZ10.o [1]
Draw_BMP                0x0000186b   0x80  Code  Gb  OLED.o [1]
F6x8                    0x0000384c  0x228  Data  Gb  OLED.o [1]
F8X16                   0x00002340  0x5f0  Data  Gb  OLED.o [1]
FTM0_IRQHandler         0x00000d49    0xa  Code  Gb  HW_FTM.o [1]
FTM1_IRQHandler         0x00000d53    0xa  Code  Gb  HW_FTM.o [1]
FTM2_IRQHandler         0x00000d5d    0xa  Code  Gb  HW_FTM.o [1]
FTM_ISR                 0x1fff0818    0xc  Data  Gb  HW_FTM.o [1]
FreeCarsDataNum         0x1fff0411    0x1  Data  Gb  freecars.o [1]
GPIO_ISR                0x1fff0824   0x14  Data  Gb  HW_GPIO.o [1]
HardFault_Handler       0x00004751    0xa  Code  Gb  system_MK60DZ10.o [1]
LPLD_ADC_Cal            0x00003211   0xa6  Code  Lc  HW_ADC.o [1]
LPLD_ADC_Chn_Enable     0x00003033  0x1de  Code  Gb  HW_ADC.o [1]
LPLD_ADC_Get            0x0000300b   0x28  Code  Gb  HW_ADC.o [1]
LPLD_ADC_Init           0x00002e61  0x1aa  Code  Gb  HW_ADC.o [1]
LPLD_FTM_DEC_Init       0x00000d41    0x8  Code  Lc  HW_FTM.o [1]
LPLD_FTM_IC_Init        0x00000771   0x9e  Code  Lc  HW_FTM.o [1]
LPLD_FTM_Init           0x00000425  0x128  Code  Gb  HW_FTM.o [1]
LPLD_FTM_PWM_ChangeDuty
                        0x000005bf   0x4e  Code  Gb  HW_FTM.o [1]
LPLD_FTM_PWM_Enable     0x0000054d   0x72  Code  Gb  HW_FTM.o [1]
LPLD_FTM_PWM_Init       0x0000060d  0x164  Code  Lc  HW_FTM.o [1]
LPLD_FTM_PinInit        0x0000080f  0x4d0  Code  Lc  HW_FTM.o [1]
LPLD_FTM_QD_Init        0x00000d05   0x3c  Code  Lc  HW_FTM.o [1]
LPLD_GPIO_EnableIrq     0x00001bdb   0x5a  Code  Gb  HW_GPIO.o [1]
LPLD_GPIO_Init          0x00001ad5  0x106  Code  Gb  HW_GPIO.o [1]
LPLD_GPIO_Input_b       0x00001c4d    0xa  Code  Gb  HW_GPIO.o [1]
LPLD_GPIO_Output_b      0x00001c35   0x18  Code  Gb  HW_GPIO.o [1]
LPLD_LPTMR_DelayMs      0x00004b39   0x40  Code  Gb  HW_LPTMR.o [1]
LPLD_NVIC_Init          0x00004167  0x112  Code  Gb  HW_NVIC.o [1]
LPLD_PIT_Init           0x00004ba5   0xb2  Code  Gb  HW_PIT.o [1]
LPLD_PLL_Setup          0x00003ec1  0x1fc  Code  Gb  HW_MCG.o [1]
LPLD_Set_SYS_DIV        0x1fff0639   0x50  Code  Gb  HW_MCG.o [1]
LPLD_UART_EnableIrq     0x000020eb   0x68  Code  Gb  HW_UART.o [1]
LPLD_UART_GetChar       0x000020d3    0xe  Code  Gb  HW_UART.o [1]
LPLD_UART_Init          0x00001d13  0x3c0  Code  Gb  HW_UART.o [1]
LPLD_UART_PutChar       0x000020e1    0xa  Code  Gb  HW_UART.o [1]
LPTMR_ISR               0x1fff0838    0x4  Data  Gb  HW_LPTMR.o [1]
LPT_IRQHandler          0x00004b79   0x16  Code  Gb  HW_LPTMR.o [1]
NVIC_DisableIRQ         0x000040ef   0x14  Code  Lc  HW_NVIC.o [1]
NVIC_EnableIRQ          0x00001ac1   0x14  Code  Lc  HW_GPIO.o [1]
NVIC_EnableIRQ          0x000040db   0x14  Code  Lc  HW_NVIC.o [1]
NVIC_EnableIRQ          0x00001cfd   0x16  Code  Lc  HW_UART.o [1]
NVIC_EncodePriority     0x00004129   0x3e  Code  Lc  HW_NVIC.o [1]
NVIC_SetPriority        0x00004103   0x26  Code  Lc  HW_NVIC.o [1]
NVIC_SetPriorityGrouping
                        0x000040bd   0x1e  Code  Lc  HW_NVIC.o [1]
NVIC_init               0x00004cdd   0xc8  Code  Gb  nvic.o [1]
OLEDIO_init             0x000013f5   0x3a  Code  Gb  OLED.o [1]
OLED_CLS                0x0000156d   0x3c  Code  Gb  OLED.o [1]
OLED_DLY_ms             0x000015a9   0x1c  Code  Gb  OLED.o [1]
OLED_Fill               0x0000152d   0x40  Code  Gb  OLED.o [1]
OLED_Init               0x000015c5   0xf4  Code  Gb  OLED.o [1]
OLED_P6x8Str            0x00001745   0x7c  Code  Gb  OLED.o [1]
OLED_P8x16Char          0x000016b9   0x8c  Code  Gb  OLED.o [1]
OLED_P8x16Str           0x000017c1   0xaa  Code  Gb  OLED.o [1]
OLED_PrintInt16         0x000018eb  0x1bc  Code  Gb  OLED.o [1]
OLED_Set_Pos            0x000014ff   0x2e  Code  Gb  OLED.o [1]
OLED_WrCmd              0x00001499   0x66  Code  Gb  OLED.o [1]
OLED_WrDat              0x00001431   0x66  Code  Gb  OLED.o [1]
OS_CPU_SysTickHandler   0x0000554d    0xa  Code  Gb  HW_SYSTICK.o [1]
PDB_IRQHandler          0x00004ee1   0x6a  Code  Gb  HW_PDB.o [1]
PDB_ISR                 0x1fff083c    0x4  Data  Gb  HW_PDB.o [1]
PDB_SE_ISR              0x1fff0840    0x4  Data  Gb  HW_PDB.o [1]
PIT0_IRQHandler         0x00004c57   0x16  Code  Gb  HW_PIT.o [1]
PIT0_init               0x00005095   0x3c  Code  Gb  PIT.o [1]
PIT1_IRQHandler         0x00004c6d   0x16  Code  Gb  HW_PIT.o [1]
PIT2_IRQHandler         0x00004c83   0x16  Code  Gb  HW_PIT.o [1]
PIT3_IRQHandler         0x00004c99   0x16  Code  Gb  HW_PIT.o [1]
PIT_ISR                 0x1fff0844   0x10  Data  Gb  HW_PIT.o [1]
PORTA_IRQHandler        0x00001c57   0x12  Code  Gb  HW_GPIO.o [1]
PORTB_IRQHandler        0x00001c69   0x12  Code  Gb  HW_GPIO.o [1]
PORTC_IRQHandler        0x00001c7b   0x12  Code  Gb  HW_GPIO.o [1]
PORTD_IRQHandler        0x00001c8d   0x12  Code  Gb  HW_GPIO.o [1]
PORTE_IRQHandler        0x00001c9f   0x12  Code  Gb  HW_GPIO.o [1]
PWM_init                0x00005031   0x5c  Code  Gb  FTM.o [1]
RC_init                 0x00004a39   0x42  Code  Gb  RC.o [1]
RTC_IRQHandler          0x000050d1   0x56  Code  Gb  HW_RTC.o [1]
RTC_ISR                 0x1fff0854    0xc  Data  Gb  HW_RTC.o [1]
Region$$Table$$Base     0x000054c4          --   Gb  - Linker created -
Region$$Table$$Limit    0x000054d4          --   Gb  - Linker created -
SPI0_IRQHandler         0x00003ca1   0xaa  Code  Gb  HW_SPI.o [1]
SPI0_ISR                0x1fff0860   0x18  Data  Gb  HW_SPI.o [1]
SPI1_IRQHandler         0x00003d4b   0xaa  Code  Gb  HW_SPI.o [1]
SPI1_ISR                0x1fff0878   0x18  Data  Gb  HW_SPI.o [1]
SPI2_IRQHandler         0x00003df5   0xaa  Code  Gb  HW_SPI.o [1]
SPI2_ISR                0x1fff0890   0x18  Data  Gb  HW_SPI.o [1]
SYSTICK_ISR             0x1fff08a8    0x4  Data  Gb  HW_SYSTICK.o [1]
SerialPortRx            0x1fff0748   0x6c  Data  Gb  freecars.o [1]
SystemCoreClock         0x1fff0634    0x4  Data  Gb  system_MK60DZ10.o [1]
SystemCoreClockUpdate   0x00004729   0x28  Code  Gb  system_MK60DZ10.o [1]
SystemInit              0x00004635   0xf4  Code  Gb  system_MK60DZ10.o [1]
UART0_IRQHandler        0x00002153   0x30  Code  Gb  HW_UART.o [1]
UART1_IRQHandler        0x00002183   0x30  Code  Gb  HW_UART.o [1]
UART2_IRQHandler        0x000021b3   0x30  Code  Gb  HW_UART.o [1]
UART3_IRQHandler        0x000021e3   0x30  Code  Gb  HW_UART.o [1]
UART4_IRQHandler        0x00002213   0x30  Code  Gb  HW_UART.o [1]
UART5_IRQHandler        0x00002243   0x30  Code  Gb  HW_UART.o [1]
UART_R_ISR              0x1fff08ac   0x18  Data  Gb  HW_UART.o [1]
UART_T_ISR              0x1fff08c4   0x18  Data  Gb  HW_UART.o [1]
UART_init               0x00004fd5   0x5c  Code  Gb  UART.o [1]
UartCmd                 0x0000357b   0x5a  Code  Gb  freecars.o [1]
UartData                0x1fff0688   0x48  Data  Gb  freecars.o [1]
UartDebug               0x00003571    0xa  Code  Gb  freecars.o [1]
__BOOT_STACK_ADDRESS {Abs}
                        0x2000fff8          --   Gb  command line/config [2]
__VECTOR_RAM {Abs}      0x1fff0000          --   Gb  command line/config [2]
__VECTOR_TABLE {Abs}    0x00000000          --   Gb  command line/config [2]
__Vectors               0x00000000          --   Gb  startup_K60.o [1]
__Vectors_End           0x00000400         Data  Gb  startup_K60.o [1]
__Vectors_Size {Abs}    0x00000400          --   Gb  startup_K60.o [1]
__aeabi_d2iz            0x000045e9         Code  Gb  DblToI32.o [4]
__aeabi_ddiv            0x00003605         Code  Gb  DblDiv.o [4]
__aeabi_dmul            0x00004445         Code  Gb  DblMul.o [4]
__aeabi_i2d             0x000035d5         Code  Gb  I32ToDbl.o [4]
__aeabi_ui2d            0x000035e9         Code  Gb  I32ToDbl.o [4]
__as_entries_start      0xffffffff          --   Gb  command line/config [2]
__as_table_start        0xffffffff          --   Gb  command line/config [2]
__cmain                 0x000054f5         Code  Gb  cmain.o [5]
__exit                  0x00005525   0x14  Code  Gb  exit.o [6]
__iar_d2uiz             0x00004615         Code  Gb  DblToI32.o [4]
__iar_data_init3        0x00005455   0x28  Code  Gb  data_init.o [5]
__iar_program_start     0x0000555d         Code  Gb  cstartup_M.o [5]
__iar_ui2d              0x000035ed         Code  Gb  I32ToDbl.o [4]
__iar_unaligned___aeabi_memcpy4
                        0x00000df1         Code  Gb  ABImemcpy_unaligned.o [5]
__iar_unaligned___aeabi_memcpy8
                        0x00000df1         Code  Gb  ABImemcpy_unaligned.o [5]
__iar_zero_init3        0x00000e47   0x22  Code  Gb  zero_init3.o [5]
__low_level_init        0x0000550f    0x4  Code  Gb  low_level_init.o [3]
__vector_table          0x00000000         Data  Gb  startup_K60.o [1]
__vector_table_0x1c     0x0000001c         Data  Gb  startup_K60.o [1]
_call_main              0x00005501         Code  Gb  cmain.o [5]
_exit                   0x00005519         Code  Gb  cexit.o [5]
_main                   0x0000550b         Code  Gb  cmain.o [5]
adc_init                0x00004da5   0x48  Code  Gb  ADC.o [1]
adc_init_struct         0x1fff06d0   0x14  Data  Gb  ADC.o [1]
assert_failed           0x00000dd9   0x18  Code  Gb  assert.o [1]
bz_cnt                  0x1fff0918    0x2  Data  Gb  bz_led.o [1]
bz_cross                0x00002d19   0xb4  Code  Gb  bz_led.o [1]
bz_datarec              0x00002afd   0xc2  Code  Gb  bz_led.o [1]
bz_fzc                  0x00002dcd   0x78  Code  Gb  bz_led.o [1]
bz_norm                 0x00002bbf   0x4a  Code  Gb  bz_led.o [1]
bz_on                   0x00002ccb   0x4e  Code  Gb  bz_led.o [1]
bz_ready                0x000029d1  0x12c  Code  Gb  bz_led.o [1]
bz_set                  0x00002e45    0xc  Code  Gb  bz_led.o [1]
bz_style                0x1fff0410    0x1  Data  Gb  bz_led.o [1]
bz_warn                 0x00002c09   0xc2  Code  Gb  bz_led.o [1]
bzled_init              0x00002931   0x3a  Code  Gb  bz_led.o [1]
bzled_work              0x0000296b   0x66  Code  Gb  bz_led.o [1]
check_sw                0x00004a7b   0x9a  Code  Gb  RC.o [1]
common_relocate         0x000047d5   0xc0  Code  Gb  relocate.o [1]
ctl                     0x1fff06e4   0x14  Data  Gb  control.o [1]
exit                    0x00005513    0x4  Code  Gb  exit.o [3]
freecars_isr            0x00003349  0x20e  Code  Gb  freecars.o [1]
ftm_init_struct         0x1fff07b4   0x1c  Data  Gb  FTM.o [1]
g_bus_clock             0x1fff0418    0x4  Data  Gb  HW_MCG.o [1]
g_core_clock            0x1fff0414    0x4  Data  Gb  HW_MCG.o [1]
g_flash_clock           0x1fff041c    0x4  Data  Gb  HW_MCG.o [1]
g_flexbus_clock         0x1fff0420    0x4  Data  Gb  HW_MCG.o [1]
get_offset              0x00004ded   0x50  Code  Gb  ADC.o [1]
key_init                0x00004e49   0x88  Code  Gb  key.o [1]
main                    0x00005429   0x2c  Code  Gb  main.o [1]
meterage                0x00004303   0x9c  Code  Gb  control.o [1]
mushroom                0x1fff0424  0x210  Data  Gb  OLED.o [1]
nvic_init_struct        0x1fff08dc   0x14  Data  Gb  nvic.o [1]
order                   0x000049fd   0x3c  Code  Gb  RC.o [1]
out_char                0x00005539   0x10  Code  Gb  io.o [1]
pit_init_struct         0x1fff08f0   0x14  Data  Gb  PIT.o [1]
printf                  0x000013a7   0x26  Code  Gb  printf.o [1]
printk                  0x00000f91  0x416  Code  Gb  printf.o [1]
printk_mknumstr         0x00000e9b   0xaa  Code  Lc  printf.o [1]
printk_pad_space        0x00000f6b   0x26  Code  Lc  printf.o [1]
printk_pad_zero         0x00000f45   0x26  Code  Lc  printf.o [1]
printk_putc             0x00000e69   0x32  Code  Lc  printf.o [1]
relay_OFF               0x000042f5    0xe  Code  Gb  control.o [1]
relay_ON                0x000042e5   0x10  Code  Gb  control.o [1]
sendDataToScope         0x000032f1   0x58  Code  Gb  freecars.o [1]
send_cnt                0x1fff091d    0x1  Data  Gb  main.o [1]
show                    0x0000439f   0x64  Code  Gb  control.o [1]
strlen                  0x000013d1   0x22  Code  Gb  stdlib.o [1]
sysinit                 0x00004f61   0x74  Code  Gb  sysinit.o [1]
timer_cnt               0x1fff091a    0x2  Data  Gb  main.o [1]
uSendBuf                0x1fff06f8   0x50  Data  Gb  freecars.o [1]
uart_init_struct        0x1fff0904   0x14  Data  Gb  UART.o [1]


[1] = C:\百度云同步盘\比赛代码\LPLD_OSKinetis_V3\project\NXP_powerctl\iar\FLASH\Obj
[2] = command line
[3] = dl7M_tln.a
[4] = m7M_tl.a
[5] = rt7M_tl.a
[6] = shb_l.a

  18 338 bytes of readonly  code memory
      80 bytes of readwrite code memory
   3 518 bytes of readonly  data memory
   5 310 bytes of readwrite data memory

Errors: none
Warnings: none
