###############################################################################
#
# IAR ANSI C/C++ Compiler V7.20.2.7424/W32 for ARM        14/Aug/2016  11:03:53
# Copyright 1999-2014 IAR Systems AB.
#
#    Cpu mode     =  thumb
#    Endian       =  little
#    Source file  =  
#        C:\百度云同步盘\比赛代码\LPLD_OSKinetis_V3\project\NXP_powerctl\app\BSP\sysinit.c
#    Command line =  
#        C:\百度云同步盘\比赛代码\LPLD_OSKinetis_V3\project\NXP_powerctl\app\BSP\sysinit.c
#        -D LPLD_K60 -lCN
#        C:\百度云同步盘\比赛代码\LPLD_OSKinetis_V3\project\NXP_powerctl\iar\FLASH\List\
#        -lB
#        C:\百度云同步盘\比赛代码\LPLD_OSKinetis_V3\project\NXP_powerctl\iar\FLASH\List\
#        -o
#        C:\百度云同步盘\比赛代码\LPLD_OSKinetis_V3\project\NXP_powerctl\iar\FLASH\Obj\
#        --no_cse --no_unroll --no_inline --no_code_motion --no_tbaa
#        --no_clustering --no_scheduling --debug --endian=little
#        --cpu=Cortex-M4 -e --fpu=None --dlib_config "C:\Program Files
#        (x86)\IAR Systems\Embedded Workbench
#        7.0\arm\INC\c\DLib_Config_Normal.h" -I
#        C:\百度云同步盘\比赛代码\LPLD_OSKinetis_V3\project\NXP_powerctl\iar\..\app\
#        -I
#        C:\百度云同步盘\比赛代码\LPLD_OSKinetis_V3\project\NXP_powerctl\iar\..\app\BSP\
#        -I
#        C:\百度云同步盘\比赛代码\LPLD_OSKinetis_V3\project\NXP_powerctl\iar\..\app\ITAC\
#        -I
#        C:\百度云同步盘\比赛代码\LPLD_OSKinetis_V3\project\NXP_powerctl\iar\..\app\CTL\
#        -I
#        C:\百度云同步盘\比赛代码\LPLD_OSKinetis_V3\project\NXP_powerctl\iar\..\..\..\lib\CPU\
#        -I
#        C:\百度云同步盘\比赛代码\LPLD_OSKinetis_V3\project\NXP_powerctl\iar\..\..\..\lib\common\
#        -I
#        C:\百度云同步盘\比赛代码\LPLD_OSKinetis_V3\project\NXP_powerctl\iar\..\..\..\lib\LPLD\
#        -I
#        C:\百度云同步盘\比赛代码\LPLD_OSKinetis_V3\project\NXP_powerctl\iar\..\..\..\lib\LPLD\HW\
#        -I
#        C:\百度云同步盘\比赛代码\LPLD_OSKinetis_V3\project\NXP_powerctl\iar\..\..\..\lib\LPLD\DEV\
#        -I
#        C:\百度云同步盘\比赛代码\LPLD_OSKinetis_V3\project\NXP_powerctl\iar\..\..\..\lib\uCOS-II\Ports\
#        -I
#        C:\百度云同步盘\比赛代码\LPLD_OSKinetis_V3\project\NXP_powerctl\iar\..\..\..\lib\uCOS-II\Source\
#        -I
#        C:\百度云同步盘\比赛代码\LPLD_OSKinetis_V3\project\NXP_powerctl\iar\..\..\..\lib\FatFs\
#        -I
#        C:\百度云同步盘\比赛代码\LPLD_OSKinetis_V3\project\NXP_powerctl\iar\..\..\..\lib\FatFs\option\
#        -I
#        C:\百度云同步盘\比赛代码\LPLD_OSKinetis_V3\project\NXP_powerctl\iar\..\..\..\lib\USB\common\
#        -I
#        C:\百度云同步盘\比赛代码\LPLD_OSKinetis_V3\project\NXP_powerctl\iar\..\..\..\lib\USB\driver\
#        -I
#        C:\百度云同步盘\比赛代码\LPLD_OSKinetis_V3\project\NXP_powerctl\iar\..\..\..\lib\USB\descriptor\
#        -I
#        C:\百度云同步盘\比赛代码\LPLD_OSKinetis_V3\project\NXP_powerctl\iar\..\..\..\lib\USB\class\
#        -On -I "C:\Program Files (x86)\IAR Systems\Embedded Workbench
#        7.0\arm\CMSIS\Include\" -D ARM_MATH_CM4
#    List file    =  
#        C:\百度云同步盘\比赛代码\LPLD_OSKinetis_V3\project\NXP_powerctl\iar\FLASH\List\sysinit.lst
#    Object file  =  
#        C:\百度云同步盘\比赛代码\LPLD_OSKinetis_V3\project\NXP_powerctl\iar\FLASH\Obj\sysinit.o
#
###############################################################################

C:\百度云同步盘\比赛代码\LPLD_OSKinetis_V3\project\NXP_powerctl\app\BSP\sysinit.c
      1          //系统全体初始化
      2          //DDK
      3          
      4          #include "include.h"
      5          

   \                                 In section .text, align 4, keep-with-next
      6          void sysinit()
      7          {
   \                     sysinit: (+1)
   \   00000000   0xB580             PUSH     {R7,LR}
      8            //首先初始化蜂鸣器进行复位检测
      9            bzled_init();  
   \   00000002   0x.... 0x....      BL       bzled_init
     10            
     11            BZ_ON;
   \   00000006   0x2201             MOVS     R2,#+1
   \   00000008   0x2118             MOVS     R1,#+24
   \   0000000A   0x4817             LDR.N    R0,??sysinit_0   ;; 0x400ff000
   \   0000000C   0x.... 0x....      BL       LPLD_GPIO_Output_b
     12            LED_ON;
   \   00000010   0x2200             MOVS     R2,#+0
   \   00000012   0x211C             MOVS     R1,#+28
   \   00000014   0x4814             LDR.N    R0,??sysinit_0   ;; 0x400ff000
   \   00000016   0x.... 0x....      BL       LPLD_GPIO_Output_b
     13            
     14            UART_init();
   \   0000001A   0x.... 0x....      BL       UART_init
     15            PWM_init(); 
   \   0000001E   0x.... 0x....      BL       PWM_init
     16            
     17            //qei_init();
     18            
     19            OLED_Init();
   \   00000022   0x.... 0x....      BL       OLED_Init
     20            Draw_BMP(0,0,66,7,mushroom); 
   \   00000026   0x4811             LDR.N    R0,??sysinit_0+0x4
   \   00000028   0x9000             STR      R0,[SP, #+0]
   \   0000002A   0x2307             MOVS     R3,#+7
   \   0000002C   0x2242             MOVS     R2,#+66
   \   0000002E   0x2100             MOVS     R1,#+0
   \   00000030   0x2000             MOVS     R0,#+0
   \   00000032   0x.... 0x....      BL       Draw_BMP
     21            RC_init();
   \   00000036   0x.... 0x....      BL       RC_init
     22            key_init();
   \   0000003A   0x.... 0x....      BL       key_init
     23            
     24            adc_init();
   \   0000003E   0x.... 0x....      BL       adc_init
     25            PIT0_init();//主系统时钟 //1MS 一次中断
   \   00000042   0x.... 0x....      BL       PIT0_init
     26            
     27            ctl.POWER = 0; 
   \   00000046   0x2000             MOVS     R0,#+0
   \   00000048   0x4909             LDR.N    R1,??sysinit_0+0x8
   \   0000004A   0x6108             STR      R0,[R1, #+16]
     28            
     29            NVIC_init();
   \   0000004C   0x.... 0x....      BL       NVIC_init
     30            
     31            BZ_OFF; //初始化结束，关闭蜂鸣器
   \   00000050   0x2200             MOVS     R2,#+0
   \   00000052   0x2118             MOVS     R1,#+24
   \   00000054   0x4804             LDR.N    R0,??sysinit_0   ;; 0x400ff000
   \   00000056   0x.... 0x....      BL       LPLD_GPIO_Output_b
     32            LED_OFF;
   \   0000005A   0x2201             MOVS     R2,#+1
   \   0000005C   0x211C             MOVS     R1,#+28
   \   0000005E   0x4802             LDR.N    R0,??sysinit_0   ;; 0x400ff000
   \   00000060   0x.... 0x....      BL       LPLD_GPIO_Output_b
     33          }
   \   00000064   0xBD01             POP      {R0,PC}          ;; return
   \   00000066   0xBF00             Nop      
   \                     ??sysinit_0:
   \   00000068   0x400FF000         DC32     0x400ff000
   \   0000006C   0x........         DC32     mushroom
   \   00000070   0x........         DC32     ctl

   Maximum stack usage in bytes:

   .cstack Function
   ------- --------
       8   sysinit
         8   -> Draw_BMP
         8   -> LPLD_GPIO_Output_b
         8   -> NVIC_init
         8   -> OLED_Init
         8   -> PIT0_init
         8   -> PWM_init
         8   -> RC_init
         8   -> UART_init
         8   -> adc_init
         8   -> bzled_init
         8   -> key_init


   Section sizes:

   Bytes  Function/Label
   -----  --------------
     116  sysinit

 
 116 bytes in section .text
 
 116 bytes of CODE memory

Errors: none
Warnings: none
