###############################################################################
#
# IAR ANSI C/C++ Compiler V7.20.2.7424/W32 for ARM        06/Mar/2016  20:36:47
# Copyright 1999-2014 IAR Systems AB.
#
#    Cpu mode     =  thumb
#    Endian       =  little
#    Source file  =  
#        D:\LPLDV3.1\LPLD_OSKinetis_V3\project\freescale_cup(DMA)1.0\app\BSP\sysinit.c
#    Command line =  
#        "D:\LPLDV3.1\LPLD_OSKinetis_V3\project\freescale_cup(DMA)1.0\app\BSP\sysinit.c"
#        -D LPLD_K60 -D USE_K60DZ10 -lCN
#        "D:\LPLDV3.1\LPLD_OSKinetis_V3\project\freescale_cup(DMA)1.0\iar\RAM\List\"
#        -lB
#        "D:\LPLDV3.1\LPLD_OSKinetis_V3\project\freescale_cup(DMA)1.0\iar\RAM\List\"
#        -o
#        "D:\LPLDV3.1\LPLD_OSKinetis_V3\project\freescale_cup(DMA)1.0\iar\RAM\Obj\"
#        --no_cse --no_unroll --no_inline --no_code_motion --no_tbaa
#        --no_clustering --no_scheduling --debug --endian=little
#        --cpu=Cortex-M4 -e --fpu=None --dlib_config "C:\Program Files
#        (x86)\IAR Systems\Embedded Workbench
#        7.0\arm\INC\c\DLib_Config_Normal.h" -I
#        "D:\LPLDV3.1\LPLD_OSKinetis_V3\project\freescale_cup(DMA)1.0\iar\..\app\"
#        -I
#        "D:\LPLDV3.1\LPLD_OSKinetis_V3\project\freescale_cup(DMA)1.0\iar\..\app\MAIN\"
#        -I
#        "D:\LPLDV3.1\LPLD_OSKinetis_V3\project\freescale_cup(DMA)1.0\iar\..\app\BSP\"
#        -I
#        "D:\LPLDV3.1\LPLD_OSKinetis_V3\project\freescale_cup(DMA)1.0\iar\..\app\ITAC\"
#        -I
#        "D:\LPLDV3.1\LPLD_OSKinetis_V3\project\freescale_cup(DMA)1.0\iar\..\app\CTL\"
#        -I
#        "D:\LPLDV3.1\LPLD_OSKinetis_V3\project\freescale_cup(DMA)1.0\iar\..\app\SENSOR\"
#        -I
#        "D:\LPLDV3.1\LPLD_OSKinetis_V3\project\freescale_cup(DMA)1.0\iar\..\..\..\lib\CPU\"
#        -I
#        "D:\LPLDV3.1\LPLD_OSKinetis_V3\project\freescale_cup(DMA)1.0\iar\..\..\..\lib\common\"
#        -I
#        "D:\LPLDV3.1\LPLD_OSKinetis_V3\project\freescale_cup(DMA)1.0\iar\..\..\..\lib\LPLD\"
#        -I
#        "D:\LPLDV3.1\LPLD_OSKinetis_V3\project\freescale_cup(DMA)1.0\iar\..\..\..\lib\LPLD\HW\"
#        -I
#        "D:\LPLDV3.1\LPLD_OSKinetis_V3\project\freescale_cup(DMA)1.0\iar\..\..\..\lib\LPLD\DEV\"
#        -I
#        "D:\LPLDV3.1\LPLD_OSKinetis_V3\project\freescale_cup(DMA)1.0\iar\..\..\..\lib\LPLD\FUNC\"
#        -I
#        "D:\LPLDV3.1\LPLD_OSKinetis_V3\project\freescale_cup(DMA)1.0\iar\..\..\..\lib\uCOS-II\Ports\"
#        -I
#        "D:\LPLDV3.1\LPLD_OSKinetis_V3\project\freescale_cup(DMA)1.0\iar\..\..\..\lib\uCOS-II\Source\"
#        -I
#        "D:\LPLDV3.1\LPLD_OSKinetis_V3\project\freescale_cup(DMA)1.0\iar\..\..\..\lib\FatFs\"
#        -I
#        "D:\LPLDV3.1\LPLD_OSKinetis_V3\project\freescale_cup(DMA)1.0\iar\..\..\..\lib\FatFs\option\"
#        -I
#        "D:\LPLDV3.1\LPLD_OSKinetis_V3\project\freescale_cup(DMA)1.0\iar\..\..\..\lib\USB\common\"
#        -I
#        "D:\LPLDV3.1\LPLD_OSKinetis_V3\project\freescale_cup(DMA)1.0\iar\..\..\..\lib\USB\driver\"
#        -I
#        "D:\LPLDV3.1\LPLD_OSKinetis_V3\project\freescale_cup(DMA)1.0\iar\..\..\..\lib\USB\descriptor\"
#        -I
#        "D:\LPLDV3.1\LPLD_OSKinetis_V3\project\freescale_cup(DMA)1.0\iar\..\..\..\lib\USB\class\"
#        -On -I "C:\Program Files (x86)\IAR Systems\Embedded Workbench
#        7.0\arm\CMSIS\Include\" -D ARM_MATH_CM4
#    List file    =  
#        D:\LPLDV3.1\LPLD_OSKinetis_V3\project\freescale_cup(DMA)1.0\iar\RAM\List\sysinit.lst
#    Object file  =  
#        D:\LPLDV3.1\LPLD_OSKinetis_V3\project\freescale_cup(DMA)1.0\iar\RAM\Obj\sysinit.o
#
###############################################################################

D:\LPLDV3.1\LPLD_OSKinetis_V3\project\freescale_cup(DMA)1.0\app\BSP\sysinit.c
      1          //系统全体初始化
      2          //DDK
      3          
      4          #include "include.h"
      5          

   \                                 In section .text, align 4, keep-with-next
      6          void sysinit()
      7          {
   \                     sysinit: (+1)
   \   00000000   0xB580             PUSH     {R7,LR}
      8            //首先初始化蜂鸣器进行复位检测
      9            //bzled_init();
     10            //BZ_ON;
     11            //LED_ON;
     12            
     13            //UART_init();
     14            //PWM_init();
     15            //qei_init();
     16            //S3010_init();
     17             
     18            
     19            //OLED_Init();
     20            
     21            //Draw_BMP(0,0,66,7,mushroom);
     22            
     23            //代入参数
     24           
     25            //CTL_SEN_init();
     26            
     27            //最后初始化，初始化完成即任务开始
     28            //PIT1_init();//控制系统时钟 //暂定10ms
     29            PIT0_init();//主系统时钟 //1MS 一次中断
   \   00000002   0x.... 0x....      BL       PIT0_init
     30          
     31            
     32            //NVIC_init();
     33            
     34            BZ_OFF; //初始化结束，关闭蜂鸣器
   \   00000006   0x2200             MOVS     R2,#+0
   \   00000008   0x2107             MOVS     R1,#+7
   \   0000000A   0x4804             LDR.N    R0,??sysinit_0   ;; 0x400ff080
   \   0000000C   0x.... 0x....      BL       LPLD_GPIO_Output_b
     35            LED_OFF;
   \   00000010   0x2201             MOVS     R2,#+1
   \   00000012   0x2106             MOVS     R1,#+6
   \   00000014   0x4801             LDR.N    R0,??sysinit_0   ;; 0x400ff080
   \   00000016   0x.... 0x....      BL       LPLD_GPIO_Output_b
     36          }
   \   0000001A   0xBD01             POP      {R0,PC}          ;; return
   \                     ??sysinit_0:
   \   0000001C   0x400FF080         DC32     0x400ff080

   Maximum stack usage in bytes:

   .cstack Function
   ------- --------
       8   sysinit
         8   -> LPLD_GPIO_Output_b
         8   -> PIT0_init


   Section sizes:

   Bytes  Function/Label
   -----  --------------
      32  sysinit

 
 32 bytes in section .text
 
 32 bytes of CODE memory

Errors: none
Warnings: none
