###############################################################################
#
# IAR ELF Linker V7.30.3.8024/W32 for ARM                 16/Aug/2016  11:11:21
# Copyright 2007-2014 IAR Systems AB.
#
#    Output file  =  
#        E:\飞思卡尔\新工程\LPLD_OSKinetis_V3\project\NXP_(golden_cyprinoid)
#        1.9\iar\FLASH\Exe\NXP_(golden_cyprinoid)_K60.out
#    Map file     =  
#        E:\飞思卡尔\新工程\LPLD_OSKinetis_V3\project\NXP_(golden_cyprinoid)
#        1.9\iar\FLASH\List\NXP_(golden_cyprinoid)_K60.map
#    Command line =  
#        "E:\飞思卡尔\新工程\LPLD_OSKinetis_V3\project\NXP_(golden_cyprinoid)
#        1.9\iar\FLASH\Obj\alloc.o"
#        "E:\飞思卡尔\新工程\LPLD_OSKinetis_V3\project\NXP_(golden_cyprinoid)
#        1.9\iar\FLASH\Obj\assert.o"
#        "E:\飞思卡尔\新工程\LPLD_OSKinetis_V3\project\NXP_(golden_cyprinoid)
#        1.9\iar\FLASH\Obj\bz_led.o"
#        "E:\飞思卡尔\新工程\LPLD_OSKinetis_V3\project\NXP_(golden_cyprinoid)
#        1.9\iar\FLASH\Obj\control.o"
#        "E:\飞思卡尔\新工程\LPLD_OSKinetis_V3\project\NXP_(golden_cyprinoid)
#        1.9\iar\FLASH\Obj\debug.o"
#        "E:\飞思卡尔\新工程\LPLD_OSKinetis_V3\project\NXP_(golden_cyprinoid)
#        1.9\iar\FLASH\Obj\del_sensor.o"
#        "E:\飞思卡尔\新工程\LPLD_OSKinetis_V3\project\NXP_(golden_cyprinoid)
#        1.9\iar\FLASH\Obj\DEV_LCD.o"
#        "E:\飞思卡尔\新工程\LPLD_OSKinetis_V3\project\NXP_(golden_cyprinoid)
#        1.9\iar\FLASH\Obj\dirctl.o"
#        "E:\飞思卡尔\新工程\LPLD_OSKinetis_V3\project\NXP_(golden_cyprinoid)
#        1.9\iar\FLASH\Obj\freecars.o"
#        "E:\飞思卡尔\新工程\LPLD_OSKinetis_V3\project\NXP_(golden_cyprinoid)
#        1.9\iar\FLASH\Obj\FTM.o"
#        "E:\飞思卡尔\新工程\LPLD_OSKinetis_V3\project\NXP_(golden_cyprinoid)
#        1.9\iar\FLASH\Obj\GUI.o"
#        "E:\飞思卡尔\新工程\LPLD_OSKinetis_V3\project\NXP_(golden_cyprinoid)
#        1.9\iar\FLASH\Obj\HW_ADC.o"
#        "E:\飞思卡尔\新工程\LPLD_OSKinetis_V3\project\NXP_(golden_cyprinoid)
#        1.9\iar\FLASH\Obj\HW_CAN.o"
#        "E:\飞思卡尔\新工程\LPLD_OSKinetis_V3\project\NXP_(golden_cyprinoid)
#        1.9\iar\FLASH\Obj\HW_DAC.o"
#        "E:\飞思卡尔\新工程\LPLD_OSKinetis_V3\project\NXP_(golden_cyprinoid)
#        1.9\iar\FLASH\Obj\HW_DMA.o"
#        "E:\飞思卡尔\新工程\LPLD_OSKinetis_V3\project\NXP_(golden_cyprinoid)
#        1.9\iar\FLASH\Obj\HW_ENET.o"
#        "E:\飞思卡尔\新工程\LPLD_OSKinetis_V3\project\NXP_(golden_cyprinoid)
#        1.9\iar\FLASH\Obj\HW_FLASH.o"
#        "E:\飞思卡尔\新工程\LPLD_OSKinetis_V3\project\NXP_(golden_cyprinoid)
#        1.9\iar\FLASH\Obj\HW_FLEXBUS.o"
#        "E:\飞思卡尔\新工程\LPLD_OSKinetis_V3\project\NXP_(golden_cyprinoid)
#        1.9\iar\FLASH\Obj\HW_FTM.o"
#        "E:\飞思卡尔\新工程\LPLD_OSKinetis_V3\project\NXP_(golden_cyprinoid)
#        1.9\iar\FLASH\Obj\HW_GPIO.o"
#        "E:\飞思卡尔\新工程\LPLD_OSKinetis_V3\project\NXP_(golden_cyprinoid)
#        1.9\iar\FLASH\Obj\HW_I2C.o"
#        "E:\飞思卡尔\新工程\LPLD_OSKinetis_V3\project\NXP_(golden_cyprinoid)
#        1.9\iar\FLASH\Obj\HW_LPTMR.o"
#        "E:\飞思卡尔\新工程\LPLD_OSKinetis_V3\project\NXP_(golden_cyprinoid)
#        1.9\iar\FLASH\Obj\HW_MCG.o"
#        "E:\飞思卡尔\新工程\LPLD_OSKinetis_V3\project\NXP_(golden_cyprinoid)
#        1.9\iar\FLASH\Obj\HW_NVIC.o"
#        "E:\飞思卡尔\新工程\LPLD_OSKinetis_V3\project\NXP_(golden_cyprinoid)
#        1.9\iar\FLASH\Obj\HW_PDB.o"
#        "E:\飞思卡尔\新工程\LPLD_OSKinetis_V3\project\NXP_(golden_cyprinoid)
#        1.9\iar\FLASH\Obj\HW_PIT.o"
#        "E:\飞思卡尔\新工程\LPLD_OSKinetis_V3\project\NXP_(golden_cyprinoid)
#        1.9\iar\FLASH\Obj\HW_RTC.o"
#        "E:\飞思卡尔\新工程\LPLD_OSKinetis_V3\project\NXP_(golden_cyprinoid)
#        1.9\iar\FLASH\Obj\HW_SDHC.o"
#        "E:\飞思卡尔\新工程\LPLD_OSKinetis_V3\project\NXP_(golden_cyprinoid)
#        1.9\iar\FLASH\Obj\HW_SPI.o"
#        "E:\飞思卡尔\新工程\LPLD_OSKinetis_V3\project\NXP_(golden_cyprinoid)
#        1.9\iar\FLASH\Obj\HW_SYSTICK.o"
#        "E:\飞思卡尔\新工程\LPLD_OSKinetis_V3\project\NXP_(golden_cyprinoid)
#        1.9\iar\FLASH\Obj\HW_TSI.o"
#        "E:\飞思卡尔\新工程\LPLD_OSKinetis_V3\project\NXP_(golden_cyprinoid)
#        1.9\iar\FLASH\Obj\HW_UART.o"
#        "E:\飞思卡尔\新工程\LPLD_OSKinetis_V3\project\NXP_(golden_cyprinoid)
#        1.9\iar\FLASH\Obj\HW_USB.o"
#        "E:\飞思卡尔\新工程\LPLD_OSKinetis_V3\project\NXP_(golden_cyprinoid)
#        1.9\iar\FLASH\Obj\HW_WDOG.o"
#        "E:\飞思卡尔\新工程\LPLD_OSKinetis_V3\project\NXP_(golden_cyprinoid)
#        1.9\iar\FLASH\Obj\i2c.o"
#        "E:\飞思卡尔\新工程\LPLD_OSKinetis_V3\project\NXP_(golden_cyprinoid)
#        1.9\iar\FLASH\Obj\io.o"
#        "E:\飞思卡尔\新工程\LPLD_OSKinetis_V3\project\NXP_(golden_cyprinoid)
#        1.9\iar\FLASH\Obj\key.o"
#        "E:\飞思卡尔\新工程\LPLD_OSKinetis_V3\project\NXP_(golden_cyprinoid)
#        1.9\iar\FLASH\Obj\LDC1614.o"
#        "E:\飞思卡尔\新工程\LPLD_OSKinetis_V3\project\NXP_(golden_cyprinoid)
#        1.9\iar\FLASH\Obj\main.o"
#        "E:\飞思卡尔\新工程\LPLD_OSKinetis_V3\project\NXP_(golden_cyprinoid)
#        1.9\iar\FLASH\Obj\motto.o"
#        "E:\飞思卡尔\新工程\LPLD_OSKinetis_V3\project\NXP_(golden_cyprinoid)
#        1.9\iar\FLASH\Obj\nvic.o"
#        "E:\飞思卡尔\新工程\LPLD_OSKinetis_V3\project\NXP_(golden_cyprinoid)
#        1.9\iar\FLASH\Obj\OLED.o"
#        "E:\飞思卡尔\新工程\LPLD_OSKinetis_V3\project\NXP_(golden_cyprinoid)
#        1.9\iar\FLASH\Obj\PIT.o"
#        "E:\飞思卡尔\新工程\LPLD_OSKinetis_V3\project\NXP_(golden_cyprinoid)
#        1.9\iar\FLASH\Obj\printf.o"
#        "E:\飞思卡尔\新工程\LPLD_OSKinetis_V3\project\NXP_(golden_cyprinoid)
#        1.9\iar\FLASH\Obj\queue.o"
#        "E:\飞思卡尔\新工程\LPLD_OSKinetis_V3\project\NXP_(golden_cyprinoid)
#        1.9\iar\FLASH\Obj\relocate.o"
#        "E:\飞思卡尔\新工程\LPLD_OSKinetis_V3\project\NXP_(golden_cyprinoid)
#        1.9\iar\FLASH\Obj\star.o"
#        "E:\飞思卡尔\新工程\LPLD_OSKinetis_V3\project\NXP_(golden_cyprinoid)
#        1.9\iar\FLASH\Obj\startup_K60.o"
#        "E:\飞思卡尔\新工程\LPLD_OSKinetis_V3\project\NXP_(golden_cyprinoid)
#        1.9\iar\FLASH\Obj\stdlib.o"
#        "E:\飞思卡尔\新工程\LPLD_OSKinetis_V3\project\NXP_(golden_cyprinoid)
#        1.9\iar\FLASH\Obj\sysinit.o"
#        "E:\飞思卡尔\新工程\LPLD_OSKinetis_V3\project\NXP_(golden_cyprinoid)
#        1.9\iar\FLASH\Obj\system_MK60DZ10.o"
#        "E:\飞思卡尔\新工程\LPLD_OSKinetis_V3\project\NXP_(golden_cyprinoid)
#        1.9\iar\FLASH\Obj\UART.o"
#        "E:\飞思卡尔\新工程\LPLD_OSKinetis_V3\project\NXP_(golden_cyprinoid)
#        1.9\iar\FLASH\Obj\uif.o" --redirect _Printf=_PrintfFull --redirect
#        _Scanf=_ScanfFull -o
#        "E:\飞思卡尔\新工程\LPLD_OSKinetis_V3\project\NXP_(golden_cyprinoid)
#        1.9\iar\FLASH\Exe\NXP_(golden_cyprinoid)_K60.out" --map
#        "E:\飞思卡尔\新工程\LPLD_OSKinetis_V3\project\NXP_(golden_cyprinoid)
#        1.9\iar\FLASH\List\NXP_(golden_cyprinoid)_K60.map" --config
#        E:\飞思卡尔\新工程\LPLD_OSKinetis_V3\lib\iar_config_files\512KB_Pflash.icf
#        --semihosting --entry __iar_program_start
#        D:\IAR\arm\CMSIS\Lib\IAR\iar_cortexM4l_math.a
#        --merge_duplicate_sections --vfe
#
###############################################################################

*******************************************************************************
*** RUNTIME MODEL ATTRIBUTES
***

CppFlavor       = *
__SystemLibrary = DLib


*******************************************************************************
*** PLACEMENT SUMMARY
***

"A1":  place at 0x00000000 { ro section .intvec };
"A2":  place at 0x00000410 { ro section .noinit };
"P1":  place in [from 0x00000000 to 0x00080000] { ro, block CodeRelocate };
"P2":  place in [from 0x1fff0410 to 0x20010000] {
          rw, block CodeRelocateRam, block CSTACK, block HEAP };

  Section              Kind        Address    Size  Object
  -------              ----        -------    ----  ------
"A1":                                        0x400
  .intvec              ro code  0x00000000   0x400  startup_K60.o [1]
                              - 0x00000400   0x400

"P1", part 1 of 2:                             0x0
  .rodata              const    0x00000400     0x0  zero_init3.o [5]

"A2":                                         0x14
  .noinit              ro code  0x00000410    0x10  startup_K60.o [1]
  .noinit              ro code  0x00000420     0x4  startup_K60.o [1]
                              - 0x00000424    0x14

"P1", part 2 of 2:                          0x8774
  .text                ro code  0x00000424   0xcf4  del_sensor.o [1]
  .text                ro code  0x00001118    0x6c  HW_LPTMR.o [1]
  .text                ro code  0x00001184   0x194  LDC1614.o [1]
  .text                ro code  0x00001318   0x240  HW_GPIO.o [1]
  .text                ro code  0x00001558    0x2c  I32ToDbl.o [4]
  .text                ro code  0x00001584   0x1a2  DblMul.o [4]
  .text                ro code  0x00001726    0x22  zero_init3.o [5]
  .text                ro code  0x00001748    0x2e  DblCmpLe.o [4]
  .text                ro code  0x00001778   0x246  DblDiv.o [4]
  .text                ro code  0x000019c0    0x4c  DblToI32.o [4]
  .text                ro code  0x00001a0c   0x3d4  freecars.o [1]
  .text                ro code  0x00001de0    0xe8  DblAdd.o [4]
  .text                ro code  0x00001ec8   0x180  DblSub.o [4]
  .text                ro code  0x00002048   0x2a4  i2c.o [1]
  .text                ro code  0x000022ec    0x18  assert.o [1]
  .text                ro code  0x00002304   0x640  HW_UART.o [1]
  .text                ro code  0x00002944    0x90  DblToFlt.o [4]
  .text                ro code  0x000029d4   0x418  bz_led.o [1]
  .text                ro code  0x00002dec    0xa0  debug.o [1]
  .text                ro code  0x00002e8c    0x78  HW_SYSTICK.o [1]
  .text                ro code  0x00002f04    0x56  ABImemcpy_unaligned.o [5]
  .text                ro code  0x00002f5c   0x568  printf.o [1]
  .text                ro code  0x000034c4   0x1c0  HW_PIT.o [1]
  .text                ro code  0x00003684   0x9f4  HW_FTM.o [1]
  .text                ro code  0x00004078    0x22  stdlib.o [1]
  .text                ro code  0x0000409c   0xa90  GUI.o [1]
  .text                ro code  0x00004b2c   0x294  key.o [1]
  .text                ro code  0x00004dc0    0x4e  FltToDbl.o [4]
  .text                ro code  0x00004e10    0x74  PIT.o [1]
  .text                ro code  0x00004e84    0xc8  nvic.o [1]
  .text                ro code  0x00004f4c   0x9f4  OLED.o [1]
  .text                ro code  0x00005940   0x1e0  HW_FLASH.o [1]
  .text                ro code  0x00005b20   0x1d8  HW_NVIC.o [1]
  .text                ro code  0x00005cf8    0x2e  DblCmpGe.o [4]
  .rodata              const    0x00005d28   0x5f0  OLED.o [1]
  .text                ro code  0x00006318   0x3a4  motto.o [1]
  .text                ro code  0x000066bc    0x24  FltCmpGe.o [4]
  .text                ro code  0x000066e0    0x24  FltCmpLe.o [4]
  .text                ro code  0x00006704    0x24  FltToU32.o [4]
  .text                ro code  0x00006728    0x44  FltToS32.o [4]
  .text                ro code  0x0000676c    0x2e  I32ToFlt.o [4]
  .text                ro code  0x0000679c   0x27e  dirctl.o [1]
  .text                ro code  0x00006a1c    0xe6  FltSub.o [4]
  .text                ro code  0x00006b04    0xd8  FltMul.o [4]
  .text                ro code  0x00006bdc    0x84  FltAdd.o [4]
  .text                ro code  0x00006c60   0x314  control.o [1]
  .text                ro code  0x00006f74   0x310  star.o [1]
  .rodata              const    0x00007284   0x228  OLED.o [1]
  .text                ro code  0x000074ac   0x218  HW_SPI.o [1]
  Veneer               ro code  0x000076c4     0x8  - Linker created -
  .text                ro code  0x000076cc   0x1fc  HW_MCG.o [1]
  .text                ro code  0x000078c8   0x1fa  HW_CAN.o [1]
  .text                ro code  0x00007ac4   0x1a0  system_MK60DZ10.o [1]
  .text                ro code  0x00007c64    0xc0  relocate.o [1]
  .rodata              const    0x00007d24   0x16c  OLED.o [1]
  .text                ro code  0x00007e90   0x168  HW_DMA.o [1]
  .text                ro code  0x00007ff8   0x104  FTM.o [1]
  .text                ro code  0x000080fc    0xf4  HW_DAC.o [1]
  .data_init                    0x000081f0    0xec  <Block>
    Initializer bytes  ro data  0x000081f0    0xec  <for .data-1> (used: 0xe8)
  .text                ro code  0x000082dc    0xcc  main.o [1]
  .text                ro code  0x000083a8    0x68  sysinit.o [1]
  .text                ro code  0x00008410    0x5c  UART.o [1]
  .text                ro code  0x0000846c    0xc8  HW_I2C.o [1]
  .text                ro code  0x00008534    0x80  HW_ENET.o [1]
  .text                ro code  0x000085b4    0x80  HW_PDB.o [1]
  .text                ro code  0x00008634    0x6c  HW_TSI.o [1]
  .text                ro code  0x000086a0    0x60  HW_RTC.o [1]
  CodeRelocate                  0x00008700    0x50  <Block>
    Initializer bytes  ro data  0x00008700    0x50  <for CodeRelocateRam-1>
  .rodata              const    0x00008750    0x48  system_MK60DZ10.o [1]
  .rodata              const    0x00008798    0x44  system_MK60DZ10.o [1]
  .rodata              const    0x000087dc    0x44  system_MK60DZ10.o [1]
  .rodata              const    0x00008820    0x3c  HW_FTM.o [1]
  .rodata              const    0x0000885c    0x3c  HW_GPIO.o [1]
  .rodata              const    0x00008898    0x3c  HW_NVIC.o [1]
  .rodata              const    0x000088d4    0x3c  HW_PIT.o [1]
  .rodata              const    0x00008910    0x30  assert.o [1]
  .rodata              const    0x00008940    0x30  system_MK60DZ10.o [1]
  .rodata              const    0x00008970    0x30  system_MK60DZ10.o [1]
  .text                ro code  0x000089a0    0x28  data_init.o [5]
  .rodata              const    0x000089c8    0x24  system_MK60DZ10.o [1]
  .rodata              const    0x000089ec    0x24  system_MK60DZ10.o [1]
  .iar.init_table      const    0x00008a10    0x10  - Linker created -
  .rodata              const    0x00008a20    0x20  system_MK60DZ10.o [1]
  .rodata              const    0x00008a40    0x1c  OLED.o [1]
  .text                ro code  0x00008a5c    0x1c  HW_ADC.o [1]
  .text                ro code  0x00008a78    0x1a  cmain.o [5]
  .text                ro code  0x00008a92     0x4  low_level_init.o [3]
  .text                ro code  0x00008a96     0x4  exit.o [3]
  .text                ro code  0x00008a9c     0xa  cexit.o [5]
  .text                ro code  0x00008aa8    0x14  exit.o [6]
  .text                ro code  0x00008abc    0x14  io.o [1]
  .rodata              const    0x00008ad0    0x10  GUI.o [1]
  .rodata              const    0x00008ae0    0x10  GUI.o [1]
  .rodata              const    0x00008af0    0x10  GUI.o [1]
  .text                ro code  0x00008b00    0x10  HW_USB.o [1]
  .rodata              const    0x00008b10     0xc  GUI.o [1]
  .rodata              const    0x00008b1c     0xc  GUI.o [1]
  .rodata              const    0x00008b28     0xc  GUI.o [1]
  .rodata              const    0x00008b34     0xc  GUI.o [1]
  .rodata              const    0x00008b40     0xc  GUI.o [1]
  .text                ro code  0x00008b4c     0xc  cstartup_M.o [5]
  .rodata              const    0x00008b58     0x8  GUI.o [1]
  .rodata              const    0x00008b60     0x8  GUI.o [1]
  .rodata              const    0x00008b68     0x8  GUI.o [1]
  .rodata              const    0x00008b70     0x8  GUI.o [1]
  .rodata              const    0x00008b78     0x8  GUI.o [1]
  .rodata              const    0x00008b80     0x8  GUI.o [1]
  .rodata              const    0x00008b88     0x8  OLED.o [1]
  .rodata              const    0x00008b90     0x8  system_MK60DZ10.o [1]
                              - 0x00008b98  0x8774

"P2":                                       0x16c8
  .data                         0x1fff0410    0xe8  <Block>
    .data-1                     0x1fff0410    0xe8  <Init block>
      .data            inited   0x1fff0410     0x1  bz_led.o [1]
      .data            inited   0x1fff0411     0x1  control.o [1]
      .data            inited   0x1fff0412     0x1  control.o [1]
      .data            inited   0x1fff0413     0x1  control.o [1]
      .data            inited   0x1fff0414     0x1  debug.o [1]
      .data            inited   0x1fff0415     0x1  debug.o [1]
      .data            inited   0x1fff0416     0x1  freecars.o [1]
      .data            inited   0x1fff0418    0x10  GUI.o [1]
      .data            inited   0x1fff0428     0x8  GUI.o [1]
      .data            inited   0x1fff0430    0xb0  GUI.o [1]
      .data            inited   0x1fff04e0     0x4  HW_MCG.o [1]
      .data            inited   0x1fff04e4     0x4  HW_MCG.o [1]
      .data            inited   0x1fff04e8     0x4  HW_MCG.o [1]
      .data            inited   0x1fff04ec     0x4  HW_MCG.o [1]
      .data            inited   0x1fff04f0     0x1  motto.o [1]
      .data            inited   0x1fff04f4     0x4  system_MK60DZ10.o [1]
  CodeRelocateRam               0x1fff04f8    0x50  <Block>
    CodeRelocateRam-1           0x1fff04f8    0x50  <Init block>
      .textrw          inited   0x1fff04f8    0x50  HW_MCG.o [1]
  .bss                          0x1fff0548   0x58c  <Block>
    .bss               zero     0x1fff0548    0x48  freecars.o [1]
    .bss               zero     0x1fff0590    0xc8  control.o [1]
    .bss               zero     0x1fff0658    0x14  debug.o [1]
    .bss               zero     0x1fff066c     0xc  del_sensor.o [1]
    .bss               zero     0x1fff0678    0x64  del_sensor.o [1]
    .bss               zero     0x1fff06dc    0x24  freecars.o [1]
    .bss               zero     0x1fff0700    0x6c  freecars.o [1]
    .bss               zero     0x1fff076c    0x1c  FTM.o [1]
    .bss               zero     0x1fff0788    0x1c  FTM.o [1]
    .bss               zero     0x1fff07a4     0x8  GUI.o [1]
    .bss               zero     0x1fff07ac     0x8  HW_ADC.o [1]
    .bss               zero     0x1fff07b4   0x100  HW_CAN.o [1]
    .bss               zero     0x1fff08b4    0x40  HW_CAN.o [1]
    .bss               zero     0x1fff08f4    0x40  HW_CAN.o [1]
    .bss               zero     0x1fff0934     0x8  HW_DAC.o [1]
    .bss               zero     0x1fff093c     0x8  HW_DAC.o [1]
    .bss               zero     0x1fff0944     0x8  HW_DAC.o [1]
    .bss               zero     0x1fff094c    0x40  HW_DMA.o [1]
    .bss               zero     0x1fff098c    0x10  HW_ENET.o [1]
    .bss               zero     0x1fff099c     0xc  HW_FTM.o [1]
    .bss               zero     0x1fff09a8    0x14  HW_GPIO.o [1]
    .bss               zero     0x1fff09bc     0x8  HW_I2C.o [1]
    .bss               zero     0x1fff09c4     0x4  HW_LPTMR.o [1]
    .bss               zero     0x1fff09c8     0x4  HW_PDB.o [1]
    .bss               zero     0x1fff09cc     0x4  HW_PDB.o [1]
    .bss               zero     0x1fff09d0    0x10  HW_PIT.o [1]
    .bss               zero     0x1fff09e0     0xc  HW_RTC.o [1]
    .bss               zero     0x1fff09ec    0x18  HW_SPI.o [1]
    .bss               zero     0x1fff0a04    0x18  HW_SPI.o [1]
    .bss               zero     0x1fff0a1c    0x18  HW_SPI.o [1]
    .bss               zero     0x1fff0a34     0x4  HW_SYSTICK.o [1]
    .bss               zero     0x1fff0a38     0x8  HW_TSI.o [1]
    .bss               zero     0x1fff0a40    0x18  HW_UART.o [1]
    .bss               zero     0x1fff0a58    0x18  HW_UART.o [1]
    .bss               zero     0x1fff0a70     0x4  HW_USB.o [1]
    .bss               zero     0x1fff0a74    0x10  LDC1614.o [1]
    .bss               zero     0x1fff0a84     0x4  LDC1614.o [1]
    .bss               zero     0x1fff0a88    0x14  nvic.o [1]
    .bss               zero     0x1fff0a9c    0x14  PIT.o [1]
    .bss               zero     0x1fff0ab0    0x14  UART.o [1]
    .bss               zero     0x1fff0ac4     0x2  bz_led.o [1]
    .bss               zero     0x1fff0ac6     0x2  main.o [1]
    .bss               zero     0x1fff0ac8     0x2  main.o [1]
    .bss               zero     0x1fff0aca     0x1  control.o [1]
    .bss               zero     0x1fff0acb     0x1  control.o [1]
    .bss               zero     0x1fff0acc     0x1  control.o [1]
    .bss               zero     0x1fff0acd     0x1  debug.o [1]
    .bss               zero     0x1fff0ace     0x1  del_sensor.o [1]
    .bss               zero     0x1fff0acf     0x1  GUI.o [1]
    .bss               zero     0x1fff0ad0     0x1  key.o [1]
    .bss               zero     0x1fff0ad1     0x1  main.o [1]
    .bss               zero     0x1fff0ad2     0x1  motto.o [1]
    .bss               zero     0x1fff0ad3     0x1  motto.o [1]
  CSTACK                        0x1fff0ad8  0x1000  <Block>
    CSTACK             uninit   0x1fff0ad8  0x1000  <Block tail>
                              - 0x1fff1ad8  0x16c8


*******************************************************************************
*** INIT TABLE
***

          Address     Size
          -------     ----
Zero (__iar_zero_init3)
    1 destination range, total size 0x58c:
          0x1fff0548  0x58c



*******************************************************************************
*** MODULE SUMMARY
***

    Module                 ro code  rw code  ro data  rw data
    ------                 -------  -------  -------  -------
E:\飞思卡尔\新工程\LPLD_OSKinetis_V3\project\NXP_(golden_cyprinoid) 1.9\iar\FLASH\Obj: [1]
    FTM.o                      260                         56
    GUI.o                    2 704               357      209
    HW_ADC.o                    28                          8
    HW_CAN.o                   506                        384
    HW_DAC.o                   244                         24
    HW_DMA.o                   360                         64
    HW_ENET.o                  128                         16
    HW_FLASH.o                 480
    HW_FTM.o                 2 548                60       12
    HW_GPIO.o                  576                60       20
    HW_I2C.o                   200                          8
    HW_LPTMR.o                 108                          4
    HW_MCG.o                   508       80       96       16
    HW_NVIC.o                  472                60
    HW_PDB.o                   128                          8
    HW_PIT.o                   448                60       16
    HW_RTC.o                    96                         12
    HW_SPI.o                   536                         72
    HW_SYSTICK.o               120                          4
    HW_TSI.o                   108                          8
    HW_UART.o                1 600                         48
    HW_USB.o                    16                          4
    LDC1614.o                  404                         20
    OLED.o                   2 548             2 472
    PIT.o                      116                         20
    UART.o                      92                         20
    assert.o                    24                48
    bz_led.o                 1 048                 1        3
    control.o                  788                 3      206
    debug.o                    160                 2       23
    del_sensor.o             3 316                        113
    dirctl.o                   638
    freecars.o                 980                 1      217
    i2c.o                      676
    io.o                        20
    key.o                      660                          1
    main.o                     204                          5
    motto.o                    932                 1        3
    nvic.o                     200                         20
    printf.o                 1 384
    relocate.o                 192
    star.o                     784
    startup_K60.o            1 044
    stdlib.o                    34
    sysinit.o                  104
    system_MK60DZ10.o          416               423        4
    ---------------------------------------------------------
    Total:                  28 938       80    3 644    1 648

command line: [2]
    ---------------------------------------------------------
    Total:

dl7M_tln.a: [3]
    exit.o                       4
    low_level_init.o             4
    ---------------------------------------------------------
    Total:                       8

m7M_tl.a: [4]
    DblAdd.o                   232
    DblCmpGe.o                  46
    DblCmpLe.o                  46
    DblDiv.o                   582
    DblMul.o                   418
    DblSub.o                   384
    DblToFlt.o                 144
    DblToI32.o                  76
    FltAdd.o                   132
    FltCmpGe.o                  36
    FltCmpLe.o                  36
    FltMul.o                   216
    FltSub.o                   230
    FltToDbl.o                  78
    FltToS32.o                  68
    FltToU32.o                  36
    I32ToDbl.o                  44
    I32ToFlt.o                  46
    ---------------------------------------------------------
    Total:                   2 850

rt7M_tl.a: [5]
    ABImemcpy_unaligned.o       86
    cexit.o                     10
    cmain.o                     26
    cstartup_M.o                12
    data_init.o                 40
    zero_init3.o                34
    ---------------------------------------------------------
    Total:                     208

shb_l.a: [6]
    exit.o                      20
    ---------------------------------------------------------
    Total:                      20

    Gaps                        22                 2        4
    Linker created               8                20    4 096
-------------------------------------------------------------
    Grand Total:            32 054       80    3 666    5 748


*******************************************************************************
*** ENTRY LIST
***

Entry                      Address   Size  Type      Object
-----                      -------   ----  ----      ------
.bss$$Base              0x1fff0548          --   Gb  - Linker created -
.bss$$Limit             0x1fff0ad4          --   Gb  - Linker created -
.data$$Base             0x1fff0410          --   Gb  - Linker created -
.data$$Limit            0x1fff04f8          --   Gb  - Linker created -
.data_init$$Base        0x000081f0          --   Gb  - Linker created -
.data_init$$Limit       0x000082dc          --   Gb  - Linker created -
?main                   0x00008a79         Code  Gb  cmain.o [5]
ADC0_IRQHandler         0x00008a5d    0xa  Code  Gb  HW_ADC.o [1]
ADC1_IRQHandler         0x00008a67    0xa  Code  Gb  HW_ADC.o [1]
ADC_ISR                 0x1fff07ac    0x8  Data  Gb  HW_ADC.o [1]
AIM_Buff                0x1fff0418   0x10  Data  Gb  GUI.o [1]
ASSERT_FAILED_STR       0x00008910   0x30  Data  Gb  assert.o [1]
CAN0_BUS_OFF_IRQHandler
                        0x00007a39    0x8  Code  Gb  HW_CAN.o [1]
CAN0_ERR_IRQHandler     0x00007a41   0x10  Code  Gb  HW_CAN.o [1]
CAN0_IMEU_IRQHandler    0x00007a67    0x2  Code  Gb  HW_CAN.o [1]
CAN0_ISR                0x1fff08b4   0x40  Data  Gb  HW_CAN.o [1]
CAN0_LR_IRQHandler      0x00007a69    0x2  Code  Gb  HW_CAN.o [1]
CAN0_MESS_IRQHandler    0x00007a31    0x8  Code  Gb  HW_CAN.o [1]
CAN0_RW_IRQHandler      0x00007a5b    0xa  Code  Gb  HW_CAN.o [1]
CAN0_TW_IRQHandler      0x00007a51    0xa  Code  Gb  HW_CAN.o [1]
CAN0_WAKE_UP_IRQHandler
                        0x00007a65    0x2  Code  Gb  HW_CAN.o [1]
CAN1_BUS_OFF_IRQHandler
                        0x00007a73    0x8  Code  Gb  HW_CAN.o [1]
CAN1_ERR_IRQHandler     0x00007a7b   0x10  Code  Gb  HW_CAN.o [1]
CAN1_IMEU_IRQHandler    0x00007abf    0x2  Code  Gb  HW_CAN.o [1]
CAN1_ISR                0x1fff08f4   0x40  Data  Gb  HW_CAN.o [1]
CAN1_LR_IRQHandler      0x00007ac1    0x2  Code  Gb  HW_CAN.o [1]
CAN1_MESS_IRQHandler    0x00007a6b    0x8  Code  Gb  HW_CAN.o [1]
CAN1_RW_IRQHandler      0x00007a95    0xa  Code  Gb  HW_CAN.o [1]
CAN1_TW_IRQHandler      0x00007a8b    0xa  Code  Gb  HW_CAN.o [1]
CAN1_WAKE_UP_IRQHandler
                        0x00007abd    0x2  Code  Gb  HW_CAN.o [1]
CSTACK$$Base            0x1fff0ad8          --   Gb  - Linker created -
CSTACK$$Limit           0x1fff1ad8          --   Gb  - Linker created -
CTL_SEN_init            0x00006c61   0xa0  Code  Gb  control.o [1]
CTL_isr                 0x00006d01  0x208  Code  Gb  control.o [1]
CodeRelocate$$Base      0x00008700          --   Gb  - Linker created -
CodeRelocate$$Limit     0x00008750          --   Gb  - Linker created -
CodeRelocateRam$$Base   0x1fff04f8          --   Gb  - Linker created -
CodeRelocateRam$$Limit  0x1fff0548          --   Gb  - Linker created -
DAC0_IRQHandler         0x000080fd   0x6a  Code  Gb  HW_DAC.o [1]
DAC1_IRQHandler         0x00008167   0x6a  Code  Gb  HW_DAC.o [1]
DAC_RDPTBOT_ISR         0x1fff0934    0x8  Data  Gb  HW_DAC.o [1]
DAC_RDPTTOP_ISR         0x1fff093c    0x8  Data  Gb  HW_DAC.o [1]
DAC_WATERMK_ISR         0x1fff0944    0x8  Data  Gb  HW_DAC.o [1]
DMA0_IRQHandler         0x00007e91   0x16  Code  Gb  HW_DMA.o [1]
DMA10_IRQHandler        0x00007f6d   0x16  Code  Gb  HW_DMA.o [1]
DMA11_IRQHandler        0x00007f83   0x16  Code  Gb  HW_DMA.o [1]
DMA12_IRQHandler        0x00007f99   0x16  Code  Gb  HW_DMA.o [1]
DMA13_IRQHandler        0x00007faf   0x16  Code  Gb  HW_DMA.o [1]
DMA14_IRQHandler        0x00007fc5   0x16  Code  Gb  HW_DMA.o [1]
DMA15_IRQHandler        0x00007fdb   0x16  Code  Gb  HW_DMA.o [1]
DMA1_IRQHandler         0x00007ea7   0x16  Code  Gb  HW_DMA.o [1]
DMA2_IRQHandler         0x00007ebd   0x16  Code  Gb  HW_DMA.o [1]
DMA3_IRQHandler         0x00007ed3   0x16  Code  Gb  HW_DMA.o [1]
DMA4_IRQHandler         0x00007ee9   0x16  Code  Gb  HW_DMA.o [1]
DMA5_IRQHandler         0x00007eff   0x16  Code  Gb  HW_DMA.o [1]
DMA6_IRQHandler         0x00007f15   0x16  Code  Gb  HW_DMA.o [1]
DMA7_IRQHandler         0x00007f2b   0x16  Code  Gb  HW_DMA.o [1]
DMA8_IRQHandler         0x00007f41   0x16  Code  Gb  HW_DMA.o [1]
DMA9_IRQHandler         0x00007f57   0x16  Code  Gb  HW_DMA.o [1]
DMA_ISR                 0x1fff094c   0x40  Data  Gb  HW_DMA.o [1]
DateAnalyse             0x00000a71  0x5fe  Code  Gb  del_sensor.o [1]
DefaultISR              0x00007beb   0x14  Code  Gb  system_MK60DZ10.o [1]
Dir_Buff                0x1fff0430   0xb0  Data  Gb  GUI.o [1]
ENET_ISR                0x1fff098c   0x10  Data  Gb  HW_ENET.o [1]
Eth_Err_Misc_IRQHandler
                        0x00008597   0x16  Code  Gb  HW_ENET.o [1]
Eth_IEEE1588_IRQHandler
                        0x00008581   0x16  Code  Gb  HW_ENET.o [1]
Eth_RX_IRQHandler       0x00008535   0x26  Code  Gb  HW_ENET.o [1]
Eth_TX_IRQHandler       0x0000855b   0x26  Code  Gb  HW_ENET.o [1]
F14x16                  0x00007d24  0x16c  Data  Gb  OLED.o [1]
F14x16_Idx              0x00008a40   0x1c  Data  Gb  OLED.o [1]
F6x8                    0x00007284  0x228  Data  Gb  OLED.o [1]
F8X16                   0x00005d28  0x5f0  Data  Gb  OLED.o [1]
FTM0_IRQHandler         0x00003fe9    0xa  Code  Gb  HW_FTM.o [1]
FTM1_IRQHandler         0x00003ff3    0xa  Code  Gb  HW_FTM.o [1]
FTM2_IRQHandler         0x00003ffd    0xa  Code  Gb  HW_FTM.o [1]
FTM_ISR                 0x1fff099c    0xc  Data  Gb  HW_FTM.o [1]
FreeCarsDataNum         0x1fff0416    0x1  Data  Gb  freecars.o [1]
GPIO_ISR                0x1fff09a8   0x14  Data  Gb  HW_GPIO.o [1]
GUI                     0x1fff07a4    0x8  Data  Gb  GUI.o [1]
GUI_update              0x000045fb   0x40  Code  Gb  GUI.o [1]
GUI_work                0x0000409d  0x55e  Code  Gb  GUI.o [1]
HardFault_Handler       0x00007be1    0xa  Code  Gb  system_MK60DZ10.o [1]
I2C0_IRQHandler         0x0000846d   0x5a  Code  Gb  HW_I2C.o [1]
I2C1_IRQHandler         0x000084c7   0x5a  Code  Gb  HW_I2C.o [1]
I2CSendByte             0x000021b9   0x42  Code  Gb  i2c.o [1]
I2C_CLK_INIT            0x00002057   0x34  Code  Gb  i2c.o [1]
I2C_DAT_IN              0x0000208b   0x34  Code  Gb  i2c.o [1]
I2C_ISR                 0x1fff09bc    0x8  Data  Gb  HW_I2C.o [1]
I2C_start               0x000020bf   0x3a  Code  Gb  i2c.o [1]
I2C_stop                0x000020f9   0x2e  Code  Gb  i2c.o [1]
I2Ccheck_ACK            0x00002127   0x3c  Code  Gb  i2c.o [1]
I2Cdelay_1us            0x00002049    0xe  Code  Gb  i2c.o [1]
I2CreceiveByte          0x000021fb   0x68  Code  Gb  i2c.o [1]
I2Cslave_ACK            0x00002163   0x2e  Code  Gb  i2c.o [1]
I2Cslave_NOACK          0x00002191   0x28  Code  Gb  i2c.o [1]
LDC1614_init            0x00001185   0xe2  Code  Gb  LDC1614.o [1]
LDC1614_read_meas       0x00001275   0x9c  Code  Gb  LDC1614.o [1]
LDC1614_start_meas      0x00001267    0xe  Code  Gb  LDC1614.o [1]
LDC_READ                0x000022a9   0x44  Code  Gb  i2c.o [1]
LDC_SEND                0x00002279   0x30  Code  Gb  i2c.o [1]
LDC_data                0x1fff0a74   0x10  Data  Gb  LDC1614.o [1]
LDC_flag                0x1fff0a84    0x4  Data  Gb  LDC1614.o [1]
LPLD_CAN_Interrupt_ClearPending
                        0x000078c9   0x26  Code  Lc  HW_CAN.o [1]
LPLD_CAN_Interrupt_GetFlag
                        0x000078ef   0x2e  Code  Lc  HW_CAN.o [1]
LPLD_CAN_MB_ISR         0x000079d5   0x5c  Code  Lc  HW_CAN.o [1]
LPLD_CAN_Receive_Interrupt
                        0x00007977   0x5e  Code  Lc  HW_CAN.o [1]
LPLD_CAN_Transmit_Interrupt
                        0x0000791d   0x5a  Code  Gb  HW_CAN.o [1]
LPLD_FTM_ClearCounter   0x00003873    0x6  Code  Gb  HW_FTM.o [1]
LPLD_FTM_DEC_Init       0x00003fe1    0x8  Code  Lc  HW_FTM.o [1]
LPLD_FTM_GetCounter     0x0000386d    0x6  Code  Gb  HW_FTM.o [1]
LPLD_FTM_IC_Init        0x00003a11   0x9e  Code  Lc  HW_FTM.o [1]
LPLD_FTM_Init           0x00003685  0x128  Code  Gb  HW_FTM.o [1]
LPLD_FTM_PWM_ChangeDuty
                        0x0000381f   0x4e  Code  Gb  HW_FTM.o [1]
LPLD_FTM_PWM_Enable     0x000037ad   0x72  Code  Gb  HW_FTM.o [1]
LPLD_FTM_PWM_Init       0x000038ad  0x164  Code  Lc  HW_FTM.o [1]
LPLD_FTM_PinInit        0x00003aaf  0x4d0  Code  Lc  HW_FTM.o [1]
LPLD_FTM_QD_Enable      0x00003879   0x34  Code  Gb  HW_FTM.o [1]
LPLD_FTM_QD_Init        0x00003fa5   0x3c  Code  Lc  HW_FTM.o [1]
LPLD_Flash_Init         0x00005941   0x5a  Code  Gb  HW_FLASH.o [1]
LPLD_Flash_SectorErase  0x0000599b   0x94  Code  Gb  HW_FLASH.o [1]
LPLD_GPIO_EnableIrq     0x00001433   0x5a  Code  Gb  HW_GPIO.o [1]
LPLD_GPIO_Init          0x0000132d  0x106  Code  Gb  HW_GPIO.o [1]
LPLD_GPIO_Input_b       0x000014a5    0xc  Code  Gb  HW_GPIO.o [1]
LPLD_GPIO_Output_b      0x0000148d   0x18  Code  Gb  HW_GPIO.o [1]
LPLD_LPTMR_DelayMs      0x00001119   0x40  Code  Gb  HW_LPTMR.o [1]
LPLD_NVIC_Init          0x00005bcb  0x112  Code  Gb  HW_NVIC.o [1]
LPLD_PIT_Deinit         0x0000359f   0x32  Code  Gb  HW_PIT.o [1]
LPLD_PIT_EnableIrq      0x000035d1   0x26  Code  Gb  HW_PIT.o [1]
LPLD_PIT_Init           0x000034ed   0xb2  Code  Gb  HW_PIT.o [1]
LPLD_PLL_Setup          0x000076cd  0x1fc  Code  Gb  HW_MCG.o [1]
LPLD_SYSTICK_DelayUs    0x00002e8d   0x50  Code  Gb  HW_SYSTICK.o [1]
LPLD_Set_SYS_DIV        0x1fff04f9   0x50  Code  Gb  HW_MCG.o [1]
LPLD_UART_EnableIrq     0x000026ed   0x68  Code  Gb  HW_UART.o [1]
LPLD_UART_GetChar       0x000026d5    0xe  Code  Gb  HW_UART.o [1]
LPLD_UART_Init          0x0000231b  0x3ba  Code  Gb  HW_UART.o [1]
LPLD_UART_PutChar       0x000026e3    0xa  Code  Gb  HW_UART.o [1]
LPTMR_ISR               0x1fff09c4    0x4  Data  Gb  HW_LPTMR.o [1]
LPT_IRQHandler          0x00001159   0x16  Code  Gb  HW_LPTMR.o [1]
MCNT_isr                0x0000834d   0x3a  Code  Gb  main.o [1]
NVIC_DisableIRQ         0x00005b53   0x14  Code  Lc  HW_NVIC.o [1]
NVIC_DisableIRQ         0x000034d9   0x14  Code  Lc  HW_PIT.o [1]
NVIC_EnableIRQ          0x00001319   0x14  Code  Lc  HW_GPIO.o [1]
NVIC_EnableIRQ          0x00005b3f   0x14  Code  Lc  HW_NVIC.o [1]
NVIC_EnableIRQ          0x000034c5   0x14  Code  Lc  HW_PIT.o [1]
NVIC_EnableIRQ          0x00002305   0x16  Code  Lc  HW_UART.o [1]
NVIC_EncodePriority     0x00005b8d   0x3e  Code  Lc  HW_NVIC.o [1]
NVIC_SetPriority        0x00005b67   0x26  Code  Lc  HW_NVIC.o [1]
NVIC_SetPriorityGrouping
                        0x00005b21   0x1e  Code  Lc  HW_NVIC.o [1]
NVIC_init               0x00004e85   0xc8  Code  Gb  nvic.o [1]
OLEDIO_init             0x00004f4d   0x3a  Code  Gb  OLED.o [1]
OLED_CLS                0x000050c5   0x3c  Code  Gb  OLED.o [1]
OLED_DLY_ms             0x00005101   0x1c  Code  Gb  OLED.o [1]
OLED_Fill               0x00005085   0x40  Code  Gb  OLED.o [1]
OLED_Init               0x0000511d   0xf4  Code  Gb  OLED.o [1]
OLED_P14x16Str          0x000053c3  0x140  Code  Gb  OLED.o [1]
OLED_P6x8Str            0x0000529d   0x7c  Code  Gb  OLED.o [1]
OLED_P8x16Char          0x00005211   0x8c  Code  Gb  OLED.o [1]
OLED_P8x16Str           0x00005319   0xaa  Code  Gb  OLED.o [1]
OLED_PrintFloat         0x00005503  0x244  Code  Gb  OLED.o [1]
OLED_PrintInt16         0x0000574d  0x1bc  Code  Gb  OLED.o [1]
OLED_Set_Pos            0x00005057   0x2e  Code  Gb  OLED.o [1]
OLED_WrCmd              0x00004ff1   0x66  Code  Gb  OLED.o [1]
OLED_WrDat              0x00004f89   0x66  Code  Gb  OLED.o [1]
OS_CPU_SysTickHandler   0x00002edd    0xa  Code  Gb  HW_SYSTICK.o [1]
PDB_IRQHandler          0x000085b5   0x6a  Code  Gb  HW_PDB.o [1]
PDB_ISR                 0x1fff09c8    0x4  Data  Gb  HW_PDB.o [1]
PDB_SE_ISR              0x1fff09cc    0x4  Data  Gb  HW_PDB.o [1]
PIT0_IRQHandler         0x000035f7   0x16  Code  Gb  HW_PIT.o [1]
PIT0_init               0x00004e11   0x34  Code  Gb  PIT.o [1]
PIT1_IRQHandler         0x0000360d   0x16  Code  Gb  HW_PIT.o [1]
PIT1_init               0x00004e45   0x34  Code  Gb  PIT.o [1]
PIT2_IRQHandler         0x00003623   0x16  Code  Gb  HW_PIT.o [1]
PIT3_IRQHandler         0x00003639   0x16  Code  Gb  HW_PIT.o [1]
PIT_ISR                 0x1fff09d0   0x10  Data  Gb  HW_PIT.o [1]
PORTA_IRQHandler        0x000014b1   0x12  Code  Gb  HW_GPIO.o [1]
PORTB_IRQHandler        0x000014c3   0x12  Code  Gb  HW_GPIO.o [1]
PORTC_IRQHandler        0x000014d5   0x12  Code  Gb  HW_GPIO.o [1]
PORTD_IRQHandler        0x000014e7   0x12  Code  Gb  HW_GPIO.o [1]
PORTE_IRQHandler        0x000014f9   0x12  Code  Gb  HW_GPIO.o [1]
PWM_init                0x00007ff9   0x6a  Code  Gb  FTM.o [1]
RTC_IRQHandler          0x000086a1   0x56  Code  Gb  HW_RTC.o [1]
RTC_ISR                 0x1fff09e0    0xc  Data  Gb  HW_RTC.o [1]
ReadFlash               0x00004a29   0x68  Code  Gb  GUI.o [1]
Region$$Table$$Base     0x00008a10          --   Gb  - Linker created -
Region$$Table$$Limit    0x00008a20          --   Gb  - Linker created -
S3010_CTL               0x0000679d  0x21a  Code  Gb  dirctl.o [1]
S3010_init              0x00008063   0x48  Code  Gb  FTM.o [1]
SPI0_IRQHandler         0x000074ad   0xaa  Code  Gb  HW_SPI.o [1]
SPI0_ISR                0x1fff09ec   0x18  Data  Gb  HW_SPI.o [1]
SPI1_IRQHandler         0x00007557   0xaa  Code  Gb  HW_SPI.o [1]
SPI1_ISR                0x1fff0a04   0x18  Data  Gb  HW_SPI.o [1]
SPI2_IRQHandler         0x00007601   0xaa  Code  Gb  HW_SPI.o [1]
SPI2_ISR                0x1fff0a1c   0x18  Data  Gb  HW_SPI.o [1]
SYSTICK_ISR             0x1fff0a34    0x4  Data  Gb  HW_SYSTICK.o [1]
SerialPortRx            0x1fff0700   0x6c  Data  Gb  freecars.o [1]
Straight_Flag           0x1fff04f0    0x1  Data  Gb  motto.o [1]
SystemCoreClock         0x1fff04f4    0x4  Data  Gb  system_MK60DZ10.o [1]
SystemCoreClockUpdate   0x00007bb9   0x28  Code  Gb  system_MK60DZ10.o [1]
SystemInit              0x00007ac5   0xf4  Code  Gb  system_MK60DZ10.o [1]
TSI_IRQHandler          0x00008635   0x5c  Code  Gb  HW_TSI.o [1]
TSI_ISR                 0x1fff0a38    0x8  Data  Gb  HW_TSI.o [1]
UART0_IRQHandler        0x00002755   0x30  Code  Gb  HW_UART.o [1]
UART1_IRQHandler        0x00002785   0x30  Code  Gb  HW_UART.o [1]
UART2_IRQHandler        0x000027b5   0x30  Code  Gb  HW_UART.o [1]
UART3_IRQHandler        0x000027e5   0x30  Code  Gb  HW_UART.o [1]
UART4_IRQHandler        0x00002815   0x30  Code  Gb  HW_UART.o [1]
UART5_IRQHandler        0x00002845   0x30  Code  Gb  HW_UART.o [1]
UART_R_ISR              0x1fff0a40   0x18  Data  Gb  HW_UART.o [1]
UART_T_ISR              0x1fff0a58   0x18  Data  Gb  HW_UART.o [1]
UART_init               0x00008411   0x5c  Code  Gb  UART.o [1]
USB_ISR                 0x1fff0a70    0x4  Data  Gb  HW_USB.o [1]
USB_OTG_IRQHandler      0x00008b01    0xa  Code  Gb  HW_USB.o [1]
UartCmd                 0x00001d49   0x78  Code  Gb  freecars.o [1]
UartData                0x1fff0548   0x48  Data  Gb  freecars.o [1]
UartDebug               0x00001cbf   0x8a  Code  Gb  freecars.o [1]
__BOOT_STACK_ADDRESS {Abs}
                        0x2000fff8          --   Gb  command line/config [2]
__VECTOR_RAM {Abs}      0x1fff0000          --   Gb  command line/config [2]
__VECTOR_TABLE {Abs}    0x00000000          --   Gb  command line/config [2]
__Vectors               0x00000000          --   Gb  startup_K60.o [1]
__Vectors_End           0x00000400         Data  Gb  startup_K60.o [1]
__Vectors_Size {Abs}    0x00000400          --   Gb  startup_K60.o [1]
__aeabi_cdcmple         0x00001749         Code  Gb  DblCmpLe.o [4]
__aeabi_cdrcmple        0x00005cf9         Code  Gb  DblCmpGe.o [4]
__aeabi_cfcmple         0x000066e1         Code  Gb  FltCmpLe.o [4]
__aeabi_cfrcmple        0x000066bd         Code  Gb  FltCmpGe.o [4]
__aeabi_d2f             0x00002945         Code  Gb  DblToFlt.o [4]
__aeabi_d2iz            0x000019c1         Code  Gb  DblToI32.o [4]
__aeabi_dadd            0x00001de1         Code  Gb  DblAdd.o [4]
__aeabi_ddiv            0x00001779         Code  Gb  DblDiv.o [4]
__aeabi_dmul            0x00001585         Code  Gb  DblMul.o [4]
__aeabi_dsub            0x00001ec9         Code  Gb  DblSub.o [4]
__aeabi_f2d             0x00004dc1         Code  Gb  FltToDbl.o [4]
__aeabi_f2iz            0x00006729         Code  Gb  FltToS32.o [4]
__aeabi_f2uiz           0x00006705         Code  Gb  FltToU32.o [4]
__aeabi_fadd            0x00006bdd         Code  Gb  FltAdd.o [4]
__aeabi_fmul            0x00006b05         Code  Gb  FltMul.o [4]
__aeabi_fsub            0x00006a1d         Code  Gb  FltSub.o [4]
__aeabi_i2d             0x00001559         Code  Gb  I32ToDbl.o [4]
__aeabi_i2f             0x0000676d         Code  Gb  I32ToFlt.o [4]
__cmain                 0x00008a79         Code  Gb  cmain.o [5]
__exit                  0x00008aa9   0x14  Code  Gb  exit.o [6]
__iar_d2uiz             0x000019ed         Code  Gb  DblToI32.o [4]
__iar_dadd              0x00001df5         Code  Gb  DblAdd.o [4]
__iar_data_init3        0x000089a1   0x28  Code  Gb  data_init.o [5]
__iar_dsub              0x00001edd         Code  Gb  DblSub.o [4]
__iar_dsubStart         0x00001eef         Code  Gb  DblSub.o [4]
__iar_fadd              0x00006bed         Code  Gb  FltAdd.o [4]
__iar_fsub              0x00006a2d         Code  Gb  FltSub.o [4]
__iar_fsubStart         0x00006a3d         Code  Gb  FltSub.o [4]
__iar_program_start     0x00008b4d         Code  Gb  cstartup_M.o [5]
__iar_ui2d              0x0000156d         Code  Gb  I32ToDbl.o [4]
__iar_ui2f              0x00006781         Code  Gb  I32ToFlt.o [4]
__iar_unaligned___aeabi_memcpy4
                        0x00002f05         Code  Gb  ABImemcpy_unaligned.o [5]
__iar_unaligned___aeabi_memcpy8
                        0x00002f05         Code  Gb  ABImemcpy_unaligned.o [5]
__iar_zero_init3        0x00001727   0x22  Code  Gb  zero_init3.o [5]
__low_level_init        0x00008a93    0x4  Code  Gb  low_level_init.o [3]
__vector_table          0x00000000         Data  Gb  startup_K60.o [1]
__vector_table_0x1c     0x0000001c         Data  Gb  startup_K60.o [1]
_call_main              0x00008a85         Code  Gb  cmain.o [5]
_exit                   0x00008a9d         Code  Gb  cexit.o [5]
_main                   0x00008a8f         Code  Gb  cmain.o [5]
abs                     0x000069f1   0x2a  Code  Gb  dirctl.o [1]
assert_failed           0x000022ed   0x18  Code  Gb  assert.o [1]
bz_cnt                  0x1fff0ac4    0x2  Data  Gb  bz_led.o [1]
bz_cross                0x00002d21   0xb4  Code  Gb  bz_led.o [1]
bz_datarec              0x00002ba9   0xb4  Code  Gb  bz_led.o [1]
bz_init                 0x000029d5   0x3a  Code  Gb  bz_led.o [1]
bz_norm                 0x00002c5d    0x2  Code  Gb  bz_led.o [1]
bz_ready                0x00002a81  0x128  Code  Gb  bz_led.o [1]
bz_set                  0x00002dd5    0xc  Code  Gb  bz_led.o [1]
bz_style                0x1fff0410    0x1  Data  Gb  bz_led.o [1]
bz_warn                 0x00002c5f   0xc2  Code  Gb  bz_led.o [1]
bzled_work              0x00002a49   0x38  Code  Gb  bz_led.o [1]
common_relocate         0x00007c65   0xc0  Code  Gb  relocate.o [1]
cross_Enable            0x1fff0413    0x1  Data  Gb  control.o [1]
ctl                     0x1fff0590   0xc8  Data  Gb  control.o [1]
ctl_sped                0x000063f5  0x280  Code  Gb  motto.o [1]
debug_Enable            0x1fff0acd    0x1  Data  Gb  debug.o [1]
debug_end               0x00002ded   0x1c  Code  Gb  debug.o [1]
debugpit_init_struct    0x1fff0658   0x14  Data  Gb  debug.o [1]
dec_sec                 0x1fff0414    0x1  Data  Gb  debug.o [1]
exit                    0x00008a97    0x4  Code  Gb  exit.o [3]
flag_bihuan             0x1fff0411    0x1  Data  Gb  control.o [1]
flag_cross              0x1fff0acb    0x1  Data  Gb  control.o [1]
flag_ramp               0x1fff0aca    0x1  Data  Gb  control.o [1]
flag_stop               0x1fff0415    0x1  Data  Gb  debug.o [1]
flash_write             0x00005a2f   0xc6  Code  Gb  HW_FLASH.o [1]
flexcan_msgobj_param_t  0x1fff07b4  0x100  Data  Gb  HW_CAN.o [1]
freecars_isr            0x00001aa5  0x21a  Code  Gb  freecars.o [1]
ftm_init_struct         0x1fff076c   0x1c  Data  Gb  FTM.o [1]
g_bus_clock             0x1fff04e4    0x4  Data  Gb  HW_MCG.o [1]
g_core_clock            0x1fff04e0    0x4  Data  Gb  HW_MCG.o [1]
g_flash_clock           0x1fff04e8    0x4  Data  Gb  HW_MCG.o [1]
g_flexbus_clock         0x1fff04ec    0x4  Data  Gb  HW_MCG.o [1]
kaihuan_Buff            0x1fff0428    0x8  Data  Gb  GUI.o [1]
key_init                0x00004b2d   0x98  Code  Gb  key.o [1]
led_init                0x00002a0f   0x3a  Code  Gb  bz_led.o [1]
line                    0x1fff066c    0xc  Data  Gb  del_sensor.o [1]
main                    0x000082dd   0x70  Code  Gb  main.o [1]
motto_getsped           0x000063cf   0x26  Code  Gb  motto.o [1]
motto_set               0x00006319   0xb6  Code  Gb  motto.o [1]
nvic_init_struct        0x1fff0a88   0x14  Data  Gb  nvic.o [1]
out_char                0x00008abd   0x10  Code  Gb  io.o [1]
pit_init_struct         0x1fff0a9c   0x14  Data  Gb  PIT.o [1]
portd_isr               0x000071c9   0x68  Code  Gb  star.o [1]
printf                  0x0000349b   0x26  Code  Gb  printf.o [1]
printk                  0x00003085  0x416  Code  Gb  printf.o [1]
printk_mknumstr         0x00002f8f   0xaa  Code  Lc  printf.o [1]
printk_pad_space        0x0000305f   0x26  Code  Lc  printf.o [1]
printk_pad_zero         0x00003039   0x26  Code  Lc  printf.o [1]
printk_putc             0x00002f5d   0x32  Code  Lc  printf.o [1]
push                    0x00001a0d   0x30  Code  Gb  freecars.o [1]
qei_init                0x000080ab   0x3e  Code  Gb  FTM.o [1]
qei_init_struct         0x1fff0788   0x1c  Data  Gb  FTM.o [1]
ramp                    0x0000084f  0x222  Code  Gb  del_sensor.o [1]
ramp_Enable             0x1fff0412    0x1  Data  Gb  control.o [1]
ramp_cnt                0x1fff0ace    0x1  Data  Gb  del_sensor.o [1]
read_sw                 0x00004ce3   0xa0  Code  Gb  key.o [1]
safty_check             0x00002e57   0x20  Code  Gb  debug.o [1]
sendDataToScope         0x00001a3d   0x68  Code  Gb  freecars.o [1]
send_cnt                0x1fff0ad1    0x1  Data  Gb  main.o [1]
sensor                  0x1fff0678   0x64  Data  Gb  del_sensor.o [1]
sensor_isr              0x00000425  0x302  Code  Gb  del_sensor.o [1]
sensor_offset           0x00000727  0x128  Code  Gb  del_sensor.o [1]
speed_down_flag         0x1fff0ad3    0x1  Data  Gb  motto.o [1]
speed_up_Enable         0x1fff0ad2    0x1  Data  Gb  motto.o [1]
star                    0x00006f75  0x254  Code  Gb  star.o [1]
strlen                  0x00004079   0x22  Code  Gb  stdlib.o [1]
sw                      0x1fff0ad0    0x1  Data  Gb  key.o [1]
sysinit                 0x000083a9   0x68  Code  Gb  sysinit.o [1]
temp                    0x1fff0ac8    0x2  Data  Gb  main.o [1]
timer_cnt               0x1fff0ac6    0x2  Data  Gb  main.o [1]
timer_debug             0x00002e09   0x4e  Code  Gb  debug.o [1]
uSendBuf                0x1fff06dc   0x24  Data  Gb  freecars.o [1]
uart_init_struct        0x1fff0ab0   0x14  Data  Gb  UART.o [1]
update_page1            0x0000463b   0x1c  Code  Gb  GUI.o [1]
update_page2            0x00004657   0xfa  Code  Gb  GUI.o [1]
update_page3            0x00004751   0x68  Code  Gb  GUI.o [1]
update_page4            0x000047c1  0x1e6  Code  Gb  GUI.o [1]
update_page5            0x000049b5   0x60  Code  Gb  GUI.o [1]
wait_key                0x00004bc5  0x11e  Code  Gb  key.o [1]
write_flash_flag        0x1fff0acf    0x1  Data  Gb  GUI.o [1]


[1] = E:\飞思卡尔\新工程\LPLD_OSKinetis_V3\project\NXP_(golden_cyprinoid) 1.9\iar\FLASH\Obj
[2] = command line
[3] = dl7M_tln.a
[4] = m7M_tl.a
[5] = rt7M_tl.a
[6] = shb_l.a

  32 054 bytes of readonly  code memory
      80 bytes of readwrite code memory
   3 666 bytes of readonly  data memory
   5 748 bytes of readwrite data memory

Errors: none
Warnings: none
