###############################################################################
#                                                                             #
# IAR ELF Linker V6.30.1.53127/W32 for ARM              09/Aug/2013  00:23:40 #
# Copyright 2007-2011 IAR Systems AB.                                         #
#                                                                             #
#    Output file  =  C:\Users\MR.Wen\Desktop\B-电磁\build\camera_demo\Debug\E #
#                    xe\fire_gpio_demo.out                                    #
#    Map file     =  C:\Users\MR.Wen\Desktop\B-电磁\build\camera_demo\Debug\L #
#                    ist\fire_gpio_demo.map                                   #
#    Command line =  C:\Users\MR.Wen\Desktop\B-电磁\build\camera_demo\Debug\O #
#                    bj\OLED.o C:\Users\MR.Wen\Desktop\B-电磁\build\camera_de #
#                    mo\Debug\Obj\alloc.o C:\Users\MR.Wen\Desktop\B-电磁\buil #
#                    d\camera_demo\Debug\Obj\arm_cm4.o                        #
#                    C:\Users\MR.Wen\Desktop\B-电磁\build\camera_demo\Debug\O #
#                    bj\assert.o C:\Users\MR.Wen\Desktop\B-电磁\build\camera_ #
#                    demo\Debug\Obj\crt0.o C:\Users\MR.Wen\Desktop\B-电磁\bui #
#                    ld\camera_demo\Debug\Obj\diskio.o                        #
#                    C:\Users\MR.Wen\Desktop\B-电磁\build\camera_demo\Debug\O #
#                    bj\ff.o C:\Users\MR.Wen\Desktop\B-电磁\build\camera_demo #
#                    \Debug\Obj\flash.o C:\Users\MR.Wen\Desktop\B-电磁\build\ #
#                    camera_demo\Debug\Obj\gpio.o                             #
#                    C:\Users\MR.Wen\Desktop\B-电磁\build\camera_demo\Debug\O #
#                    bj\io.o C:\Users\MR.Wen\Desktop\B-电磁\build\camera_demo #
#                    \Debug\Obj\isr.o C:\Users\MR.Wen\Desktop\B-电磁\build\ca #
#                    mera_demo\Debug\Obj\key.o C:\Users\MR.Wen\Desktop\B-电磁 #
#                    \build\camera_demo\Debug\Obj\lptmr.o                     #
#                    C:\Users\MR.Wen\Desktop\B-电磁\build\camera_demo\Debug\O #
#                    bj\main.o C:\Users\MR.Wen\Desktop\B-电磁\build\camera_de #
#                    mo\Debug\Obj\mcg.o C:\Users\MR.Wen\Desktop\B-电磁\build\ #
#                    camera_demo\Debug\Obj\memtest.o                          #
#                    C:\Users\MR.Wen\Desktop\B-电磁\build\camera_demo\Debug\O #
#                    bj\printf.o C:\Users\MR.Wen\Desktop\B-电磁\build\camera_ #
#                    demo\Debug\Obj\queue.o C:\Users\MR.Wen\Desktop\B-电磁\bu #
#                    ild\camera_demo\Debug\Obj\sdhc.o                         #
#                    C:\Users\MR.Wen\Desktop\B-电磁\build\camera_demo\Debug\O #
#                    bj\start.o C:\Users\MR.Wen\Desktop\B-电磁\build\camera_d #
#                    emo\Debug\Obj\startup.o C:\Users\MR.Wen\Desktop\B-电磁\b #
#                    uild\camera_demo\Debug\Obj\stdlib.o                      #
#                    C:\Users\MR.Wen\Desktop\B-电磁\build\camera_demo\Debug\O #
#                    bj\sysinit.o C:\Users\MR.Wen\Desktop\B-电磁\build\camera #
#                    _demo\Debug\Obj\uart.o C:\Users\MR.Wen\Desktop\B-电磁\bu #
#                    ild\camera_demo\Debug\Obj\uif.o                          #
#                    C:\Users\MR.Wen\Desktop\B-电磁\build\camera_demo\Debug\O #
#                    bj\vectors.o C:\Users\MR.Wen\Desktop\B-电磁\build\camera #
#                    _demo\Debug\Obj\wdog.o -o C:\Users\MR.Wen\Desktop\B-电磁 #
#                    \build\camera_demo\Debug\Exe\fire_gpio_demo.out --map    #
#                    C:\Users\MR.Wen\Desktop\B-电磁\build\camera_demo\Debug\L #
#                    ist\fire_gpio_demo.map --config                          #
#                    "C:\Users\MR.Wen\Desktop\B-电磁\build\camera_demo\..\con #
#                    fig files\fire_ROM_K60N512.icf" --semihosting --entry    #
#                    __iar_program_start --vfe                                #
#                                                                             #
#                                                                             #
###############################################################################

*******************************************************************************
*** RUNTIME MODEL ATTRIBUTES
***

CppFlavor       = *
__SystemLibrary = DLib


*******************************************************************************
*** PLACEMENT SUMMARY
***

"A1":  place at 0x00000000 { ro section .intvec };
"A2":  place at 0x00000410 { ro section .noinit };
"P1":  place in [from 0x00000000 to 0x00040000] { ro, block CodeRelocate };
"P2":  place in [from 0x1fff0410 to 0x20010000] {
          rw, block CodeRelocateRam, block CSTACK, block HEAP };

  Section              Kind        Address    Size  Object
  -------              ----        -------    ----  ------
"A1":                                        0x410
  .intvec              const    0x00000000   0x410  vectors.o [1]
                              - 0x00000410   0x410

"A2":                                         0x3c
  .noinit              ro code  0x00000410    0x3c  crt0.o [1]
                              - 0x0000044c    0x3c

"P1":                                       0x5854
  .text                ro code  0x0000044c  0x15e8  ff.o [1]
  .text                ro code  0x00001a34   0x6c0  diskio.o [1]
  .text                ro code  0x000020f4   0xadc  sdhc.o [1]
  .text                ro code  0x00002bd0    0x44  lptmr.o [1]
  .rodata              const    0x00002c14   0x5f0  OLED.o [1]
  .text                ro code  0x00003204   0x568  OLED.o [1]
  .text                ro code  0x0000376c    0xd0  gpio.o [1]
  .text                ro code  0x0000383c    0x18  assert.o [1]
  .text                ro code  0x00003854   0x55c  printf.o [1]
  .text                ro code  0x00003db0    0x20  stdlib.o [1]
  .text                ro code  0x00003dd0   0x520  start.o [1]
  .text                ro code  0x000042f0    0x38  wdog.o [1]
  .text                ro code  0x00004328    0xc0  startup.o [1]
  .text                ro code  0x000043e8    0x5c  sysinit.o [1]
  Veneer               ro code  0x00004444     0x8  - Linker created -
  Veneer               ro code  0x0000444c     0x8  - Linker created -
  Veneer               ro code  0x00004454     0x8  - Linker created -
  .text                ro code  0x0000445c   0x4f4  main.o [1]
  .text                ro code  0x00004950     0xc  arm_cm4.o [1]
  Veneer               ro code  0x0000495c     0x8  - Linker created -
  .text                ro code  0x00004964   0x304  mcg.o [1]
  .text                ro code  0x00004c68   0x258  uart.o [1]
  .text                ro code  0x00004ec0     0x4  strstr.o [3]
  .text                ro code  0x00004ec4    0x1c  I32ToDbl.o [4]
  .text                ro code  0x00004ee0   0x246  DblDiv.o [4]
  .text                ro code  0x00005126    0x22  zero_init3.o [5]
  .text                ro code  0x00005148    0x4c  DblToI32.o [4]
  .text                ro code  0x00005194    0x90  key.o [1]
  .text                ro code  0x00005224    0x2c  strstr.o [3]
  .text                ro code  0x00005250    0x16  strchr.o [5]
  CodeRelocate                  0x00005268   0x1d8  <Block>
    Initializer bytes  ro data  0x00005268   0x1d8  <for CodeRelocateRam-1>
  .rodata              const    0x00005440   0x100  sdhc.o [1]
  .data_init                    0x00005540    0x54  <Block>
    Initializer bytes  ro data  0x00005540    0x54  <for .data-1>
  .rodata              const    0x00005594    0x4c  assert.o [1]
  .rodata              const    0x000055e0    0x48  start.o [1]
  .rodata              const    0x00005628    0x40  start.o [1]
  .rodata              const    0x00005668    0x3c  flash.o [1]
  .text                ro code  0x000056a4    0x3c  isr.o [1]
  .rodata              const    0x000056e0    0x38  gpio.o [1]
  .rodata              const    0x00005718    0x30  vectors.o [1]
  .rodata              const    0x00005748    0x2c  start.o [1]
  .text                ro code  0x00005774    0x2c  data_init3.o [5]
  .rodata              const    0x000057a0    0x28  start.o [1]
  .rodata              const    0x000057c8    0x28  start.o [1]
  .iar.init_table      const    0x000057f0    0x10  - Linker created -
  .rodata              const    0x00005800    0x20  isr.o [1]
  .rodata              const    0x00005820    0x20  start.o [1]
  .rodata              const    0x00005840    0x20  start.o [1]
  .rodata              const    0x00005860    0x20  start.o [1]
  .rodata              const    0x00005880    0x20  start.o [1]
  .rodata              const    0x000058a0    0x20  start.o [1]
  .rodata              const    0x000058c0    0x1c  start.o [1]
  .rodata              const    0x000058dc    0x1c  start.o [1]
  .rodata              const    0x000058f8    0x1c  start.o [1]
  .text                ro code  0x00005914    0x1c  vectors.o [1]
  .rodata              const    0x00005930    0x18  start.o [1]
  .rodata              const    0x00005948    0x18  start.o [1]
  .rodata              const    0x00005960    0x18  start.o [1]
  .rodata              const    0x00005978    0x18  start.o [1]
  .rodata              const    0x00005990    0x18  start.o [1]
  .rodata              const    0x000059a8    0x18  start.o [1]
  .rodata              const    0x000059c0    0x18  start.o [1]
  .rodata              const    0x000059d8    0x18  start.o [1]
  .text                ro code  0x000059f0    0x16  cmain.o [5]
  .text                ro code  0x00005a06     0x4  low_level_init.o [3]
  .text                ro code  0x00005a0a     0x4  exit.o [3]
  .text                ro code  0x00005a10     0xa  cexit.o [5]
  .text                ro code  0x00005a1c    0x14  exit.o [6]
  .rodata              const    0x00005a30    0x14  main.o [1]
  .rodata              const    0x00005a44    0x14  start.o [1]
  .rodata              const    0x00005a58    0x14  start.o [1]
  .rodata              const    0x00005a6c    0x14  start.o [1]
  .rodata              const    0x00005a80    0x14  start.o [1]
  .rodata              const    0x00005a94    0x14  start.o [1]
  .rodata              const    0x00005aa8    0x14  start.o [1]
  .rodata              const    0x00005abc    0x14  start.o [1]
  .rodata              const    0x00005ad0    0x14  start.o [1]
  .rodata              const    0x00005ae4    0x10  ff.o [1]
  .rodata              const    0x00005af4    0x10  main.o [1]
  .rodata              const    0x00005b04    0x10  main.o [1]
  .rodata              const    0x00005b14    0x10  main.o [1]
  .rodata              const    0x00005b24    0x10  main.o [1]
  .rodata              const    0x00005b34    0x10  start.o [1]
  .rodata              const    0x00005b44    0x10  start.o [1]
  .rodata              const    0x00005b54    0x10  start.o [1]
  .rodata              const    0x00005b64    0x10  start.o [1]
  .rodata              const    0x00005b74    0x10  start.o [1]
  .rodata              const    0x00005b84    0x10  start.o [1]
  .rodata              const    0x00005b94    0x10  start.o [1]
  .rodata              const    0x00005ba4    0x10  start.o [1]
  .rodata              const    0x00005bb4    0x10  start.o [1]
  .rodata              const    0x00005bc4    0x10  start.o [1]
  .rodata              const    0x00005bd4    0x10  start.o [1]
  .rodata              const    0x00005be4    0x10  start.o [1]
  .rodata              const    0x00005bf4    0x10  start.o [1]
  .text                ro code  0x00005c04    0x10  io.o [1]
  .rodata              const    0x00005c14     0xc  start.o [1]
  .rodata              const    0x00005c20     0xc  start.o [1]
  .rodata              const    0x00005c2c     0xc  start.o [1]
  .rodata              const    0x00005c38     0xc  start.o [1]
  .text                ro code  0x00005c44     0xc  cstartup_M.o [5]
  .rodata              const    0x00005c50     0x8  main.o [1]
  .rodata              const    0x00005c58     0x8  sdhc.o [1]
  .rodata              const    0x00005c60     0x8  start.o [1]
  .rodata              const    0x00005c68     0x8  start.o [1]
  .rodata              const    0x00005c70     0x8  start.o [1]
  .rodata              const    0x00005c78     0x8  start.o [1]
  .rodata              const    0x00005c80     0x8  start.o [1]
  .rodata              const    0x00005c88     0x8  start.o [1]
  .rodata              const    0x00005c90     0x8  start.o [1]
  .rodata              const    0x00005c98     0x8  start.o [1]
  .rodata              const    0x00005ca0     0x0  bwt_init3c.o [5]
                              - 0x00005ca0  0x5854

"P2", part 1 of 2:                           0x22c
  CodeRelocateRam               0x1fff0410   0x1d8  <Block>
    CodeRelocateRam-1           0x1fff0410   0x1d8  <Init block>
      Veneer           inited   0x1fff0410     0x8  - Linker created -
      .textrw          inited   0x1fff0418   0x180  flash.o [1]
      .textrw          inited   0x1fff0598    0x50  mcg.o [1]
  .data                         0x1fff05e8    0x54  <Block>
    .data-1                     0x1fff05e8    0x54  <Init block>
      .data            inited   0x1fff05e8     0x1  diskio.o [1]
      .data            inited   0x1fff05ec    0x14  gpio.o [1]
      .data            inited   0x1fff0600    0x14  gpio.o [1]
      .data            inited   0x1fff0614     0x8  key.o [1]
      .data            inited   0x1fff061c     0x8  mcg.o [1]
      .data            inited   0x1fff0624    0x18  uart.o [1]
                              - 0x1fff063c   0x22c

"P2", part 2 of 2:                           0x568
  .bss                          0x1fff063c   0x568  <Block>
    .bss               zero     0x1fff063c     0x4  ff.o [1]
    .bss               zero     0x1fff0640   0x200  main.o [1]
    .bss               zero     0x1fff0840   0x12c  main.o [1]
    .bss               zero     0x1fff096c     0x4  main.o [1]
    .bss               zero     0x1fff0970    0x14  sdhc.o [1]
    .bss               zero     0x1fff0984     0x4  sdhc.o [1]
    .bss               zero     0x1fff0988   0x204  sdhc.o [1]
    .bss               zero     0x1fff0b8c     0x8  sdhc.o [1]
    .bss               zero     0x1fff0b94     0x4  sysinit.o [1]
    .bss               zero     0x1fff0b98     0x4  sysinit.o [1]
    .bss               zero     0x1fff0b9c     0x4  sysinit.o [1]
    .bss               zero     0x1fff0ba0     0x2  ff.o [1]
    .bss               zero     0x1fff0ba2     0x2  main.o [1]
                              - 0x1fff0ba4   0x568


*******************************************************************************
*** INIT TABLE
***

          Address     Size
          -------     ----
Zero (__iar_zero_init3)
    1 destination range, total size 0x568:
          0x1fff063c  0x568



*******************************************************************************
*** MODULE SUMMARY
***

    Module            ro code  rw code  ro data  rw data
    ------            -------  -------  -------  -------
C:\Users\MR.Wen\Desktop\B-电磁\build\camera_demo\Debug\Obj: [1]
    OLED.o              1 384             1 520
    arm_cm4.o              12
    assert.o               24                76
    crt0.o                 60
    diskio.o            1 728                 1        1
    ff.o                5 608                16        6
    flash.o                        384      444
    gpio.o                208                99       40
    io.o                   16
    isr.o                  60                32
    key.o                 144                 8        8
    lptmr.o                68
    main.o              1 268                92      818
    mcg.o                 772       80       88        8
    printf.o            1 372
    sdhc.o              2 780               264      548
    start.o             1 312             1 176
    startup.o             192
    stdlib.o               32
    sysinit.o              92                         12
    uart.o                600                24       24
    vectors.o              28             1 088
    wdog.o                 56
    ----------------------------------------------------
    Total:             17 816      464    4 928    1 465

command line: [2]
    ----------------------------------------------------
    Total:

dl7M_tln.a: [3]
    exit.o                  4
    low_level_init.o        4
    strstr.o               48
    ----------------------------------------------------
    Total:                 56

m7M_tl.a: [4]
    DblDiv.o              582
    DblToI32.o             76
    I32ToDbl.o             28
    ----------------------------------------------------
    Total:                686

rt7M_tl.a: [5]
    bwt_init3c.o
    cexit.o                10
    cmain.o                22
    cstartup_M.o           12
    data_init3.o           44
    strchr.o               22
    zero_init3.o           34
    ----------------------------------------------------
    Total:                144

shb_l.a: [6]
    exit.o                 20
    ----------------------------------------------------
    Total:                 20

    Gaps                    4                          5
    Linker created         32        8       24
--------------------------------------------------------
    Grand Total:       18 758      472    4 952    1 470


*******************************************************************************
*** ENTRY LIST
***

Entry                      Address   Size  Type      Object
-----                      -------   ----  ----      ------
.bss$$Base              0x1fff063c          --   Gb  - Linker created -
.bss$$Limit             0x1fff0ba4          --   Gb  - Linker created -
.data$$Base             0x1fff05e8          --   Gb  - Linker created -
.data$$Limit            0x1fff063c          --   Gb  - Linker created -
.data_init$$Base        0x00005540          --   Gb  - Linker created -
.data_init$$Limit       0x00005594          --   Gb  - Linker created -
?main                   0x000059f1         Code  Gb  cmain.o [5]
ASSERT_FAILED_STR       0x00005594   0x4c  Data  Gb  assert.o [1]
CodeRelocate$$Base      0x00005268          --   Gb  - Linker created -
CodeRelocate$$Limit     0x00005440          --   Gb  - Linker created -
CodeRelocateRam$$Base   0x1fff0410          --   Gb  - Linker created -
CodeRelocateRam$$Limit  0x1fff05e8          --   Gb  - Linker created -
Dis_Numbfb              0x00003587   0x7c  Code  Gb  OLED.o [1]
Display_Bar             0x00003603  0x162  Code  Gb  OLED.o [1]
ESDHC_COMMAND_XFERTYP   0x00005440  0x100  Data  Gb  sdhc.o [1]
F8X16                   0x00002c14  0x5f0  Data  Gb  OLED.o [1]
FTM0_IRQHandler         0x000056dd    0x2  Code  Gb  isr.o [1]
FTM1_IRQHandler         0x000056df    0x2  Code  Gb  isr.o [1]
FatFs                   0x1fff063c    0x4  Data  Lc  ff.o [1]
Fn_GoToUserApplication  0x0000445d   0x20  Code  Lc  main.o [1]
Fsid                    0x1fff0ba0    0x2  Data  Lc  ff.o [1]
GPIOx                   0x1fff05ec   0x14  Data  Gb  gpio.o [1]
HardFault_Handler       0x000056bf    0xa  Code  Gb  isr.o [1]
K60_SDHC0_init          0x00005c58    0x8  Data  Gb  sdhc.o [1]
KEY_ALL_init            0x00005195   0x2e  Code  Gb  key.o [1]
KEY_PTxn                0x1fff0614    0x8  Data  Gb  key.o [1]
LCD_DLY_ms              0x00003397   0x1c  Code  Gb  OLED.o [1]
LCD_Fill                0x00003357   0x40  Code  Gb  OLED.o [1]
LCD_P8x16Str            0x000034dd   0xaa  Code  Gb  OLED.o [1]
LCD_SetXY               0x00003327   0x30  Code  Gb  OLED.o [1]
LCD_Set_Pos             0x000032ff   0x28  Code  Gb  OLED.o [1]
LCD_WrCmd               0x00003285   0x7a  Code  Gb  OLED.o [1]
LCD_WrDat               0x00003205   0x7e  Code  Gb  OLED.o [1]
LPT_Handler             0x000056ab    0xe  Code  Gb  isr.o [1]
OLED_Init               0x000033b3  0x12a  Code  Gb  OLED.o [1]
PIT0_IRQHandler         0x000056b9    0x2  Code  Gb  isr.o [1]
PIT1_IRQHandler         0x000056bb    0x2  Code  Gb  isr.o [1]
PORTA_IRQHandler        0x000056d3    0x2  Code  Gb  isr.o [1]
PORTB_IRQHandler        0x000056d5    0x2  Code  Gb  isr.o [1]
PORTC_IRQHandler        0x000056d7    0x2  Code  Gb  isr.o [1]
PORTD_IRQHandler        0x000056d9    0x2  Code  Gb  isr.o [1]
PORTE_IRQHandler        0x000056db    0x2  Code  Gb  isr.o [1]
PORTX                   0x1fff0600   0x14  Data  Gb  gpio.o [1]
PendSV_Handler          0x000056d1    0x2  Code  Gb  isr.o [1]
ReadSDFile              0x0000449b  0x10a  Code  Gb  main.o [1]
Region$$Table$$Base     0x000057f0          --   Gb  - Linker created -
Region$$Table$$Limit    0x00005800          --   Gb  - Linker created -
Reset_Handler           0x00000411         Code  Gb  crt0.o [1]
SDHC_Card               0x1fff0970   0x14  Data  Gb  sdhc.o [1]
SDHC_Device             0x1fff0b8c    0x8  Data  Gb  sdhc.o [1]
SDHC_Info               0x1fff0988  0x204  Data  Gb  sdhc.o [1]
SDHC_Init               0x1fff0984    0x4  Data  Gb  sdhc.o [1]
SDHC_init               0x000021c1  0x100  Code  Gb  sdhc.o [1]
SDHC_ioctl              0x00002471  0x6dc  Code  Gb  sdhc.o [1]
SDHC_is_running         0x000022c1   0x18  Code  Gb  sdhc.o [1]
SDHC_send_command       0x000022eb  0x186  Code  Gb  sdhc.o [1]
SDHC_set_baudrate       0x000020f5   0xcc  Code  Gb  sdhc.o [1]
SDHC_status_wait        0x000022d9   0x12  Code  Gb  sdhc.o [1]
SD_UPdata               0x000045a9  0x2ca  Code  Gb  main.o [1]
Stat                    0x1fff05e8    0x1  Data  Lc  diskio.o [1]
SysTick_Handler         0x000056bd    0x2  Code  Gb  isr.o [1]
UARTx                   0x1fff0624   0x18  Data  Gb  uart.o [1]
USART1_IRQHandler       0x000056a5    0x2  Code  Gb  isr.o [1]
USART3_IRQHandler       0x000056a7    0x2  Code  Gb  isr.o [1]
USART5_IRQHandler       0x000056a9    0x2  Code  Gb  isr.o [1]
__BOOT_STACK_ADDRESS {Abs}
                        0x2000fff8          --   Gb  command line/config [2]
__VECTOR_RAM {Abs}      0x1fff0000          --   Gb  command line/config [2]
__VECTOR_TABLE {Abs}    0x00000000          --   Gb  command line/config [2]
__aeabi_d2iz            0x00005149         Code  Gb  DblToI32.o [4]
__aeabi_ddiv            0x00004ee1         Code  Gb  DblDiv.o [4]
__aeabi_ui2d            0x00004ec5         Code  Gb  I32ToDbl.o [4]
__cmain                 0x000059f1         Code  Gb  cmain.o [5]
__code_start__ {Abs}    0x00000410          --   Gb  command line/config [2]
__exit                  0x00005a1d   0x14  Code  Gb  exit.o [6]
__iar_SB                0x00005ca0         Data  Gb  bwt_init3c.o [5]
__iar_Strchr            0x00005251         Code  Gb  strchr.o [5]
__iar_Strstr            0x00005225   0x2c  Code  Gb  strstr.o [3]
__iar_d2uiz             0x00005175         Code  Gb  DblToI32.o [4]
__iar_data_init3        0x00005775   0x2c  Code  Gb  data_init3.o [5]
__iar_program_start     0x00005c45         Code  Gb  cstartup_M.o [5]
__iar_ui2d              0x00004ec9         Code  Gb  I32ToDbl.o [4]
__iar_zero_init3        0x00005127   0x22  Code  Gb  zero_init3.o [5]
__low_level_init        0x00005a07    0x4  Code  Gb  low_level_init.o [3]
__vector_table          0x00000000  0x410  Data  Gb  vectors.o [1]
_call_main              0x000059fd         Code  Gb  cmain.o [5]
_exit                   0x00005a11         Code  Gb  cexit.o [5]
_main                   0x00005a03         Code  Gb  cmain.o [5]
assert_failed           0x0000383d   0x18  Code  Gb  assert.o [1]
buff1                   0x1fff0640  0x200  Data  Gb  main.o [1]
buff_filename           0x1fff0840  0x12c  Data  Gb  main.o [1]
bus_clk_khz             0x1fff0b9c    0x4  Data  Gb  sysinit.o [1]
check_fs                0x00000fdd   0x7a  Code  Lc  ff.o [1]
chk_chr                 0x000004a3   0x14  Code  Lc  ff.o [1]
chk_mounted             0x00001057  0x434  Code  Lc  ff.o [1]
clust2sect              0x00000607   0x1a  Code  Gb  ff.o [1]
common_startup          0x00004329   0xc0  Code  Gb  startup.o [1]
core_clk_khz            0x1fff0b94    0x4  Data  Gb  sysinit.o [1]
core_clk_mhz            0x1fff0b98    0x4  Data  Gb  sysinit.o [1]
cpu_identify            0x00003eff  0x20a  Code  Gb  start.o [1]
create_chain            0x00000905   0xdc  Code  Lc  ff.o [1]
create_name             0x00000d29  0x170  Code  Lc  ff.o [1]
default_isr             0x00005915   0x1c  Code  Gb  vectors.o [1]
dir_find                0x00000bdb   0x68  Code  Lc  ff.o [1]
dir_next                0x00000a99  0x142  Code  Lc  ff.o [1]
dir_read                0x00000c43   0x64  Code  Lc  ff.o [1]
dir_register            0x00000ca7   0x82  Code  Lc  ff.o [1]
dir_sdi                 0x000009e1   0xb8  Code  Lc  ff.o [1]
disk_initialize         0x00001a35  0x2ca  Code  Gb  diskio.o [1]
disk_ioctl              0x00001ff9   0xba  Code  Gb  diskio.o [1]
disk_read               0x00001d9b   0xd8  Code  Gb  diskio.o [1]
disk_status             0x000020b3   0x12  Code  Gb  diskio.o [1]
disk_write              0x00001ed1  0x128  Code  Gb  diskio.o [1]
exit                    0x00005a0b    0x4  Code  Gb  exit.o [3]
f_close                 0x0000191f   0x1c  Code  Gb  ff.o [1]
f_mount                 0x000014b9   0x32  Code  Gb  ff.o [1]
f_open                  0x00001505  0x1a6  Code  Gb  ff.o [1]
f_opendir               0x0000193b   0x8a  Code  Gb  ff.o [1]
f_read                  0x000016ab  0x1d6  Code  Gb  ff.o [1]
f_readdir               0x000019c5   0x70  Code  Gb  ff.o [1]
f_sync                  0x00001881   0x9e  Code  Gb  ff.o [1]
flash_cmd_launch        0x1fff0419   0x20  Code  Lc  flash.o [1]
flash_erase_sector      0x1fff0461   0x7c  Code  Gb  flash.o [1]
flash_identify          0x00004109   0xbe  Code  Gb  start.o [1]
flash_init              0x1fff0439   0x28  Code  Gb  flash.o [1]
flash_write             0x1fff04dd   0x8c  Code  Gb  flash.o [1]
follow_path             0x00000f3d   0xa0  Code  Lc  ff.o [1]
get_fat                 0x00000621  0x102  Code  Gb  ff.o [1]
get_fattime             0x000020f1    0x4  Code  Gb  diskio.o [1]
get_fileinfo            0x00000e99   0xa4  Code  Lc  ff.o [1]
gpio_init               0x0000376d   0xc4  Code  Gb  gpio.o [1]
i_name                  0x1fff0ba2    0x2  Data  Gb  main.o [1]
key_check               0x000051c3   0x56  Code  Gb  key.o [1]
main                    0x00004875   0xb0  Code  Gb  main.o [1]
mcg_div                 0x1fff061c    0x8  Data  Gb  mcg.o [1]
mem_cmp                 0x0000047f   0x24  Code  Lc  ff.o [1]
mem_cpy                 0x0000044d   0x1c  Code  Lc  ff.o [1]
mem_set                 0x00000469   0x16  Code  Lc  ff.o [1]
move_window             0x000004b7   0x78  Code  Lc  ff.o [1]
out_char                0x00005c05   0x10  Code  Gb  io.o [1]
pll_init                0x00004965  0x304  Code  Gb  mcg.o [1]
printf                  0x00003d87   0x26  Code  Gb  printf.o [1]
printk                  0x0000397d  0x40a  Code  Gb  printf.o [1]
printk_mknumstr         0x00003887   0xaa  Code  Lc  printf.o [1]
printk_pad_space        0x00003957   0x26  Code  Lc  printf.o [1]
printk_pad_zero         0x00003931   0x26  Code  Lc  printf.o [1]
printk_putc             0x00003855   0x32  Code  Lc  printf.o [1]
put_fat                 0x00000723  0x170  Code  Gb  ff.o [1]
rcvr_datablock          0x00001cff   0x9c  Code  Lc  diskio.o [1]
remove_chain            0x00000893   0x72  Code  Lc  ff.o [1]
set_sys_dividers        0x1fff0599   0x50  Code  Gb  mcg.o [1]
start                   0x00003dd1  0x12e  Code  Gb  start.o [1]
strchr                  0x00005251         Code  Gb  strchr.o [5]
stringcopy              0x0000447d   0x1e  Code  Gb  main.o [1]
strlen                  0x00003db1   0x20  Code  Gb  stdlib.o [1]
strstr                  0x00004ec1    0x4  Code  Gb  strstr.o [3]
sync                    0x0000052f   0xd8  Code  Lc  ff.o [1]
sysinit                 0x000043e9   0x48  Code  Gb  sysinit.o [1]
time_delay_ms           0x00002bd1   0x32  Code  Gb  lptmr.o [1]
uart_init               0x00004c69  0x1f6  Code  Gb  uart.o [1]
uart_putchar            0x00004e5f   0x1e  Code  Gb  uart.o [1]
validate                0x0000148b   0x2e  Code  Lc  ff.o [1]
wdog_disable            0x000042f1   0x16  Code  Gb  wdog.o [1]
wdog_unlock             0x00004309   0x16  Code  Gb  wdog.o [1]
write_vtor              0x00004951    0x6  Code  Gb  arm_cm4.o [1]
xmit_datablock          0x00001e73   0x5e  Code  Lc  diskio.o [1]
xuan                    0x1fff096c    0x4  Data  Gb  main.o [1]


[1] = C:\Users\MR.Wen\Desktop\B-电磁\build\camera_demo\Debug\Obj
[2] = command line
[3] = dl7M_tln.a
[4] = m7M_tl.a
[5] = rt7M_tl.a
[6] = shb_l.a

  18 758 bytes of readonly  code memory
     472 bytes of readwrite code memory
   4 952 bytes of readonly  data memory
   1 470 bytes of readwrite data memory

Errors: none
Warnings: none
