###############################################################################
#
# IAR ELF Linker V7.20.2.7424/W32 for ARM                 11/Mar/2016  11:03:14
# Copyright 2007-2014 IAR Systems AB.
#
#    Output file  =  
#        D:\LPLDV3.1\LPLD_OSKinetis_V3\project\freescale_cup(LDC)1.9(pid+fuzzy)\iar\FLASH\Exe\freescale_cup_K60DZ10.out
#    Map file     =  
#        D:\LPLDV3.1\LPLD_OSKinetis_V3\project\freescale_cup(LDC)1.9(pid+fuzzy)\iar\FLASH\List\freescale_cup_K60DZ10.map
#    Command line =  
#        "D:\LPLDV3.1\LPLD_OSKinetis_V3\project\freescale_cup(LDC)1.9(pid+fuzzy)\iar\FLASH\Obj\alloc.o"
#        "D:\LPLDV3.1\LPLD_OSKinetis_V3\project\freescale_cup(LDC)1.9(pid+fuzzy)\iar\FLASH\Obj\assert.o"
#        "D:\LPLDV3.1\LPLD_OSKinetis_V3\project\freescale_cup(LDC)1.9(pid+fuzzy)\iar\FLASH\Obj\bz_led.o"
#        "D:\LPLDV3.1\LPLD_OSKinetis_V3\project\freescale_cup(LDC)1.9(pid+fuzzy)\iar\FLASH\Obj\control.o"
#        "D:\LPLDV3.1\LPLD_OSKinetis_V3\project\freescale_cup(LDC)1.9(pid+fuzzy)\iar\FLASH\Obj\debug.o"
#        "D:\LPLDV3.1\LPLD_OSKinetis_V3\project\freescale_cup(LDC)1.9(pid+fuzzy)\iar\FLASH\Obj\del_sensor.o"
#        "D:\LPLDV3.1\LPLD_OSKinetis_V3\project\freescale_cup(LDC)1.9(pid+fuzzy)\iar\FLASH\Obj\dirctl.o"
#        "D:\LPLDV3.1\LPLD_OSKinetis_V3\project\freescale_cup(LDC)1.9(pid+fuzzy)\iar\FLASH\Obj\endline.o"
#        "D:\LPLDV3.1\LPLD_OSKinetis_V3\project\freescale_cup(LDC)1.9(pid+fuzzy)\iar\FLASH\Obj\freecars.o"
#        "D:\LPLDV3.1\LPLD_OSKinetis_V3\project\freescale_cup(LDC)1.9(pid+fuzzy)\iar\FLASH\Obj\FTM.o"
#        "D:\LPLDV3.1\LPLD_OSKinetis_V3\project\freescale_cup(LDC)1.9(pid+fuzzy)\iar\FLASH\Obj\fuzzyol.o"
#        "D:\LPLDV3.1\LPLD_OSKinetis_V3\project\freescale_cup(LDC)1.9(pid+fuzzy)\iar\FLASH\Obj\HW_ADC.o"
#        "D:\LPLDV3.1\LPLD_OSKinetis_V3\project\freescale_cup(LDC)1.9(pid+fuzzy)\iar\FLASH\Obj\HW_DMA.o"
#        "D:\LPLDV3.1\LPLD_OSKinetis_V3\project\freescale_cup(LDC)1.9(pid+fuzzy)\iar\FLASH\Obj\HW_FTM.o"
#        "D:\LPLDV3.1\LPLD_OSKinetis_V3\project\freescale_cup(LDC)1.9(pid+fuzzy)\iar\FLASH\Obj\HW_GPIO.o"
#        "D:\LPLDV3.1\LPLD_OSKinetis_V3\project\freescale_cup(LDC)1.9(pid+fuzzy)\iar\FLASH\Obj\HW_I2C.o"
#        "D:\LPLDV3.1\LPLD_OSKinetis_V3\project\freescale_cup(LDC)1.9(pid+fuzzy)\iar\FLASH\Obj\HW_LPTMR.o"
#        "D:\LPLDV3.1\LPLD_OSKinetis_V3\project\freescale_cup(LDC)1.9(pid+fuzzy)\iar\FLASH\Obj\HW_MCG.o"
#        "D:\LPLDV3.1\LPLD_OSKinetis_V3\project\freescale_cup(LDC)1.9(pid+fuzzy)\iar\FLASH\Obj\HW_NVIC.o"
#        "D:\LPLDV3.1\LPLD_OSKinetis_V3\project\freescale_cup(LDC)1.9(pid+fuzzy)\iar\FLASH\Obj\HW_PIT.o"
#        "D:\LPLDV3.1\LPLD_OSKinetis_V3\project\freescale_cup(LDC)1.9(pid+fuzzy)\iar\FLASH\Obj\HW_SDHC.o"
#        "D:\LPLDV3.1\LPLD_OSKinetis_V3\project\freescale_cup(LDC)1.9(pid+fuzzy)\iar\FLASH\Obj\HW_SPI.o"
#        "D:\LPLDV3.1\LPLD_OSKinetis_V3\project\freescale_cup(LDC)1.9(pid+fuzzy)\iar\FLASH\Obj\HW_SYSTICK.o"
#        "D:\LPLDV3.1\LPLD_OSKinetis_V3\project\freescale_cup(LDC)1.9(pid+fuzzy)\iar\FLASH\Obj\HW_UART.o"
#        "D:\LPLDV3.1\LPLD_OSKinetis_V3\project\freescale_cup(LDC)1.9(pid+fuzzy)\iar\FLASH\Obj\i2c.o"
#        "D:\LPLDV3.1\LPLD_OSKinetis_V3\project\freescale_cup(LDC)1.9(pid+fuzzy)\iar\FLASH\Obj\io.o"
#        "D:\LPLDV3.1\LPLD_OSKinetis_V3\project\freescale_cup(LDC)1.9(pid+fuzzy)\iar\FLASH\Obj\key.o"
#        "D:\LPLDV3.1\LPLD_OSKinetis_V3\project\freescale_cup(LDC)1.9(pid+fuzzy)\iar\FLASH\Obj\LDC1614.o"
#        "D:\LPLDV3.1\LPLD_OSKinetis_V3\project\freescale_cup(LDC)1.9(pid+fuzzy)\iar\FLASH\Obj\main.o"
#        "D:\LPLDV3.1\LPLD_OSKinetis_V3\project\freescale_cup(LDC)1.9(pid+fuzzy)\iar\FLASH\Obj\motto.o"
#        "D:\LPLDV3.1\LPLD_OSKinetis_V3\project\freescale_cup(LDC)1.9(pid+fuzzy)\iar\FLASH\Obj\nvic.o"
#        "D:\LPLDV3.1\LPLD_OSKinetis_V3\project\freescale_cup(LDC)1.9(pid+fuzzy)\iar\FLASH\Obj\OLED.o"
#        "D:\LPLDV3.1\LPLD_OSKinetis_V3\project\freescale_cup(LDC)1.9(pid+fuzzy)\iar\FLASH\Obj\PID.o"
#        "D:\LPLDV3.1\LPLD_OSKinetis_V3\project\freescale_cup(LDC)1.9(pid+fuzzy)\iar\FLASH\Obj\PIT.o"
#        "D:\LPLDV3.1\LPLD_OSKinetis_V3\project\freescale_cup(LDC)1.9(pid+fuzzy)\iar\FLASH\Obj\printf.o"
#        "D:\LPLDV3.1\LPLD_OSKinetis_V3\project\freescale_cup(LDC)1.9(pid+fuzzy)\iar\FLASH\Obj\queue.o"
#        "D:\LPLDV3.1\LPLD_OSKinetis_V3\project\freescale_cup(LDC)1.9(pid+fuzzy)\iar\FLASH\Obj\relocate.o"
#        "D:\LPLDV3.1\LPLD_OSKinetis_V3\project\freescale_cup(LDC)1.9(pid+fuzzy)\iar\FLASH\Obj\startup_K60DZ10.o"
#        "D:\LPLDV3.1\LPLD_OSKinetis_V3\project\freescale_cup(LDC)1.9(pid+fuzzy)\iar\FLASH\Obj\stdlib.o"
#        "D:\LPLDV3.1\LPLD_OSKinetis_V3\project\freescale_cup(LDC)1.9(pid+fuzzy)\iar\FLASH\Obj\sysinit.o"
#        "D:\LPLDV3.1\LPLD_OSKinetis_V3\project\freescale_cup(LDC)1.9(pid+fuzzy)\iar\FLASH\Obj\system_MK60.o"
#        "D:\LPLDV3.1\LPLD_OSKinetis_V3\project\freescale_cup(LDC)1.9(pid+fuzzy)\iar\FLASH\Obj\UART.o"
#        "D:\LPLDV3.1\LPLD_OSKinetis_V3\project\freescale_cup(LDC)1.9(pid+fuzzy)\iar\FLASH\Obj\uif.o"
#        --redirect _Printf=_PrintfFull --redirect _Scanf=_ScanfFull -o
#        "D:\LPLDV3.1\LPLD_OSKinetis_V3\project\freescale_cup(LDC)1.9(pid+fuzzy)\iar\FLASH\Exe\freescale_cup_K60DZ10.out"
#        --map
#        "D:\LPLDV3.1\LPLD_OSKinetis_V3\project\freescale_cup(LDC)1.9(pid+fuzzy)\iar\FLASH\List\freescale_cup_K60DZ10.map"
#        --config
#        "D:\LPLDV3.1\LPLD_OSKinetis_V3\project\freescale_cup(LDC)1.9(pid+fuzzy)\iar\..\..\..\lib\iar_config_files\LPLD_K60DN512_FLASH.icf"
#        --semihosting --entry __iar_program_start "C:\Program Files (x86)\IAR
#        Systems\Embedded Workbench 7.0\arm\CMSIS\Lib\IAR\iar_cortexM4l_math.a"
#        --merge_duplicate_sections --vfe
#
###############################################################################

*******************************************************************************
*** RUNTIME MODEL ATTRIBUTES
***

CppFlavor       = *
__SystemLibrary = DLib


*******************************************************************************
*** PLACEMENT SUMMARY
***

"A1":  place at 0x00000000 { ro section .intvec };
"A2":  place at 0x00000410 { ro section .noinit };
"P1":  place in [from 0x00000000 to 0x00080000] { ro, block CodeRelocate };
"P2":  place in [from 0x1fff0410 to 0x20010000] {
          rw, block CodeRelocateRam, block CSTACK, block HEAP };

  Section              Kind        Address    Size  Object
  -------              ----        -------    ----  ------
"A1":                                        0x400
  .intvec              ro code  0x00000000   0x400  startup_K60DZ10.o [1]
                              - 0x00000400   0x400

"P1", part 1 of 2:                             0x0
  .rodata              const    0x00000400     0x0  zero_init3.o [5]

"A2":                                         0x14
  .noinit              ro code  0x00000410    0x10  startup_K60DZ10.o [1]
  .noinit              ro code  0x00000420     0x4  startup_K60DZ10.o [1]
                              - 0x00000424    0x14

"P1", part 2 of 2:                          0x6014
  .text                ro code  0x00000424   0x9f4  HW_FTM.o [1]
  .text                ro code  0x00000e18    0x18  assert.o [1]
  .text                ro code  0x00000e30    0x56  ABImemcpy_unaligned.o [5]
  .text                ro code  0x00000e86    0x22  zero_init3.o [5]
  .text                ro code  0x00000ea8   0x568  printf.o [1]
  .text                ro code  0x00001410    0x22  stdlib.o [1]
  .text                ro code  0x00001434   0x8ec  HW_UART.o [1]
  .text                ro code  0x00001d20   0x730  del_sensor.o [1]
  .text                ro code  0x00002450   0x194  LDC1614.o [1]
  .text                ro code  0x000025e4    0x6c  HW_LPTMR.o [1]
  .text                ro code  0x00002650   0x34c  freecars.o [1]
  .text                ro code  0x0000299c    0x2c  I32ToDbl.o [4]
  .text                ro code  0x000029c8   0x1a2  DblMul.o [4]
  .text                ro code  0x00002b6c   0x180  DblSub.o [4]
  .text                ro code  0x00002cec    0xe8  DblAdd.o [4]
  .text                ro code  0x00002dd4    0x4c  DblToI32.o [4]
  .text                ro code  0x00002e20   0x29c  i2c.o [1]
  .text                ro code  0x000030bc   0x246  DblDiv.o [4]
  .text                ro code  0x00003304   0x424  bz_led.o [1]
  .text                ro code  0x00003728    0xb0  debug.o [1]
  .text                ro code  0x000037d8    0x78  HW_SYSTICK.o [1]
  .text                ro code  0x00003850   0x234  HW_GPIO.o [1]
  .text                ro code  0x00003a84   0x1c0  HW_PIT.o [1]
  .text                ro code  0x00003c44   0x614  system_MK60.o [1]
  .text                ro code  0x00004258    0xc0  relocate.o [1]
  Veneer               ro code  0x00004318     0x8  - Linker created -
  .text                ro code  0x00004320   0x1fc  HW_MCG.o [1]
  .text                ro code  0x0000451c   0x318  OLED.o [1]
  .data_init                    0x00004834   0x22c  <Block>
    Initializer bytes  ro data  0x00004834   0x22c  <for .data-1> (used: 0x228)
  .text                ro code  0x00004a60   0x218  HW_SPI.o [1]
  .text                ro code  0x00004c78   0x1d8  HW_NVIC.o [1]
  .text                ro code  0x00004e50   0x1b0  motto.o [1]
  .text                ro code  0x00005000    0x24  FltCmpGe.o [4]
  .text                ro code  0x00005024    0x24  FltCmpLe.o [4]
  .text                ro code  0x00005048    0x24  FltToU32.o [4]
  .text                ro code  0x0000506c    0x90  DblToFlt.o [4]
  .text                ro code  0x000050fc    0x2e  I32ToFlt.o [4]
  .text                ro code  0x0000512c    0xe6  FltSub.o [4]
  .text                ro code  0x00005214    0xd8  FltMul.o [4]
  .text                ro code  0x000052ec    0x84  FltAdd.o [4]
  .text                ro code  0x00005370   0x16c  PID.o [1]
  .text                ro code  0x000054dc    0x4e  FltToDbl.o [4]
  .text                ro code  0x0000552c   0x168  HW_DMA.o [1]
  .text                ro code  0x00005694    0xf8  key.o [1]
  .text                ro code  0x0000578c    0xf8  nvic.o [1]
  .text                ro code  0x00005884    0xe8  FTM.o [1]
  .text                ro code  0x0000596c    0xc8  HW_I2C.o [1]
  .text                ro code  0x00005a34    0xc4  dirctl.o [1]
  .text                ro code  0x00005af8    0xb0  control.o [1]
  .text                ro code  0x00005ba8    0x80  sysinit.o [1]
  .text                ro code  0x00005c28    0x5c  UART.o [1]
  .text                ro code  0x00005c84    0x74  PIT.o [1]
  .text                ro code  0x00005cf8    0x7c  main.o [1]
  CodeRelocate                  0x00005d74    0x50  <Block>
    Initializer bytes  ro data  0x00005d74    0x50  <for CodeRelocateRam-1>
  .rodata              const    0x00005dc4    0x48  system_MK60.o [1]
  .rodata              const    0x00005e0c    0x44  system_MK60.o [1]
  .rodata              const    0x00005e50    0x44  system_MK60.o [1]
  .rodata              const    0x00005e94    0x34  HW_FTM.o [1]
  .rodata              const    0x00005ec8    0x34  HW_GPIO.o [1]
  .rodata              const    0x00005efc    0x34  HW_NVIC.o [1]
  .rodata              const    0x00005f30    0x34  HW_PIT.o [1]
  .rodata              const    0x00005f64    0x30  assert.o [1]
  .rodata              const    0x00005f94    0x30  system_MK60.o [1]
  .rodata              const    0x00005fc4    0x30  system_MK60.o [1]
  .rodata              const    0x00005ff4    0x28  system_MK60.o [1]
  .text                ro code  0x0000601c    0x28  data_init.o [5]
  .rodata              const    0x00006044    0x24  system_MK60.o [1]
  .rodata              const    0x00006068    0x24  system_MK60.o [1]
  .iar.init_table      const    0x0000608c    0x10  - Linker created -
  .rodata              const    0x0000609c    0x20  system_MK60.o [1]
  .rodata              const    0x000060bc    0x20  system_MK60.o [1]
  .rodata              const    0x000060dc    0x20  system_MK60.o [1]
  .rodata              const    0x000060fc    0x20  system_MK60.o [1]
  .rodata              const    0x0000611c    0x1c  system_MK60.o [1]
  .rodata              const    0x00006138    0x1c  system_MK60.o [1]
  .rodata              const    0x00006154    0x1c  system_MK60.o [1]
  .text                ro code  0x00006170    0x1c  HW_ADC.o [1]
  .text                ro code  0x0000618c    0x1a  cmain.o [5]
  .text                ro code  0x000061a6     0x4  low_level_init.o [3]
  .text                ro code  0x000061aa     0x4  exit.o [3]
  .text                ro code  0x000061b0     0xa  cexit.o [5]
  .text                ro code  0x000061bc    0x14  exit.o [6]
  .rodata              const    0x000061d0    0x18  system_MK60.o [1]
  .rodata              const    0x000061e8    0x18  system_MK60.o [1]
  .rodata              const    0x00006200    0x18  system_MK60.o [1]
  .rodata              const    0x00006218    0x18  system_MK60.o [1]
  .rodata              const    0x00006230    0x18  system_MK60.o [1]
  .rodata              const    0x00006248    0x18  system_MK60.o [1]
  .rodata              const    0x00006260    0x18  system_MK60.o [1]
  .rodata              const    0x00006278    0x18  system_MK60.o [1]
  .rodata              const    0x00006290    0x18  system_MK60.o [1]
  .rodata              const    0x000062a8    0x18  system_MK60.o [1]
  .rodata              const    0x000062c0    0x14  system_MK60.o [1]
  .rodata              const    0x000062d4    0x14  system_MK60.o [1]
  .rodata              const    0x000062e8    0x14  system_MK60.o [1]
  .rodata              const    0x000062fc    0x14  system_MK60.o [1]
  .rodata              const    0x00006310    0x14  system_MK60.o [1]
  .rodata              const    0x00006324    0x14  system_MK60.o [1]
  .text                ro code  0x00006338    0x14  io.o [1]
  .rodata              const    0x0000634c    0x10  system_MK60.o [1]
  .rodata              const    0x0000635c    0x10  system_MK60.o [1]
  .rodata              const    0x0000636c    0x10  system_MK60.o [1]
  .rodata              const    0x0000637c     0xc  system_MK60.o [1]
  .rodata              const    0x00006388     0xc  system_MK60.o [1]
  .text                ro code  0x00006394     0xc  cstartup_M.o [5]
  .rodata              const    0x000063a0     0x8  system_MK60.o [1]
  .rodata              const    0x000063a8     0x8  system_MK60.o [1]
  .rodata              const    0x000063b0     0x8  system_MK60.o [1]
  .rodata              const    0x000063b8     0x8  system_MK60.o [1]
  .rodata              const    0x000063c0     0x8  system_MK60.o [1]
  .rodata              const    0x000063c8     0x8  system_MK60.o [1]
  .rodata              const    0x000063d0     0x8  system_MK60.o [1]
  .rodata              const    0x000063d8     0x8  system_MK60.o [1]
  .rodata              const    0x000063e0     0x8  system_MK60.o [1]
  .rodata              const    0x000063e8     0x8  system_MK60.o [1]
  .rodata              const    0x000063f0     0x8  system_MK60.o [1]
  .rodata              const    0x000063f8     0x8  system_MK60.o [1]
  .rodata              const    0x00006400     0x8  system_MK60.o [1]
  .rodata              const    0x00006408     0x8  system_MK60.o [1]
  .rodata              const    0x00006410     0x8  system_MK60.o [1]
  .rodata              const    0x00006418     0x8  system_MK60.o [1]
  .rodata              const    0x00006420     0x8  system_MK60.o [1]
  .rodata              const    0x00006428     0x8  system_MK60.o [1]
  .rodata              const    0x00006430     0x8  system_MK60.o [1]
                              - 0x00006438  0x6014

"P2":                                       0x1610
  .data                         0x1fff0410   0x228  <Block>
    .data-1                     0x1fff0410   0x228  <Init block>
      .data            inited   0x1fff0410     0x1  bz_led.o [1]
      .data            inited   0x1fff0411     0x1  debug.o [1]
      .data            inited   0x1fff0412     0x1  debug.o [1]
      .data            inited   0x1fff0413     0x1  freecars.o [1]
      .data            inited   0x1fff0414     0x4  HW_MCG.o [1]
      .data            inited   0x1fff0418     0x4  HW_MCG.o [1]
      .data            inited   0x1fff041c     0x4  HW_MCG.o [1]
      .data            inited   0x1fff0420     0x4  HW_MCG.o [1]
      .data            inited   0x1fff0424   0x210  OLED.o [1]
      .data            inited   0x1fff0634     0x4  system_MK60.o [1]
  CodeRelocateRam               0x1fff0638    0x50  <Block>
    CodeRelocateRam-1           0x1fff0638    0x50  <Init block>
      .textrw          inited   0x1fff0638    0x50  HW_MCG.o [1]
  .bss                          0x1fff0688   0x391  <Block>
    .bss               zero     0x1fff0688    0x48  freecars.o [1]
    .bss               zero     0x1fff06d0    0x14  bz_led.o [1]
    .bss               zero     0x1fff06e4    0x58  control.o [1]
    .bss               zero     0x1fff073c    0x14  debug.o [1]
    .bss               zero     0x1fff0750     0xc  del_sensor.o [1]
    .bss               zero     0x1fff075c    0x40  del_sensor.o [1]
    .bss               zero     0x1fff079c    0x50  freecars.o [1]
    .bss               zero     0x1fff07ec    0x6c  freecars.o [1]
    .bss               zero     0x1fff0858    0x1c  FTM.o [1]
    .bss               zero     0x1fff0874    0x1c  FTM.o [1]
    .bss               zero     0x1fff0890     0x8  HW_ADC.o [1]
    .bss               zero     0x1fff0898    0x40  HW_DMA.o [1]
    .bss               zero     0x1fff08d8     0xc  HW_FTM.o [1]
    .bss               zero     0x1fff08e4    0x14  HW_GPIO.o [1]
    .bss               zero     0x1fff08f8     0x8  HW_I2C.o [1]
    .bss               zero     0x1fff0900     0x4  HW_LPTMR.o [1]
    .bss               zero     0x1fff0904    0x10  HW_PIT.o [1]
    .bss               zero     0x1fff0914    0x18  HW_SPI.o [1]
    .bss               zero     0x1fff092c    0x18  HW_SPI.o [1]
    .bss               zero     0x1fff0944    0x18  HW_SPI.o [1]
    .bss               zero     0x1fff095c     0x4  HW_SYSTICK.o [1]
    .bss               zero     0x1fff0960    0x18  HW_UART.o [1]
    .bss               zero     0x1fff0978    0x18  HW_UART.o [1]
    .bss               zero     0x1fff0990    0x14  key.o [1]
    .bss               zero     0x1fff09a4    0x10  LDC1614.o [1]
    .bss               zero     0x1fff09b4     0x4  LDC1614.o [1]
    .bss               zero     0x1fff09b8    0x14  nvic.o [1]
    .bss               zero     0x1fff09cc    0x14  OLED.o [1]
    .bss               zero     0x1fff09e0    0x14  PIT.o [1]
    .bss               zero     0x1fff09f4    0x1c  UART.o [1]
    .bss               zero     0x1fff0a10     0x2  bz_led.o [1]
    .bss               zero     0x1fff0a12     0x2  main.o [1]
    .bss               zero     0x1fff0a14     0x2  main.o [1]
    .bss               zero     0x1fff0a16     0x1  control.o [1]
    .bss               zero     0x1fff0a17     0x1  main.o [1]
    .bss               zero     0x1fff0a18     0x1  motto.o [1]
  CSTACK                        0x1fff0a20  0x1000  <Block>
    CSTACK             uninit   0x1fff0a20  0x1000  <Block tail>
                              - 0x1fff1a20  0x1610


*******************************************************************************
*** INIT TABLE
***

          Address     Size
          -------     ----
Zero (__iar_zero_init3)
    1 destination range, total size 0x391:
          0x1fff0688  0x391



*******************************************************************************
*** MODULE SUMMARY
***

    Module                 ro code  rw code  ro data  rw data
    ------                 -------  -------  -------  -------
D:\LPLDV3.1\LPLD_OSKinetis_V3\project\freescale_cup(LDC)1.9(pid+fuzzy)\iar\FLASH\Obj: [1]
    FTM.o                      232                         56
    HW_ADC.o                    28                          8
    HW_DMA.o                   360                         64
    HW_FTM.o                 2 548                52       12
    HW_GPIO.o                  564                52       20
    HW_I2C.o                   200                          8
    HW_LPTMR.o                 108                          4
    HW_MCG.o                   508       80       96       16
    HW_NVIC.o                  472                52
    HW_PIT.o                   448                52       16
    HW_SPI.o                   536                         72
    HW_SYSTICK.o               120                          4
    HW_UART.o                2 284                         48
    LDC1614.o                  404                         20
    OLED.o                     792               528      548
    PID.o                      364
    PIT.o                      116                         20
    UART.o                      92                         28
    assert.o                    24                48
    bz_led.o                 1 060                 1       23
    control.o                  176                         89
    debug.o                    176                 2       22
    del_sensor.o             1 840                         76
    dirctl.o                   196
    freecars.o                 844                 1      261
    i2c.o                      668
    io.o                        20
    key.o                      248                         20
    main.o                     124                          5
    motto.o                    432                          1
    nvic.o                     248                         20
    printf.o                 1 384
    relocate.o                 192
    startup_K60DZ10.o        1 044
    stdlib.o                    34
    sysinit.o                  128
    system_MK60.o            1 556             1 216        4
    ---------------------------------------------------------
    Total:                  20 570       80    2 100    1 465

command line: [2]
    ---------------------------------------------------------
    Total:

dl7M_tln.a: [3]
    exit.o                       4
    low_level_init.o             4
    ---------------------------------------------------------
    Total:                       8

m7M_tl.a: [4]
    DblAdd.o                   232
    DblDiv.o                   582
    DblMul.o                   418
    DblSub.o                   384
    DblToFlt.o                 144
    DblToI32.o                  76
    FltAdd.o                   132
    FltCmpGe.o                  36
    FltCmpLe.o                  36
    FltMul.o                   216
    FltSub.o                   230
    FltToDbl.o                  78
    FltToU32.o                  36
    I32ToDbl.o                  44
    I32ToFlt.o                  46
    ---------------------------------------------------------
    Total:                   2 690

rt7M_tl.a: [5]
    ABImemcpy_unaligned.o       86
    cexit.o                     10
    cmain.o                     26
    cstartup_M.o                12
    data_init.o                 40
    zero_init3.o                34
    ---------------------------------------------------------
    Total:                     208

shb_l.a: [6]
    exit.o                      20
    ---------------------------------------------------------
    Total:                      20

    Gaps                        16
    Linker created               8                20    4 096
-------------------------------------------------------------
    Grand Total:            23 520       80    2 120    5 561


*******************************************************************************
*** ENTRY LIST
***

Entry                      Address   Size  Type      Object
-----                      -------   ----  ----      ------
.bss$$Base              0x1fff0688          --   Gb  - Linker created -
.bss$$Limit             0x1fff0a19          --   Gb  - Linker created -
.data$$Base             0x1fff0410          --   Gb  - Linker created -
.data$$Limit            0x1fff0638          --   Gb  - Linker created -
.data_init$$Base        0x00004834          --   Gb  - Linker created -
.data_init$$Limit       0x00004a60          --   Gb  - Linker created -
?main                   0x0000618d         Code  Gb  cmain.o [5]
ADC0_IRQHandler         0x00006171    0xa  Code  Gb  HW_ADC.o [1]
ADC1_IRQHandler         0x0000617b    0xa  Code  Gb  HW_ADC.o [1]
ADC_ISR                 0x1fff0890    0x8  Data  Gb  HW_ADC.o [1]
ASSERT_FAILED_STR       0x00005f64   0x30  Data  Gb  assert.o [1]
CSTACK$$Base            0x1fff0a20          --   Gb  - Linker created -
CSTACK$$Limit           0x1fff1a20          --   Gb  - Linker created -
CTL_SEN_init            0x00005af9   0x2c  Code  Gb  control.o [1]
CTL_isr                 0x00005b25   0x62  Code  Gb  control.o [1]
CodeRelocate$$Base      0x00005d74          --   Gb  - Linker created -
CodeRelocate$$Limit     0x00005dc4          --   Gb  - Linker created -
CodeRelocateRam$$Base   0x1fff0638          --   Gb  - Linker created -
CodeRelocateRam$$Limit  0x1fff0688          --   Gb  - Linker created -
DMA0_IRQHandler         0x0000552d   0x16  Code  Gb  HW_DMA.o [1]
DMA10_IRQHandler        0x00005609   0x16  Code  Gb  HW_DMA.o [1]
DMA11_IRQHandler        0x0000561f   0x16  Code  Gb  HW_DMA.o [1]
DMA12_IRQHandler        0x00005635   0x16  Code  Gb  HW_DMA.o [1]
DMA13_IRQHandler        0x0000564b   0x16  Code  Gb  HW_DMA.o [1]
DMA14_IRQHandler        0x00005661   0x16  Code  Gb  HW_DMA.o [1]
DMA15_IRQHandler        0x00005677   0x16  Code  Gb  HW_DMA.o [1]
DMA1_IRQHandler         0x00005543   0x16  Code  Gb  HW_DMA.o [1]
DMA2_IRQHandler         0x00005559   0x16  Code  Gb  HW_DMA.o [1]
DMA3_IRQHandler         0x0000556f   0x16  Code  Gb  HW_DMA.o [1]
DMA4_IRQHandler         0x00005585   0x16  Code  Gb  HW_DMA.o [1]
DMA5_IRQHandler         0x0000559b   0x16  Code  Gb  HW_DMA.o [1]
DMA6_IRQHandler         0x000055b1   0x16  Code  Gb  HW_DMA.o [1]
DMA7_IRQHandler         0x000055c7   0x16  Code  Gb  HW_DMA.o [1]
DMA8_IRQHandler         0x000055dd   0x16  Code  Gb  HW_DMA.o [1]
DMA9_IRQHandler         0x000055f3   0x16  Code  Gb  HW_DMA.o [1]
DMA_ISR                 0x1fff0898   0x40  Data  Gb  HW_DMA.o [1]
DateAnalyse             0x00001ddf  0x61a  Code  Gb  del_sensor.o [1]
DefaultISR              0x00003dbd   0x18  Code  Gb  system_MK60.o [1]
Diagnostic_Reset_Source
                        0x00004071   0x82  Code  Lc  system_MK60.o [1]
Draw_BMP                0x000047ad   0x80  Code  Gb  OLED.o [1]
FTM0_IRQHandler         0x00000d89    0xa  Code  Gb  HW_FTM.o [1]
FTM1_IRQHandler         0x00000d93    0xa  Code  Gb  HW_FTM.o [1]
FTM2_IRQHandler         0x00000d9d    0xa  Code  Gb  HW_FTM.o [1]
FTM_ISR                 0x1fff08d8    0xc  Data  Gb  HW_FTM.o [1]
FreeCarsDataNum         0x1fff0413    0x1  Data  Gb  freecars.o [1]
GPIO_ISR                0x1fff08e4   0x14  Data  Gb  HW_GPIO.o [1]
HardFault_Handler       0x00003db1    0xc  Code  Gb  system_MK60.o [1]
I2C0_IRQHandler         0x0000596d   0x5a  Code  Gb  HW_I2C.o [1]
I2C1_IRQHandler         0x000059c7   0x5a  Code  Gb  HW_I2C.o [1]
I2CSendByte             0x00002f91   0x42  Code  Gb  i2c.o [1]
I2C_CLK_INIT            0x00002e2f   0x34  Code  Gb  i2c.o [1]
I2C_DAT_IN              0x00002e63   0x34  Code  Gb  i2c.o [1]
I2C_ISR                 0x1fff08f8    0x8  Data  Gb  HW_I2C.o [1]
I2C_start               0x00002e97   0x3a  Code  Gb  i2c.o [1]
I2C_stop                0x00002ed1   0x2e  Code  Gb  i2c.o [1]
I2Ccheck_ACK            0x00002eff   0x3c  Code  Gb  i2c.o [1]
I2Cdelay_1us            0x00002e21    0xe  Code  Gb  i2c.o [1]
I2CreceiveByte          0x00002fd3   0x62  Code  Gb  i2c.o [1]
I2Cslave_ACK            0x00002f3b   0x2e  Code  Gb  i2c.o [1]
I2Cslave_NOACK          0x00002f69   0x28  Code  Gb  i2c.o [1]
LDC1614_init            0x00002451   0xe2  Code  Gb  LDC1614.o [1]
LDC1614_read_meas       0x00002541   0x9c  Code  Gb  LDC1614.o [1]
LDC1614_start_meas      0x00002533    0xe  Code  Gb  LDC1614.o [1]
LDC_READ                0x00003079   0x44  Code  Gb  i2c.o [1]
LDC_SEND                0x00003049   0x30  Code  Gb  i2c.o [1]
LDC_data                0x1fff09a4   0x10  Data  Gb  LDC1614.o [1]
LDC_flag                0x1fff09b4    0x4  Data  Gb  LDC1614.o [1]
LPLD_FTM_ClearCounter   0x00000615    0x6  Code  Gb  HW_FTM.o [1]
LPLD_FTM_DEC_Init       0x00000d81    0x8  Code  Lc  HW_FTM.o [1]
LPLD_FTM_GetCounter     0x0000060f    0x6  Code  Gb  HW_FTM.o [1]
LPLD_FTM_IC_Init        0x000007b3   0x9e  Code  Lc  HW_FTM.o [1]
LPLD_FTM_Init           0x00000425  0x128  Code  Gb  HW_FTM.o [1]
LPLD_FTM_PWM_ChangeDuty
                        0x000005bf   0x50  Code  Gb  HW_FTM.o [1]
LPLD_FTM_PWM_Enable     0x0000054d   0x72  Code  Gb  HW_FTM.o [1]
LPLD_FTM_PWM_Init       0x0000064f  0x164  Code  Lc  HW_FTM.o [1]
LPLD_FTM_PinInit        0x00000851  0x4d0  Code  Lc  HW_FTM.o [1]
LPLD_FTM_QD_Enable      0x0000061b   0x34  Code  Gb  HW_FTM.o [1]
LPLD_FTM_QD_Init        0x00000d45   0x3c  Code  Lc  HW_FTM.o [1]
LPLD_GPIO_EnableIrq     0x0000396b   0x5a  Code  Gb  HW_GPIO.o [1]
LPLD_GPIO_Init          0x00003865  0x106  Code  Gb  HW_GPIO.o [1]
LPLD_GPIO_Output_b      0x000039c5   0x18  Code  Gb  HW_GPIO.o [1]
LPLD_LPTMR_DelayMs      0x000025e5   0x40  Code  Gb  HW_LPTMR.o [1]
LPLD_NVIC_Init          0x00004d23  0x112  Code  Gb  HW_NVIC.o [1]
LPLD_PIT_Deinit         0x00003b5f   0x32  Code  Gb  HW_PIT.o [1]
LPLD_PIT_EnableIrq      0x00003b91   0x26  Code  Gb  HW_PIT.o [1]
LPLD_PIT_Init           0x00003aad   0xb2  Code  Gb  HW_PIT.o [1]
LPLD_PLL_Setup          0x00004321  0x1fc  Code  Gb  HW_MCG.o [1]
LPLD_SYSTICK_DelayUs    0x000037d9   0x50  Code  Gb  HW_SYSTICK.o [1]
LPLD_Set_SYS_DIV        0x1fff0639   0x50  Code  Gb  HW_MCG.o [1]
LPLD_UART_EnableIrq     0x00001987   0x98  Code  Gb  HW_UART.o [1]
LPLD_UART_GetChar       0x0000196f    0xe  Code  Gb  HW_UART.o [1]
LPLD_UART_Init          0x0000144b  0x524  Code  Gb  HW_UART.o [1]
LPLD_UART_PutChar       0x0000197d    0xa  Code  Gb  HW_UART.o [1]
LPTMR_ISR               0x1fff0900    0x4  Data  Gb  HW_LPTMR.o [1]
LPT_IRQHandler          0x00002625   0x16  Code  Gb  HW_LPTMR.o [1]
MCNT_isr                0x00005d33   0x30  Code  Gb  main.o [1]
NVIC_DisableIRQ         0x00004cab   0x14  Code  Lc  HW_NVIC.o [1]
NVIC_DisableIRQ         0x00003a99   0x14  Code  Lc  HW_PIT.o [1]
NVIC_EnableIRQ          0x00003851   0x14  Code  Lc  HW_GPIO.o [1]
NVIC_EnableIRQ          0x00004c97   0x14  Code  Lc  HW_NVIC.o [1]
NVIC_EnableIRQ          0x00003a85   0x14  Code  Lc  HW_PIT.o [1]
NVIC_EnableIRQ          0x00001435   0x16  Code  Lc  HW_UART.o [1]
NVIC_EncodePriority     0x00004ce5   0x3e  Code  Lc  HW_NVIC.o [1]
NVIC_SetPriority        0x00004cbf   0x26  Code  Lc  HW_NVIC.o [1]
NVIC_SetPriorityGrouping
                        0x00004c79   0x1e  Code  Lc  HW_NVIC.o [1]
NVIC_init               0x0000578d   0xf8  Code  Gb  nvic.o [1]
OLEDIO_init             0x0000451d   0x44  Code  Gb  OLED.o [1]
OLEDIO_inittype         0x1fff09cc   0x14  Data  Gb  OLED.o [1]
OLED_DLY_ms             0x0000469d   0x1c  Code  Gb  OLED.o [1]
OLED_Fill               0x0000465d   0x40  Code  Gb  OLED.o [1]
OLED_Init               0x000046b9   0xf4  Code  Gb  OLED.o [1]
OLED_Set_Pos            0x0000462f   0x2e  Code  Gb  OLED.o [1]
OLED_WrCmd              0x000045c9   0x66  Code  Gb  OLED.o [1]
OLED_WrDat              0x00004561   0x66  Code  Gb  OLED.o [1]
OS_CPU_SysTickHandler   0x00003829    0xa  Code  Gb  HW_SYSTICK.o [1]
PID_out                 0x00005371  0x16c  Code  Gb  PID.o [1]
PIT0_IRQHandler         0x00003bb7   0x16  Code  Gb  HW_PIT.o [1]
PIT0_init               0x00005c85   0x34  Code  Gb  PIT.o [1]
PIT1_IRQHandler         0x00003bcd   0x16  Code  Gb  HW_PIT.o [1]
PIT1_init               0x00005cb9   0x34  Code  Gb  PIT.o [1]
PIT2_IRQHandler         0x00003be3   0x16  Code  Gb  HW_PIT.o [1]
PIT3_IRQHandler         0x00003bf9   0x16  Code  Gb  HW_PIT.o [1]
PIT_ISR                 0x1fff0904   0x10  Data  Gb  HW_PIT.o [1]
PORTA_IRQHandler        0x000039dd   0x12  Code  Gb  HW_GPIO.o [1]
PORTB_IRQHandler        0x000039ef   0x12  Code  Gb  HW_GPIO.o [1]
PORTC_IRQHandler        0x00003a01   0x12  Code  Gb  HW_GPIO.o [1]
PORTD_IRQHandler        0x00003a13   0x12  Code  Gb  HW_GPIO.o [1]
PORTE_IRQHandler        0x00003a25   0x12  Code  Gb  HW_GPIO.o [1]
PWM_init                0x00005885   0x58  Code  Gb  FTM.o [1]
Region$$Table$$Base     0x0000608c          --   Gb  - Linker created -
Region$$Table$$Limit    0x0000609c          --   Gb  - Linker created -
S3010_CTL               0x00005a35   0xc4  Code  Gb  dirctl.o [1]
S3010_init              0x000058dd   0x48  Code  Gb  FTM.o [1]
SPI0_IRQHandler         0x00004a61   0xaa  Code  Gb  HW_SPI.o [1]
SPI0_ISR                0x1fff0914   0x18  Data  Gb  HW_SPI.o [1]
SPI1_IRQHandler         0x00004b0b   0xaa  Code  Gb  HW_SPI.o [1]
SPI1_ISR                0x1fff092c   0x18  Data  Gb  HW_SPI.o [1]
SPI2_IRQHandler         0x00004bb5   0xaa  Code  Gb  HW_SPI.o [1]
SPI2_ISR                0x1fff0944   0x18  Data  Gb  HW_SPI.o [1]
SYSTICK_ISR             0x1fff095c    0x4  Data  Gb  HW_SYSTICK.o [1]
SerialPortRx            0x1fff07ec   0x6c  Data  Gb  freecars.o [1]
Straight_Flag           0x1fff0a18    0x1  Data  Gb  motto.o [1]
SystemCoreClock         0x1fff0634    0x4  Data  Gb  system_MK60.o [1]
SystemCoreClockUpdate   0x00003d81   0x30  Code  Gb  system_MK60.o [1]
SystemInit              0x00003c45  0x13c  Code  Gb  system_MK60.o [1]
UART0_ERR_IRQHandler    0x00001d15    0x2  Code  Gb  HW_UART.o [1]
UART0_IRQHandler        0x00001a1f   0x58  Code  Gb  HW_UART.o [1]
UART1_ERR_IRQHandler    0x00001d17    0x2  Code  Gb  HW_UART.o [1]
UART1_IRQHandler        0x00001a77   0x58  Code  Gb  HW_UART.o [1]
UART2_ERR_IRQHandler    0x00001d19    0x2  Code  Gb  HW_UART.o [1]
UART2_IRQHandler        0x00001acf   0x58  Code  Gb  HW_UART.o [1]
UART3_ERR_IRQHandler    0x00001d1b    0x2  Code  Gb  HW_UART.o [1]
UART3_IRQHandler        0x00001b27   0x58  Code  Gb  HW_UART.o [1]
UART4_ERR_IRQHandler    0x00001d1d    0x2  Code  Gb  HW_UART.o [1]
UART4_IRQHandler        0x00001b7f   0x58  Code  Gb  HW_UART.o [1]
UART5_ERR_IRQHandler    0x00001d1f    0x2  Code  Gb  HW_UART.o [1]
UART5_IRQHandler        0x00001bd7   0x58  Code  Gb  HW_UART.o [1]
UART_R_ISR              0x1fff0960   0x18  Data  Gb  HW_UART.o [1]
UART_T_ISR              0x1fff0978   0x18  Data  Gb  HW_UART.o [1]
UART_init               0x00005c29   0x5c  Code  Gb  UART.o [1]
UartCmd                 0x0000290d   0x6a  Code  Gb  freecars.o [1]
UartData                0x1fff0688   0x48  Data  Gb  freecars.o [1]
UartDebug               0x000028e7   0x26  Code  Gb  freecars.o [1]
__BOOT_STACK_ADDRESS {Abs}
                        0x2000fff8          --   Gb  command line/config [2]
__VECTOR_RAM {Abs}      0x1fff0000          --   Gb  command line/config [2]
__VECTOR_TABLE {Abs}    0x00000000          --   Gb  command line/config [2]
__Vectors               0x00000000          --   Gb  startup_K60DZ10.o [1]
__Vectors_End           0x00000400         Data  Gb  startup_K60DZ10.o [1]
__Vectors_Size {Abs}    0x00000400          --   Gb  startup_K60DZ10.o [1]
__aeabi_cfcmple         0x00005025         Code  Gb  FltCmpLe.o [4]
__aeabi_cfrcmple        0x00005001         Code  Gb  FltCmpGe.o [4]
__aeabi_d2f             0x0000506d         Code  Gb  DblToFlt.o [4]
__aeabi_d2iz            0x00002dd5         Code  Gb  DblToI32.o [4]
__aeabi_dadd            0x00002ced         Code  Gb  DblAdd.o [4]
__aeabi_ddiv            0x000030bd         Code  Gb  DblDiv.o [4]
__aeabi_dmul            0x000029c9         Code  Gb  DblMul.o [4]
__aeabi_dsub            0x00002b6d         Code  Gb  DblSub.o [4]
__aeabi_f2d             0x000054dd         Code  Gb  FltToDbl.o [4]
__aeabi_f2uiz           0x00005049         Code  Gb  FltToU32.o [4]
__aeabi_fadd            0x000052ed         Code  Gb  FltAdd.o [4]
__aeabi_fmul            0x00005215         Code  Gb  FltMul.o [4]
__aeabi_fsub            0x0000512d         Code  Gb  FltSub.o [4]
__aeabi_i2d             0x0000299d         Code  Gb  I32ToDbl.o [4]
__aeabi_i2f             0x000050fd         Code  Gb  I32ToFlt.o [4]
__as_entries_start      0xffffffff          --   Gb  command line/config [2]
__as_table_start        0xffffffff          --   Gb  command line/config [2]
__cmain                 0x0000618d         Code  Gb  cmain.o [5]
__exit                  0x000061bd   0x14  Code  Gb  exit.o [6]
__iar_d2uiz             0x00002e01         Code  Gb  DblToI32.o [4]
__iar_dadd              0x00002d01         Code  Gb  DblAdd.o [4]
__iar_data_init3        0x0000601d   0x28  Code  Gb  data_init.o [5]
__iar_dsub              0x00002b81         Code  Gb  DblSub.o [4]
__iar_dsubStart         0x00002b93         Code  Gb  DblSub.o [4]
__iar_fadd              0x000052fd         Code  Gb  FltAdd.o [4]
__iar_fsub              0x0000513d         Code  Gb  FltSub.o [4]
__iar_fsubStart         0x0000514d         Code  Gb  FltSub.o [4]
__iar_program_start     0x00006395         Code  Gb  cstartup_M.o [5]
__iar_ui2d              0x000029b1         Code  Gb  I32ToDbl.o [4]
__iar_ui2f              0x00005111         Code  Gb  I32ToFlt.o [4]
__iar_unaligned___aeabi_memcpy4
                        0x00000e31         Code  Gb  ABImemcpy_unaligned.o [5]
__iar_unaligned___aeabi_memcpy8
                        0x00000e31         Code  Gb  ABImemcpy_unaligned.o [5]
__iar_zero_init3        0x00000e87   0x22  Code  Gb  zero_init3.o [5]
__low_level_init        0x000061a7    0x4  Code  Gb  low_level_init.o [3]
__vector_table          0x00000000         Data  Gb  startup_K60DZ10.o [1]
__vector_table_0x1c     0x0000001c         Data  Gb  startup_K60DZ10.o [1]
_call_main              0x00006199         Code  Gb  cmain.o [5]
_exit                   0x000061b1         Code  Gb  cexit.o [5]
_main                   0x000061a3         Code  Gb  cmain.o [5]
assert_failed           0x00000e19   0x18  Code  Gb  assert.o [1]
bz_cnt                  0x1fff0a10    0x2  Data  Gb  bz_led.o [1]
bz_datarec              0x00003495   0xb4  Code  Gb  bz_led.o [1]
bz_fuzzyrec             0x00003549   0xb8  Code  Gb  bz_led.o [1]
bz_norm                 0x00003601   0x4a  Code  Gb  bz_led.o [1]
bz_ready                0x0000337f  0x116  Code  Gb  bz_led.o [1]
bz_set                  0x0000370d    0xc  Code  Gb  bz_led.o [1]
bz_style                0x1fff0410    0x1  Data  Gb  bz_led.o [1]
bz_warn                 0x0000364b   0xc2  Code  Gb  bz_led.o [1]
bzled_init              0x00003305   0x42  Code  Gb  bz_led.o [1]
bzled_inittype          0x1fff06d0   0x14  Data  Gb  bz_led.o [1]
bzled_work              0x00003347   0x38  Code  Gb  bz_led.o [1]
common_relocate         0x00004259   0xc0  Code  Gb  relocate.o [1]
cpu_identify            0x00003dd9  0x1f2  Code  Lc  system_MK60.o [1]
ctl                     0x1fff06e4   0x58  Data  Gb  control.o [1]
ctl_sped                0x00004ee5   0xf8  Code  Gb  motto.o [1]
debug_end               0x00003729   0x1c  Code  Gb  debug.o [1]
debugpit_init_struct    0x1fff073c   0x14  Data  Gb  debug.o [1]
dec_sec                 0x1fff0411    0x1  Data  Gb  debug.o [1]
exit                    0x000061ab    0x4  Code  Gb  exit.o [3]
flag_stop               0x1fff0412    0x1  Data  Gb  debug.o [1]
flash_identify          0x00003fcb   0xa6  Code  Lc  system_MK60.o [1]
freecars_isr            0x000026d9  0x20e  Code  Gb  freecars.o [1]
ftm_init_struct         0x1fff0858   0x1c  Data  Gb  FTM.o [1]
g_bus_clock             0x1fff0418    0x4  Data  Gb  HW_MCG.o [1]
g_core_clock            0x1fff0414    0x4  Data  Gb  HW_MCG.o [1]
g_flash_clock           0x1fff041c    0x4  Data  Gb  HW_MCG.o [1]
g_flexbus_clock         0x1fff0420    0x4  Data  Gb  HW_MCG.o [1]
key                     0x000056e1   0x98  Code  Gb  key.o [1]
key_init                0x00005695   0x4a  Code  Gb  key.o [1]
key_inittype            0x1fff0990   0x14  Data  Gb  key.o [1]
line                    0x1fff0750    0xc  Data  Gb  del_sensor.o [1]
main                    0x00005cf9   0x3a  Code  Gb  main.o [1]
motto_getsped           0x00004ed1   0x14  Code  Gb  motto.o [1]
motto_set               0x00004e51   0x80  Code  Gb  motto.o [1]
mushroom                0x1fff0424  0x210  Data  Gb  OLED.o [1]
nvic_init_struct        0x1fff09b8   0x14  Data  Gb  nvic.o [1]
out_char                0x00006339   0x10  Code  Gb  io.o [1]
pit_init_struct         0x1fff09e0   0x14  Data  Gb  PIT.o [1]
printf                  0x000013e7   0x26  Code  Gb  printf.o [1]
printk                  0x00000fd1  0x416  Code  Gb  printf.o [1]
printk_mknumstr         0x00000edb   0xaa  Code  Lc  printf.o [1]
printk_pad_space        0x00000fab   0x26  Code  Lc  printf.o [1]
printk_pad_zero         0x00000f85   0x26  Code  Lc  printf.o [1]
printk_putc             0x00000ea9   0x32  Code  Lc  printf.o [1]
push                    0x00002651   0x30  Code  Gb  freecars.o [1]
qei_init                0x00005925   0x32  Code  Gb  FTM.o [1]
qei_init_struct         0x1fff0874   0x1c  Data  Gb  FTM.o [1]
safty_check             0x00003793   0x2c  Code  Gb  debug.o [1]
sendDataToScope         0x00002681   0x58  Code  Gb  freecars.o [1]
send_cnt                0x1fff0a17    0x1  Data  Gb  main.o [1]
sensor                  0x1fff075c   0x40  Data  Gb  del_sensor.o [1]
sensor_isr              0x00001d21    0x2  Code  Gb  del_sensor.o [1]
sensor_offset           0x00001d23   0xbc  Code  Gb  del_sensor.o [1]
strlen                  0x00001411   0x22  Code  Gb  stdlib.o [1]
sysinit                 0x00005ba9   0x80  Code  Gb  sysinit.o [1]
temp                    0x1fff0a14    0x2  Data  Gb  main.o [1]
timer_cnt               0x1fff0a12    0x2  Data  Gb  main.o [1]
timer_debug             0x00003745   0x4e  Code  Gb  debug.o [1]
uSendBuf                0x1fff079c   0x50  Data  Gb  freecars.o [1]
uart_init_struct        0x1fff09f4   0x1c  Data  Gb  UART.o [1]


[1] = D:\LPLDV3.1\LPLD_OSKinetis_V3\project\freescale_cup(LDC)1.9(pid+fuzzy)\iar\FLASH\Obj
[2] = command line
[3] = dl7M_tln.a
[4] = m7M_tl.a
[5] = rt7M_tl.a
[6] = shb_l.a

  23 520 bytes of readonly  code memory
      80 bytes of readwrite code memory
   2 120 bytes of readonly  data memory
   5 561 bytes of readwrite data memory

Errors: none
Warnings: none
