###############################################################################
#
# IAR ANSI C/C++ Compiler V7.20.2.7424/W32 for ARM        05/Mar/2016  08:12:45
# Copyright 1999-2014 IAR Systems AB.
#
#    Cpu mode     =  thumb
#    Endian       =  little
#    Source file  =  D:\LPLDV3.1\LPLD_OSKinetis_V3\lib\common\queue.c
#    Command line =  
#        D:\LPLDV3.1\LPLD_OSKinetis_V3\lib\common\queue.c -D LPLD_K60 -D
#        USE_K60DZ10 -lCN
#        "D:\LPLDV3.1\LPLD_OSKinetis_V3\project\freescale_cup(LDC)1.9(pid+fuzzy)\iar\FLASH\List\"
#        -lB
#        "D:\LPLDV3.1\LPLD_OSKinetis_V3\project\freescale_cup(LDC)1.9(pid+fuzzy)\iar\FLASH\List\"
#        -o
#        "D:\LPLDV3.1\LPLD_OSKinetis_V3\project\freescale_cup(LDC)1.9(pid+fuzzy)\iar\FLASH\Obj\"
#        --no_cse --no_unroll --no_inline --no_code_motion --no_tbaa
#        --no_clustering --no_scheduling --debug --endian=little
#        --cpu=Cortex-M4 -e --fpu=None --dlib_config "C:\Program Files
#        (x86)\IAR Systems\Embedded Workbench
#        7.0\arm\INC\c\DLib_Config_Normal.h" -I
#        "D:\LPLDV3.1\LPLD_OSKinetis_V3\project\freescale_cup(LDC)1.9(pid+fuzzy)\iar\..\app\"
#        -I
#        "D:\LPLDV3.1\LPLD_OSKinetis_V3\project\freescale_cup(LDC)1.9(pid+fuzzy)\iar\..\app\MAIN\"
#        -I
#        "D:\LPLDV3.1\LPLD_OSKinetis_V3\project\freescale_cup(LDC)1.9(pid+fuzzy)\iar\..\app\BSP\"
#        -I
#        "D:\LPLDV3.1\LPLD_OSKinetis_V3\project\freescale_cup(LDC)1.9(pid+fuzzy)\iar\..\app\CTL\"
#        -I
#        "D:\LPLDV3.1\LPLD_OSKinetis_V3\project\freescale_cup(LDC)1.9(pid+fuzzy)\iar\..\app\sensor\"
#        -I
#        "D:\LPLDV3.1\LPLD_OSKinetis_V3\project\freescale_cup(LDC)1.9(pid+fuzzy)\iar\..\app\ITAC\"
#        -I
#        "D:\LPLDV3.1\LPLD_OSKinetis_V3\project\freescale_cup(LDC)1.9(pid+fuzzy)\iar\..\..\..\lib\CPU\"
#        -I
#        "D:\LPLDV3.1\LPLD_OSKinetis_V3\project\freescale_cup(LDC)1.9(pid+fuzzy)\iar\..\..\..\lib\common\"
#        -I
#        "D:\LPLDV3.1\LPLD_OSKinetis_V3\project\freescale_cup(LDC)1.9(pid+fuzzy)\iar\..\..\..\lib\LPLD\"
#        -I
#        "D:\LPLDV3.1\LPLD_OSKinetis_V3\project\freescale_cup(LDC)1.9(pid+fuzzy)\iar\..\..\..\lib\LPLD\HW\"
#        -I
#        "D:\LPLDV3.1\LPLD_OSKinetis_V3\project\freescale_cup(LDC)1.9(pid+fuzzy)\iar\..\..\..\lib\LPLD\DEV\"
#        -I
#        "D:\LPLDV3.1\LPLD_OSKinetis_V3\project\freescale_cup(LDC)1.9(pid+fuzzy)\iar\..\..\..\lib\LPLD\FUNC\"
#        -I
#        "D:\LPLDV3.1\LPLD_OSKinetis_V3\project\freescale_cup(LDC)1.9(pid+fuzzy)\iar\..\..\..\lib\uCOS-II\Ports\"
#        -I
#        "D:\LPLDV3.1\LPLD_OSKinetis_V3\project\freescale_cup(LDC)1.9(pid+fuzzy)\iar\..\..\..\lib\uCOS-II\Source\"
#        -I
#        "D:\LPLDV3.1\LPLD_OSKinetis_V3\project\freescale_cup(LDC)1.9(pid+fuzzy)\iar\..\..\..\lib\FatFs\"
#        -I
#        "D:\LPLDV3.1\LPLD_OSKinetis_V3\project\freescale_cup(LDC)1.9(pid+fuzzy)\iar\..\..\..\lib\FatFs\option\"
#        -I
#        "D:\LPLDV3.1\LPLD_OSKinetis_V3\project\freescale_cup(LDC)1.9(pid+fuzzy)\iar\..\..\..\lib\USB\common\"
#        -I
#        "D:\LPLDV3.1\LPLD_OSKinetis_V3\project\freescale_cup(LDC)1.9(pid+fuzzy)\iar\..\..\..\lib\USB\driver\"
#        -I
#        "D:\LPLDV3.1\LPLD_OSKinetis_V3\project\freescale_cup(LDC)1.9(pid+fuzzy)\iar\..\..\..\lib\USB\descriptor\"
#        -I
#        "D:\LPLDV3.1\LPLD_OSKinetis_V3\project\freescale_cup(LDC)1.9(pid+fuzzy)\iar\..\..\..\lib\USB\class\"
#        -On -I "C:\Program Files (x86)\IAR Systems\Embedded Workbench
#        7.0\arm\CMSIS\Include\" -D ARM_MATH_CM4
#    List file    =  
#        D:\LPLDV3.1\LPLD_OSKinetis_V3\project\freescale_cup(LDC)1.9(pid+fuzzy)\iar\FLASH\List\queue.lst
#    Object file  =  
#        D:\LPLDV3.1\LPLD_OSKinetis_V3\project\freescale_cup(LDC)1.9(pid+fuzzy)\iar\FLASH\Obj\queue.o
#
###############################################################################

D:\LPLDV3.1\LPLD_OSKinetis_V3\lib\common\queue.c
      1          /**
      2           * @file queue.c
      3           * @version 3.0[By LPLD]
      4           * @date 2013-06-18
      5           * @brief 实现先进先出链表
      6           *
      7           * 更改建议:不建议修改
      8           *
      9           * 版权所有:北京拉普兰德电子技术有限公司
     10           * http://www.lpld.cn
     11           * mail:support@lpld.cn
     12           *
     13           * @par
     14           * 本代码由拉普兰德[LPLD]开发并维护，并向所有使用者开放源代码。
     15           * 开发者可以随意修使用或改源代码。但本段及以上注释应予以保留。
     16           * 不得更改或删除原版权所有者姓名，二次开发者可以加注二次版权所有者。
     17           * 但应在遵守此协议的基础上，开放源代码、不得出售代码本身。
     18           * 拉普兰德不负责由于使用本代码所带来的任何事故、法律责任或相关不良影响。
     19           * 拉普兰德无义务解释、说明本代码的具体原理、功能、实现方法。
     20           * 除非拉普兰德[LPLD]授权，开发者不得将本代码用于商业产品。
     21           */
     22          
     23          #include "common.h"
     24          #include "queue.h"
     25          
     26          /********************************************************************/
     27          /* 
     28           * Initialize the specified queue to an empty state
     29           * 
     30           * Parameters:
     31           *  q   Pointer to queue structure
     32           */

   \                                 In section .text, align 2, keep-with-next
     33          void queue_init(QUEUE *q)
     34          {
     35              q->head = NULL;
   \                     queue_init: (+1)
   \   00000000   0x2100             MOVS     R1,#+0
   \   00000002   0x6001             STR      R1,[R0, #+0]
     36          }
   \   00000004   0x4770             BX       LR               ;; return
     37          /********************************************************************/
     38          /* 
     39           * Check for an empty queue
     40           *
     41           * Parameters:
     42           *  q       Pointer to queue structure
     43           * 
     44           * Return Value:
     45           *  1 if Queue is empty
     46           *  0 otherwise
     47           */

   \                                 In section .text, align 2, keep-with-next
     48          int32 queue_isempty(QUEUE *q)
     49          {
     50              return (q->head == NULL);
   \                     queue_isempty: (+1)
   \   00000000   0x6800             LDR      R0,[R0, #+0]
   \   00000002   0x2800             CMP      R0,#+0
   \   00000004   0xD101             BNE.N    ??queue_isempty_0
   \   00000006   0x2001             MOVS     R0,#+1
   \   00000008   0xE000             B.N      ??queue_isempty_1
   \                     ??queue_isempty_0: (+1)
   \   0000000A   0x2000             MOVS     R0,#+0
   \                     ??queue_isempty_1: (+1)
   \   0000000C   0xB2C0             UXTB     R0,R0            ;; ZeroExt  R0,R0,#+24,#+24
   \   0000000E   0x4770             BX       LR               ;; return
     51          }
     52          /********************************************************************/
     53          /* 
     54           * Add an item to the end of the queue 
     55           *
     56           * Parameters:
     57           *  q       Pointer to queue structure
     58           *  node    New node to add to the queue
     59           */

   \                                 In section .text, align 2, keep-with-next
     60          void queue_add(QUEUE *q, QNODE *node)
     61          {
   \                     queue_add: (+1)
   \   00000000   0xB538             PUSH     {R3-R5,LR}
   \   00000002   0x0004             MOVS     R4,R0
   \   00000004   0x000D             MOVS     R5,R1
     62              if (queue_isempty(q))
   \   00000006   0x0020             MOVS     R0,R4
   \   00000008   0x.... 0x....      BL       queue_isempty
   \   0000000C   0x2800             CMP      R0,#+0
   \   0000000E   0xD003             BEQ.N    ??queue_add_0
     63              {
     64                  q->head = q->tail = node;
   \   00000010   0x6065             STR      R5,[R4, #+4]
   \   00000012   0x6860             LDR      R0,[R4, #+4]
   \   00000014   0x6020             STR      R0,[R4, #+0]
   \   00000016   0xE002             B.N      ??queue_add_1
     65              }
     66              else
     67              {
     68                  q->tail->next = node;
   \                     ??queue_add_0: (+1)
   \   00000018   0x6860             LDR      R0,[R4, #+4]
   \   0000001A   0x6005             STR      R5,[R0, #+0]
     69                  q->tail = node;
   \   0000001C   0x6065             STR      R5,[R4, #+4]
     70              }
     71              
     72              node->next = NULL;
   \                     ??queue_add_1: (+1)
   \   0000001E   0x2000             MOVS     R0,#+0
   \   00000020   0x6028             STR      R0,[R5, #+0]
     73          }
   \   00000022   0xBD31             POP      {R0,R4,R5,PC}    ;; return
     74          
     75          /********************************************************************/
     76          /* 
     77           * Remove and return first (oldest) entry from the specified queue 
     78           *
     79           * Parameters:
     80           *  q       Pointer to queue structure
     81           *
     82           * Return Value:
     83           *  Node at head of queue - NULL if queue is empty
     84           */

   \                                 In section .text, align 2, keep-with-next
     85          QNODE* queue_remove(QUEUE *q)
     86          {
   \                     queue_remove: (+1)
   \   00000000   0xB538             PUSH     {R3-R5,LR}
   \   00000002   0x0004             MOVS     R4,R0
     87              QNODE *oldest;
     88              
     89              if (queue_isempty(q))
   \   00000004   0x0020             MOVS     R0,R4
   \   00000006   0x.... 0x....      BL       queue_isempty
   \   0000000A   0x2800             CMP      R0,#+0
   \   0000000C   0xD001             BEQ.N    ??queue_remove_0
     90                  return NULL;
   \   0000000E   0x2000             MOVS     R0,#+0
   \   00000010   0xE004             B.N      ??queue_remove_1
     91              
     92              oldest = q->head;
   \                     ??queue_remove_0: (+1)
   \   00000012   0x6820             LDR      R0,[R4, #+0]
   \   00000014   0x0005             MOVS     R5,R0
     93              q->head = oldest->next;
   \   00000016   0x6828             LDR      R0,[R5, #+0]
   \   00000018   0x6020             STR      R0,[R4, #+0]
     94              return oldest;
   \   0000001A   0x0028             MOVS     R0,R5
   \                     ??queue_remove_1: (+1)
   \   0000001C   0xBD32             POP      {R1,R4,R5,PC}    ;; return
     95          }
     96          /********************************************************************/
     97          /* 
     98           * Peek into the queue and return pointer to first (oldest) entry.
     99           * The queue is not modified
    100           *
    101           * Parameters:
    102           *  q       Pointer to queue structure
    103           *
    104           * Return Value:
    105           *  Node at head of queue - NULL if queue is empty
    106           */

   \                                 In section .text, align 2, keep-with-next
    107          QNODE* queue_peek(QUEUE *q)
    108          {
    109              return q->head;
   \                     queue_peek: (+1)
   \   00000000   0x6800             LDR      R0,[R0, #+0]
   \   00000002   0x4770             BX       LR               ;; return
    110          }
    111          /********************************************************************/
    112          /* 
    113           * Move entire contents of one queue to the other
    114           *
    115           * Parameters:
    116           *  src     Pointer to source queue
    117           *  dst     Pointer to destination queue
    118           */

   \                                 In section .text, align 2, keep-with-next
    119          void queue_move(QUEUE *dst, QUEUE *src)
    120          {
   \                     queue_move: (+1)
   \   00000000   0xB538             PUSH     {R3-R5,LR}
   \   00000002   0x0004             MOVS     R4,R0
   \   00000004   0x000D             MOVS     R5,R1
    121              if (queue_isempty(src))
   \   00000006   0x0028             MOVS     R0,R5
   \   00000008   0x.... 0x....      BL       queue_isempty
   \   0000000C   0x2800             CMP      R0,#+0
   \   0000000E   0xD10E             BNE.N    ??queue_move_0
    122                  return;
    123              
    124              if (queue_isempty(dst))
   \                     ??queue_move_1: (+1)
   \   00000010   0x0020             MOVS     R0,R4
   \   00000012   0x.... 0x....      BL       queue_isempty
   \   00000016   0x2800             CMP      R0,#+0
   \   00000018   0xD002             BEQ.N    ??queue_move_2
    125                  dst->head = src->head;
   \   0000001A   0x6828             LDR      R0,[R5, #+0]
   \   0000001C   0x6020             STR      R0,[R4, #+0]
   \   0000001E   0xE002             B.N      ??queue_move_3
    126              else
    127                  dst->tail->next = src->head;
   \                     ??queue_move_2: (+1)
   \   00000020   0x6828             LDR      R0,[R5, #+0]
   \   00000022   0x6861             LDR      R1,[R4, #+4]
   \   00000024   0x6008             STR      R0,[R1, #+0]
    128          
    129              dst->tail = src->tail;
   \                     ??queue_move_3: (+1)
   \   00000026   0x6868             LDR      R0,[R5, #+4]
   \   00000028   0x6060             STR      R0,[R4, #+4]
    130              src->head = NULL;
   \   0000002A   0x2000             MOVS     R0,#+0
   \   0000002C   0x6028             STR      R0,[R5, #+0]
    131              return;
   \                     ??queue_move_0: (+1)
   \   0000002E   0xBD31             POP      {R0,R4,R5,PC}    ;; return
    132          }
    133          /********************************************************************/

   Maximum stack usage in bytes:

   .cstack Function
   ------- --------
      16   queue_add
        16   -> queue_isempty
       0   queue_init
       0   queue_isempty
      16   queue_move
        16   -> queue_isempty
       0   queue_peek
      16   queue_remove
        16   -> queue_isempty


   Section sizes:

   Bytes  Function/Label
   -----  --------------
      36  queue_add
       6  queue_init
      16  queue_isempty
      48  queue_move
       4  queue_peek
      30  queue_remove

 
 140 bytes in section .text
 
 140 bytes of CODE memory

Errors: none
Warnings: none
