###############################################################################
#                                                                             #
#     IAR Assembler V7.20.2.7424/W32 for ARM 05/Mar/2016  08:12:48            #
#     Copyright 1999-2014 IAR Systems AB.                                     #
#                                                                             #
#           Source file   =  D:\LPLDV3.1\LPLD_OSKinetis_V3\lib\CPU\startup_K60DZ10.s#
#           List file     =  D:\LPLDV3.1\LPLD_OSKinetis_V3\project\freescale_cup(LDC)1.9(pid+fuzzy)\iar\FLASH\List\startup_K60DZ10.lst#
#           Object file   =  D:\LPLDV3.1\LPLD_OSKinetis_V3\project\freescale_cup(LDC)1.9(pid+fuzzy)\iar\FLASH\Obj\startup_K60DZ10.o#
#           Command line  =  D:\LPLDV3.1\LPLD_OSKinetis_V3\lib\CPU\startup_K60DZ10.s #
#                            -OD:\LPLDV3.1\LPLD_OSKinetis_V3\project\freescale_cup(LDC)1.9(pid+fuzzy)\iar\FLASH\Obj\ #
#                            -s+ -M<> -w+ -r                                  #
#                            -LD:\LPLDV3.1\LPLD_OSKinetis_V3\project\freescale_cup(LDC)1.9(pid+fuzzy)\iar\FLASH\List\ #
#                            -t8 --cpu Cortex-M4 --fpu None                   #
#                                                                             #
###############################################################################

    1                           ;/********************************************
                                *********************************
    2                           ; * @file:    startup_MK60DZ10.s
    3                           ; * @purpose: 兼容CMSIS规范的Freescale
                                 _MK60DZ10启动文件
    4                           ; * @version: V1.01[By LPLD]
    5                           ; * @date:    2013-06-18
    6                           ; *-------------------------------------------
                                ---------------------------------
    7                           ; *
    8                           ; * 更改建议:禁止修改
    9                           ; *
   10                           ; * 版权所有:北京拉普兰德电子技术有限公司
   11                           ; * http://www.lpld.cn
   12                           ; * mail:support@lpld.cn
   13                           ; *
   14                           ; * @par
   15                           ; * 本代码由拉普兰德[LPLD]开发并维护，并向所有
                                使用者开放源代码。
   16                           ; * 开发者可以随意修使用或改源代码。但本段及以
                                上注释应予以保留。
   17                           ; * 不得更改或删除原版权所有者姓名，二次开发者
                                可以加注二次版权所有者。
   18                           ; * 但应在遵守此协议的基础上，开放源代码、不得
                                出售代码本身。
   19                           ; * 拉普兰德不负责由于使用本代码所带来的任何事
                                故、法律责任或相关不良影响。
   20                           ; * 拉普兰德无义务解释、说明本代码的具体原理、
                                功能、实现方法。
   21                           ; * 除非拉普兰德[LPLD]授权，开发者不得将本代码
                                用于商业产品。
   22                           ; *
   23                           
   24                           
   25                           ;
   26                           ; The modules in this file are included in the
                                 libraries, and may be replaced
   27                           ; by any user-defined modules that define the
                                 PUBLIC symbol _program_start or
   28                           ; a user defined start symbol.
   29                           ; To override the cstartup defined in the
                                 library, simply add your modified
   30                           ; version to the workbench project.
   31                           ;
   32                           ; The vector table is normally located at
                                 address 0.
   33                           ; When debugging in RAM, it can be located in
                                 RAM, aligned to at least 2^6.
   34                           ; The name "__vector_table" has special
                                 meaning for C-SPY:
   35                           ; it is where the SP start value is found, and
                                 the NVIC vector
   36                           ; table register (VTOR) is initialized to this
                                 address if != 0.
   37                           ;
   38                           ; Cortex-M version
   39                           ;
   40                           
   41                                   MODULE  ?cstartup
   42                           
   43                                   ;; Forward declaration of sections.
   44                                   SECTION CSTACK:DATA:NOROOT(3)
   45                           
   46                                   SECTION .intvec:CODE:NOROOT(2)
   47                                   
   48                                   EXTERN  main
   49                                   EXTERN  SystemInit
   50                                   PUBLIC  __vector_table
   51                                   PUBLIC  __vector_table_0x1c
   52                                   PUBLIC  __Vectors
   53                                   PUBLIC  __Vectors_End
   54                                   PUBLIC  __Vectors_Size
   55                           
   56                                   DATA
   57                           
   58                           ; K60中断向量表
   59                           __vector_table
   60    00000000 ........              DCD     sfe(CSTACK)               ; Top
  of Stack
   61    00000004 ........              DCD     Reset_Handler       ; Reset
                                                                     Handler
   62    00000008 ........              DCD     NMI_Handler               ; NMI
  Handler
   63    0000000C ........              DCD     HardFault_Handler         ;
  Hard Fault Handler
   64    00000010 ........              DCD     MemManage_Handler         ; MPU
  Fault Handler
   65    00000014 ........              DCD     BusFault_Handler          ; Bus
  Fault Handler
   66    00000018 ........              DCD     UsageFault_Handler        ;
  Usage Fault Handler
   67                           __vector_table_0x1c
   68    0000001C 00000000              DCD     0                         ;
  Reserved
   69    00000020 00000000              DCD     0                         ;
  Reserved
   70    00000024 00000000              DCD     0                         ;
  Reserved
   71    00000028 00000000              DCD     0                         ;
  Reserved
   72    0000002C ........              DCD     SVC_Handler               ;
  SVCall Handler
   73    00000030 ........              DCD     DebugMon_Handler          ;
  Debug Monitor Handler
   74    00000034 00000000              DCD     0                         ;
  Reserved
   75    00000038 ........              DCD     OS_CPU_PendSVHandler     
  ;PendSV_Handler
   76    0000003C ........              DCD     OS_CPU_SysTickHandler    
  ;SysTick_Handler
   77                                   ; 外部中断
   78    00000040 ........              DCD     DMA0_IRQHandler           ; 0: 
  DMA Channel 0 transfer complete
   79    00000044 ........              DCD     DMA1_IRQHandler           ; 1: 
  DMA Channel 1 transfer complete
   80    00000048 ........              DCD     DMA2_IRQHandler           ; 2: 
  DMA Channel 2 transfer complete
   81    0000004C ........              DCD     DMA3_IRQHandler           ; 3: 
  DMA Channel 3 transfer complete
   82    00000050 ........              DCD     DMA4_IRQHandler           ; 4: 
  DMA Channel 4 transfer complete
   83    00000054 ........              DCD     DMA5_IRQHandler           ; 5: 
  DMA Channel 5 transfer complete
   84    00000058 ........              DCD     DMA6_IRQHandler           ; 6: 
  DMA Channel 6 transfer complete
   85    0000005C ........              DCD     DMA7_IRQHandler           ; 7: 
  DMA Channel 7 transfer complete
   86    00000060 ........              DCD     DMA8_IRQHandler           ; 8: 
  DMA Channel 8 transfer complete
   87    00000064 ........              DCD     DMA9_IRQHandler           ; 9: 
  DMA Channel 9 transfer complete
   88    00000068 ........              DCD     DMA10_IRQHandler          ;10: 
  DMA Channel 10 transfer complete
   89    0000006C ........              DCD     DMA11_IRQHandler          ;11: 
  DMA Channel 11 transfer complete
   90    00000070 ........              DCD     DMA12_IRQHandler          ;12: 
  DMA Channel 12 transfer complete
   91    00000074 ........              DCD     DMA13_IRQHandler          ;13: 
  DMA Channel 13 transfer complete
   92    00000078 ........              DCD     DMA14_IRQHandler          ;14: 
  DMA Channel 14 transfer complete
   93    0000007C ........              DCD     DMA15_IRQHandler          ;15: 
  DMA Channel 15 transfer complete
   94    00000080 ........              DCD     DMA_ERR_IRQHandler        ;16: 
  DMA Error Interrupt Channels 0-15
   95    00000084 ........              DCD     MCM_IRQHandler            ;17: 
  MCM Normal interrupt
   96    00000088 ........              DCD     FLASH_CC_IRQHandler       ;18: 
  Flash memory command complete
   97    0000008C ........              DCD     FLASH_RC_IRQHandler       ;19: 
  Flash memory read collision
   98    00000090 ........              DCD     VLD_IRQHandler            ;20: 
  Low Voltage Detect, Low Voltage Warning
   99    00000094 ........              DCD     LLWU_IRQHandler           ;21: 
  Low Leakage Wakeup
  100    00000098 ........              DCD     WDOG_IRQHandler           ;22: 
  WDOG interrupt
  101    0000009C ........              DCD     RNGB_IRQHandler           ;23: 
  Random number generator (RNGB)
  102    000000A0 ........              DCD     I2C0_IRQHandler           ;24: 
  I2C0 interrupt
  103    000000A4 ........              DCD     I2C1_IRQHandler           ;25: 
  I2C1 interrupt
  104    000000A8 ........              DCD     SPI0_IRQHandler           ;26: 
  SPI 0 interrupt
  105    000000AC ........              DCD     SPI1_IRQHandler           ;27: 
  SPI 1 interrupt
  106    000000B0 ........              DCD     SPI2_IRQHandler           ;28: 
  SPI 2 interrupt
  107    000000B4 ........              DCD     CAN0_MESS_IRQHandler      ;29: 
  CAM 0 OR'ed Message buffer (0-15)
  108    000000B8 ........              DCD     CAN0_BUS_OFF_IRQHandler   ;30: 
  CAM 0 Bus Off
  109    000000BC ........              DCD     CAN0_ERR_IRQHandler       ;31: 
  CAM 0 Error
  110    000000C0 ........              DCD     CAN0_TW_IRQHandler        ;32: 
  CAM 0 Transmit Warning
  111    000000C4 ........              DCD     CAN0_RW_IRQHandler        ;33: 
  CAM 0 Receive Warning
  112    000000C8 ........              DCD     CAN0_WAKE_UP_IRQHandler   ;34: 
  CAM 0 WakeUp
  113    000000CC ........              DCD     CAN0_IMEU_IRQHandler      ;35: 
  CAM 0 Individual Matching Elements Update (IMEU)
  114    000000D0 ........              DCD     CAN0_LR_IRQHandler        ;36: 
  CAM 0 Lost receive
  115    000000D4 ........              DCD     CAN1_MESS_IRQHandler      ;37: 
  CAM 1 OR'ed Message buffer (0-15)
  116    000000D8 ........              DCD     CAN1_BUS_OFF_IRQHandler   ;38: 
  CAM 1 Bus Off
  117    000000DC ........              DCD     CAN1_ERR_IRQHandler       ;39: 
  CAM 1 Error
  118    000000E0 ........              DCD     CAN1_TW_IRQHandler        ;40: 
  CAM 1 Transmit Warning
  119    000000E4 ........              DCD     CAN1_RW_IRQHandler        ;41: 
  CAM 1 Receive Warning
  120    000000E8 ........              DCD     CAN1_WAKE_UP_IRQHandler   ;42: 
  CAM 1 WakeUp
  121    000000EC ........              DCD     CAN1_IMEU_IRQHandler      ;43: 
  CAM 1 Individual Matching Elements Update (IMEU)
  122    000000F0 ........              DCD     CAN1_LR_IRQHandler        ;44: 
  CAM 1 Lost receive
  123    000000F4 ........              DCD     UART0_IRQHandler          ;45: 
  UART 0 intertrupt
  124    000000F8 ........              DCD     UART0_ERR_IRQHandler      ;46: 
  UART 0 error intertrupt
  125    000000FC ........              DCD     UART1_IRQHandler          ;47: 
  UART 1 intertrupt
  126    00000100 ........              DCD     UART1_ERR_IRQHandler      ;48: 
  UART 1 error intertrupt
  127    00000104 ........              DCD     UART2_IRQHandler          ;49: 
  UART 2 intertrupt
  128    00000108 ........              DCD     UART2_ERR_IRQHandler      ;50: 
  UART 2 error intertrupt
  129    0000010C ........              DCD     UART3_IRQHandler          ;51: 
  UART 3 intertrupt
  130    00000110 ........              DCD     UART3_ERR_IRQHandler      ;52: 
  UART 3 error intertrupt
  131    00000114 ........              DCD     UART4_IRQHandler          ;53: 
  UART 4 intertrupt
  132    00000118 ........              DCD     UART4_ERR_IRQHandler      ;54: 
  UART 4 error intertrupt
  133    0000011C ........              DCD     UART5_IRQHandler          ;55: 
  UART 5 intertrupt
  134    00000120 ........              DCD     UART5_ERR_IRQHandler      ;56: 
  UART 5 error intertrupt
  135    00000124 ........              DCD     ADC0_IRQHandler           ;57: 
  ADC 0 interrupt
  136    00000128 ........              DCD     ADC1_IRQHandler           ;58: 
  ADC 1 interrupt
  137    0000012C ........              DCD     CMP0_IRQHandler           ;59: 
  CMP 0 High-speed comparator interrupt
  138    00000130 ........              DCD     CMP1_IRQHandler           ;60: 
  CMP 1 interrupt
  139    00000134 ........              DCD     CMP2_IRQHandler           ;61: 
  CMP 2 interrupt
  140    00000138 ........              DCD     FTM0_IRQHandler           ;62: 
  FTM 0 interrupt
  141    0000013C ........              DCD     FTM1_IRQHandler           ;63: 
  FTM 1 interrupt
  142    00000140 ........              DCD     FTM2_IRQHandler           ;64: 
  FTM 2 interrupt
  143    00000144 ........              DCD     CMT_IRQHandler            ;65: 
  CMT intrrupt
  144    00000148 ........              DCD     RTC_IRQHandler            ;66: 
  RTC interrupt
  145    0000014C 00000000              DCD     0                         ;67: 
  Reserved
  146    00000150 ........              DCD     PIT0_IRQHandler           ;68: 
  PIT 0 interrupt
  147    00000154 ........              DCD     PIT1_IRQHandler           ;69: 
  PIT 1 interrupt
  148    00000158 ........              DCD     PIT2_IRQHandler           ;70: 
  PIT 2 interrupt
  149    0000015C ........              DCD     PIT3_IRQHandler           ;71: 
  PIT 3 interrupt
  150    00000160 ........              DCD     PDB_IRQHandler            ;72: 
  PDB interrupt
  151    00000164 ........              DCD     USB_OTG_IRQHandler        ;73: 
  USB OTG interrupt
  152    00000168 ........              DCD     USB_CD_IRQHandler         ;74: 
  USB Charger Detect interrupt
  153    0000016C ........              DCD     Eth_IEEE1588_IRQHandler   ;75: 
  IEEE 1588 Timer Interrupt
  154    00000170 ........              DCD     Eth_TX_IRQHandler         ;76: 
  Transmit interrupt
  155    00000174 ........              DCD     Eth_RX_IRQHandler         ;77: 
  Receive interrupt
  156    00000178 ........              DCD     Eth_Err_Misc_IRQHandler   ;78: 
  Error and miscellaneous interrupt
  157    0000017C ........              DCD     I2S_IRQHandler            ;79: 
  I2S interrupt
  158    00000180 ........              DCD     SDHC_IRQHandler           ;80: 
  SDHC interrupt
  159    00000184 ........              DCD     DAC0_IRQHandler           ;81: 
  DAC 0 interrupt
  160    00000188 ........              DCD     DAC1_IRQHandler           ;82: 
  DAC 1 interrupt
  161    0000018C ........              DCD     TSI_IRQHandler            ;83: 
  TSI interrupt
  162    00000190 ........              DCD     MCG_IRQHandler            ;84: 
  MCG interrupt
  163    00000194 ........              DCD     LPT_IRQHandler            ;85: 
  LPT interrupt
  164    00000198 ........              DCD     Reserved102_IRQHandler         
                 ;86:  Reserved
  165    0000019C ........              DCD     PORTA_IRQHandler          ;87: 
  PORT A interrupt
  166    000001A0 ........              DCD     PORTB_IRQHandler          ;88: 
  PORT B interrupt
  167    000001A4 ........              DCD     PORTC_IRQHandler          ;89: 
  PORT C interrupt
  168    000001A8 ........              DCD     PORTD_IRQHandler          ;90: 
  PORT D interrupt
  169    000001AC ........              DCD     PORTE_IRQHandler          ;91: 
  PORT E interrupt
  170    000001B0 ........              DCD     Reserved108_IRQHandler  ;
                                                                         Reserv
                                                                        ed
                                                                         interr
                                                                        upt
                                                                         108
  171    000001B4 ........                DCD     Reserved109_IRQHandler  ;
  Reserved interrupt 109
  172    000001B8 ........                DCD     Reserved110_IRQHandler  ;
  Reserved interrupt 110
  173    000001BC ........                DCD     Reserved111_IRQHandler  ;
  Reserved interrupt 111
  174    000001C0 ........                DCD     Reserved112_IRQHandler  ;
  Reserved interrupt 112
  175    000001C4 ........                DCD     Reserved113_IRQHandler  ;
  Reserved interrupt 113
  176    000001C8 ........                DCD     Reserved114_IRQHandler  ;
  Reserved interrupt 114
  177    000001CC ........                DCD     Reserved115_IRQHandler  ;
  Reserved interrupt 115
  178    000001D0 ........                DCD     Reserved116_IRQHandler  ;
  Reserved interrupt 116
  179    000001D4 ........                DCD     Reserved117_IRQHandler  ;
  Reserved interrupt 117
  180    000001D8 ........                DCD     Reserved118_IRQHandler  ;
  Reserved interrupt 118
  181    000001DC ........                DCD     Reserved119_IRQHandler  ;
  Reserved interrupt 119
  182    000001E0 ........                DCD     DefaultISR  ; 120
  183    000001E4 ........                DCD     DefaultISR  ; 121
  184    000001E8 ........                DCD     DefaultISR  ; 122
  185    000001EC ........                DCD     DefaultISR  ; 123
  186    000001F0 ........                DCD     DefaultISR  ; 124
  187    000001F4 ........                DCD     DefaultISR  ; 125
  188    000001F8 ........                DCD     DefaultISR  ; 126
  189    000001FC ........                DCD     DefaultISR  ; 127
  190    00000200 ........                DCD     DefaultISR  ; 128
  191    00000204 ........                DCD     DefaultISR  ; 129
  192    00000208 ........                DCD     DefaultISR  ; 130
  193    0000020C ........                DCD     DefaultISR  ; 131
  194    00000210 ........                DCD     DefaultISR  ; 132
  195    00000214 ........                DCD     DefaultISR  ; 133
  196    00000218 ........                DCD     DefaultISR  ; 134
  197    0000021C ........                DCD     DefaultISR  ; 135
  198    00000220 ........                DCD     DefaultISR  ; 136
  199    00000224 ........                DCD     DefaultISR  ; 137
  200    00000228 ........                DCD     DefaultISR  ; 138
  201    0000022C ........                DCD     DefaultISR  ; 139
  202    00000230 ........                DCD     DefaultISR  ; 140
  203    00000234 ........                DCD     DefaultISR  ; 141
  204    00000238 ........                DCD     DefaultISR  ; 142
  205    0000023C ........                DCD     DefaultISR  ; 143
  206    00000240 ........                DCD     DefaultISR  ; 144
  207    00000244 ........                DCD     DefaultISR  ; 145
  208    00000248 ........                DCD     DefaultISR  ; 146
  209    0000024C ........                DCD     DefaultISR  ; 147
  210    00000250 ........                DCD     DefaultISR  ; 148
  211    00000254 ........                DCD     DefaultISR  ; 149
  212    00000258 ........                DCD     DefaultISR  ; 150
  213    0000025C ........                DCD     DefaultISR  ; 151
  214    00000260 ........                DCD     DefaultISR  ; 152
  215    00000264 ........                DCD     DefaultISR  ; 153
  216    00000268 ........                DCD     DefaultISR  ; 154
  217    0000026C ........                DCD     DefaultISR  ; 155
  218    00000270 ........                DCD     DefaultISR  ; 156
  219    00000274 ........                DCD     DefaultISR  ; 157
  220    00000278 ........                DCD     DefaultISR  ; 158
  221    0000027C ........                DCD     DefaultISR  ; 159
  222    00000280 ........                DCD     DefaultISR  ; 160
  223    00000284 ........                DCD     DefaultISR  ; 161
  224    00000288 ........                DCD     DefaultISR  ; 162
  225    0000028C ........                DCD     DefaultISR  ; 163
  226    00000290 ........                DCD     DefaultISR  ; 164
  227    00000294 ........                DCD     DefaultISR  ; 165
  228    00000298 ........                DCD     DefaultISR  ; 166
  229    0000029C ........                DCD     DefaultISR  ; 167
  230    000002A0 ........                DCD     DefaultISR  ; 168
  231    000002A4 ........                DCD     DefaultISR  ; 169
  232    000002A8 ........                DCD     DefaultISR  ; 170
  233    000002AC ........                DCD     DefaultISR  ; 171
  234    000002B0 ........                DCD     DefaultISR  ; 172
  235    000002B4 ........                DCD     DefaultISR  ; 173
  236    000002B8 ........                DCD     DefaultISR  ; 174
  237    000002BC ........                DCD     DefaultISR  ; 175
  238    000002C0 ........                DCD     DefaultISR  ; 176
  239    000002C4 ........                DCD     DefaultISR  ; 177
  240    000002C8 ........                DCD     DefaultISR  ; 178
  241    000002CC ........                DCD     DefaultISR  ; 179
  242    000002D0 ........                DCD     DefaultISR  ; 180
  243    000002D4 ........                DCD     DefaultISR  ; 181
  244    000002D8 ........                DCD     DefaultISR  ; 182
  245    000002DC ........                DCD     DefaultISR  ; 183
  246    000002E0 ........                DCD     DefaultISR  ; 184
  247    000002E4 ........                DCD     DefaultISR  ; 185
  248    000002E8 ........                DCD     DefaultISR  ; 186
  249    000002EC ........                DCD     DefaultISR  ; 187
  250    000002F0 ........                DCD     DefaultISR  ; 188
  251    000002F4 ........                DCD     DefaultISR  ; 189
  252    000002F8 ........                DCD     DefaultISR  ; 190
  253    000002FC ........                DCD     DefaultISR  ; 191
  254    00000300 ........                DCD     DefaultISR  ; 192
  255    00000304 ........                DCD     DefaultISR  ; 193
  256    00000308 ........                DCD     DefaultISR  ; 194
  257    0000030C ........                DCD     DefaultISR  ; 195
  258    00000310 ........                DCD     DefaultISR  ; 196
  259    00000314 ........                DCD     DefaultISR  ; 197
  260    00000318 ........                DCD     DefaultISR  ; 198
  261    0000031C ........                DCD     DefaultISR  ; 199
  262    00000320 ........                DCD     DefaultISR  ; 200
  263    00000324 ........                DCD     DefaultISR  ; 201
  264    00000328 ........                DCD     DefaultISR  ; 202
  265    0000032C ........                DCD     DefaultISR  ; 203
  266    00000330 ........                DCD     DefaultISR  ; 204
  267    00000334 ........                DCD     DefaultISR  ; 205
  268    00000338 ........                DCD     DefaultISR  ; 206
  269    0000033C ........                DCD     DefaultISR  ; 207
  270    00000340 ........                DCD     DefaultISR  ; 208
  271    00000344 ........                DCD     DefaultISR  ; 209
  272    00000348 ........                DCD     DefaultISR  ; 210
  273    0000034C ........                DCD     DefaultISR  ; 211
  274    00000350 ........                DCD     DefaultISR  ; 212
  275    00000354 ........                DCD     DefaultISR  ; 213
  276    00000358 ........                DCD     DefaultISR  ; 214
  277    0000035C ........                DCD     DefaultISR  ; 215
  278    00000360 ........                DCD     DefaultISR  ; 216
  279    00000364 ........                DCD     DefaultISR  ; 217
  280    00000368 ........                DCD     DefaultISR  ; 218
  281    0000036C ........                DCD     DefaultISR  ; 219
  282    00000370 ........                DCD     DefaultISR  ; 220
  283    00000374 ........                DCD     DefaultISR  ; 221
  284    00000378 ........                DCD     DefaultISR  ; 222
  285    0000037C ........                DCD     DefaultISR  ; 223
  286    00000380 ........                DCD     DefaultISR  ; 224
  287    00000384 ........                DCD     DefaultISR  ; 225
  288    00000388 ........                DCD     DefaultISR  ; 226
  289    0000038C ........                DCD     DefaultISR  ; 227
  290    00000390 ........                DCD     DefaultISR  ; 228
  291    00000394 ........                DCD     DefaultISR  ; 229
  292    00000398 ........                DCD     DefaultISR  ; 230
  293    0000039C ........                DCD     DefaultISR  ; 231
  294    000003A0 ........                DCD     DefaultISR  ; 232
  295    000003A4 ........                DCD     DefaultISR  ; 233
  296    000003A8 ........                DCD     DefaultISR  ; 234
  297    000003AC ........                DCD     DefaultISR  ; 235
  298    000003B0 ........                DCD     DefaultISR  ; 236
  299    000003B4 ........                DCD     DefaultISR  ; 237
  300    000003B8 ........                DCD     DefaultISR  ; 238
  301    000003BC ........                DCD     DefaultISR  ; 239
  302    000003C0 ........                DCD     DefaultISR  ; 240
  303    000003C4 ........                DCD     DefaultISR  ; 241
  304    000003C8 ........                DCD     DefaultISR  ; 242
  305    000003CC ........                DCD     DefaultISR  ; 243
  306    000003D0 ........                DCD     DefaultISR  ; 244
  307    000003D4 ........                DCD     DefaultISR  ; 245
  308    000003D8 ........                DCD     DefaultISR  ; 246
  309    000003DC ........                DCD     DefaultISR  ; 247
  310    000003E0 ........                DCD     DefaultISR  ; 248
  311    000003E4 ........                DCD     DefaultISR  ; 249
  312    000003E8 ........                DCD     DefaultISR  ; 250
  313    000003EC ........                DCD     DefaultISR  ; 251
  314    000003F0 ........                DCD     DefaultISR  ; 252
  315    000003F4 ........                DCD     DefaultISR  ; 253
  316    000003F8 ........                DCD     DefaultISR  ; 254
  317    000003FC ........                DCD     DefaultISR  ; 255
  318                           
  319                           
  320                           __Vectors_End
  321                           
  322                           __Vectors       EQU   __vector_table
  323                           __Vectors_Size  EQU   __Vectors_End -
                                 __Vectors
  324                           
  325                           ;;;;;;;;;;;;;;;;;;;;;;;;;;;;;;;;;;;;;;;;;;;;;;
                                ;;;;;;
  326                           ;;
  327                           ;; 默认中断处理函数
  328                           ;;
  329                                   THUMB
  330                           
  331                                   PUBWEAK Reset_Handler
  332                                   SECTION .noinit:CODE:REORDER:NOROOT(2)
                                 ;兼容IAR7.2版本
  333                           ;复位函数
  334                           Reset_Handler
  335    00000000 0148                  LDR     R0, =SystemInit        
                                                 ;执行系统初始化函数SystemInit(
                                                )
  336    00000002 8047                  BLX     R0
  337    00000004 0148                  LDR     R0, =main              
                                                 ;执行用户主函数main()
  338    00000006 0047                  BX      R0
  339                           
  340                                   PUBWEAK NMI_Handler
  341                                   PUBWEAK HardFault_Handler
  342                                   PUBWEAK MemManage_Handler
  343                                   PUBWEAK BusFault_Handler
  344                                   PUBWEAK UsageFault_Handler
  345                                   PUBWEAK SVC_Handler
  346                                   PUBWEAK DebugMon_Handler
  347                                   PUBWEAK OS_CPU_PendSVHandler   
                                 ;PendSV_Handler
  348                                   PUBWEAK OS_CPU_SysTickHandler  
                                 ;SysTick_Handler
  349                                   PUBWEAK DMA0_IRQHandler
  350                                   PUBWEAK DMA1_IRQHandler
  351                                   PUBWEAK DMA2_IRQHandler
  352                                   PUBWEAK DMA3_IRQHandler
  353                                   PUBWEAK DMA4_IRQHandler
  354                                   PUBWEAK DMA5_IRQHandler
  355                                   PUBWEAK DMA6_IRQHandler
  356                                   PUBWEAK DMA7_IRQHandler
  357                                   PUBWEAK DMA8_IRQHandler
  358                                   PUBWEAK DMA9_IRQHandler
  359                                   PUBWEAK DMA10_IRQHandler
  360                                   PUBWEAK DMA11_IRQHandler
  361                                   PUBWEAK DMA12_IRQHandler
  362                                   PUBWEAK DMA13_IRQHandler
  363                                   PUBWEAK DMA14_IRQHandler
  364                                   PUBWEAK DMA15_IRQHandler
  365                                   PUBWEAK DMA_ERR_IRQHandler
  366                                   PUBWEAK MCM_IRQHandler
  367                                   PUBWEAK FLASH_CC_IRQHandler
  368                                   PUBWEAK FLASH_RC_IRQHandler
  369                                   PUBWEAK VLD_IRQHandler
  370                                   PUBWEAK LLWU_IRQHandler
  371                                   PUBWEAK WDOG_IRQHandler
  372                                   PUBWEAK RNGB_IRQHandler
  373                                   PUBWEAK I2C0_IRQHandler
  374                                   PUBWEAK I2C1_IRQHandler
  375                                   PUBWEAK SPI0_IRQHandler
  376                                   PUBWEAK SPI1_IRQHandler
  377                                   PUBWEAK SPI2_IRQHandler
  378                                   PUBWEAK CAN0_MESS_IRQHandler
  379                                   PUBWEAK CAN0_BUS_OFF_IRQHandler
  380                                   PUBWEAK CAN0_ERR_IRQHandler
  381                                   PUBWEAK CAN0_TW_IRQHandler
  382                                   PUBWEAK CAN0_RW_IRQHandler
  383                                   PUBWEAK CAN0_WAKE_UP_IRQHandler
  384                                   PUBWEAK CAN0_IMEU_IRQHandler
  385                                   PUBWEAK CAN0_LR_IRQHandler
  386                                   PUBWEAK CAN1_MESS_IRQHandler
  387                                   PUBWEAK CAN1_BUS_OFF_IRQHandler
  388                                   PUBWEAK CAN1_ERR_IRQHandler
  389                                   PUBWEAK CAN1_TW_IRQHandler
  390                                   PUBWEAK CAN1_RW_IRQHandler
  391                                   PUBWEAK CAN1_WAKE_UP_IRQHandler
  392                                   PUBWEAK CAN1_IMEU_IRQHandler
  393                                   PUBWEAK CAN1_LR_IRQHandler
  394                                   PUBWEAK UART0_IRQHandler
  395                                   PUBWEAK UART0_ERR_IRQHandler
  396                                   PUBWEAK UART1_IRQHandler
  397                                   PUBWEAK UART1_ERR_IRQHandler
  398                                   PUBWEAK UART2_IRQHandler
  399                                   PUBWEAK UART2_ERR_IRQHandler
  400                                   PUBWEAK UART3_IRQHandler
  401                                   PUBWEAK UART3_ERR_IRQHandler
  402                                   PUBWEAK UART4_IRQHandler
  403                                   PUBWEAK UART4_ERR_IRQHandler
  404                                   PUBWEAK UART5_IRQHandler
  405                                   PUBWEAK UART5_ERR_IRQHandler
  406                                   PUBWEAK ADC0_IRQHandler
  407                                   PUBWEAK ADC1_IRQHandler
  408                                   PUBWEAK CMP0_IRQHandler
  409                                   PUBWEAK CMP1_IRQHandler
  410                                   PUBWEAK CMP2_IRQHandler
  411                                   PUBWEAK FTM0_IRQHandler
  412                                   PUBWEAK FTM1_IRQHandler
  413                                   PUBWEAK FTM2_IRQHandler
  414                                   PUBWEAK CMT_IRQHandler
  415                                   PUBWEAK RTC_IRQHandler
  416                                   PUBWEAK  Reserved83_IRQHandler  
                                 
  417                                   PUBWEAK PIT0_IRQHandler
  418                                   PUBWEAK PIT1_IRQHandler
  419                                   PUBWEAK PIT2_IRQHandler
  420                                   PUBWEAK PIT3_IRQHandler
  421                                   PUBWEAK PDB_IRQHandler
  422                                   PUBWEAK USB_OTG_IRQHandler
  423                                   PUBWEAK USB_CD_IRQHandler
  424                                   PUBWEAK Eth_IEEE1588_IRQHandler
  425                                   PUBWEAK Eth_TX_IRQHandler
  426                                   PUBWEAK Eth_RX_IRQHandler
  427                                   PUBWEAK Eth_Err_Misc_IRQHandler
  428                                   PUBWEAK I2S_IRQHandler
  429                                   PUBWEAK SDHC_IRQHandler
  430                                   PUBWEAK DAC0_IRQHandler
  431                                   PUBWEAK DAC1_IRQHandler
  432                                   PUBWEAK TSI_IRQHandler
  433                                   PUBWEAK MCG_IRQHandler
  434                                   PUBWEAK LPT_IRQHandler
  435                                   PUBWEAK  Reserved102_IRQHandler
                                 
  436                                   PUBWEAK PORTA_IRQHandler
  437                                   PUBWEAK PORTB_IRQHandler
  438                                   PUBWEAK PORTC_IRQHandler
  439                                   PUBWEAK PORTD_IRQHandler
  440                                   PUBWEAK PORTE_IRQHandler   
  441                                   PUBWEAK  Reserved108_IRQHandler  
                                 
  442                                   PUBWEAK  Reserved109_IRQHandler   
                                 
  443                                   PUBWEAK  Reserved110_IRQHandler   
                                 
  444                                   PUBWEAK  Reserved111_IRQHandler   
                                 
  445                                   PUBWEAK  Reserved112_IRQHandler   
                                 
  446                                   PUBWEAK  Reserved113_IRQHandler    
                                 
  447                                   PUBWEAK  Reserved114_IRQHandler   
                                 
  448                                   PUBWEAK  Reserved115_IRQHandler   
                                 
  449                                   PUBWEAK  Reserved116_IRQHandler   
                                 
  450                                   PUBWEAK  Reserved117_IRQHandler    
                                 
  451                                   PUBWEAK  Reserved118_IRQHandler    
                                 
  452                                   PUBWEAK  Reserved119_IRQHandler   
                                 
  453                                   PUBWEAK  DefaultISR                  
                                 
  454                           
  454.1                                  TABLE
  454.2  00000008 ........              Reference on line 335
  454.3  0000000C ........              Reference on line 337
  455                                 SECTION .noinit:CODE:REORDER:NOROOT(1)
                                 ;兼容IAR7.2版本
  456                                 THUMB
  457                           NMI_Handler
  458                           HardFault_Handler
  459                           MemManage_Handler
  460                           BusFault_Handler
  461                           UsageFault_Handler
  462                           SVC_Handler
  463                           DebugMon_Handler
  464                           OS_CPU_PendSVHandler    ;PendSV_Handler
  465                           OS_CPU_SysTickHandler   ;SysTick_Handler
  466                           DMA0_IRQHandler
  467                           DMA1_IRQHandler
  468                           DMA2_IRQHandler
  469                           DMA3_IRQHandler
  470                           DMA4_IRQHandler
  471                           DMA5_IRQHandler
  472                           DMA6_IRQHandler
  473                           DMA7_IRQHandler
  474                           DMA8_IRQHandler
  475                           DMA9_IRQHandler
  476                           DMA10_IRQHandler
  477                           DMA11_IRQHandler
  478                           DMA12_IRQHandler
  479                           DMA13_IRQHandler
  480                           DMA14_IRQHandler
  481                           DMA15_IRQHandler
  482                           DMA_ERR_IRQHandler
  483                           MCM_IRQHandler
  484                           FLASH_CC_IRQHandler
  485                           FLASH_RC_IRQHandler
  486                           VLD_IRQHandler
  487                           LLWU_IRQHandler
  488                           WDOG_IRQHandler
  489                           RNGB_IRQHandler
  490                           I2C0_IRQHandler
  491                           I2C1_IRQHandler
  492                           SPI0_IRQHandler
  493                           SPI1_IRQHandler
  494                           SPI2_IRQHandler
  495                           CAN0_MESS_IRQHandler
  496                           CAN0_BUS_OFF_IRQHandler
  497                           CAN0_ERR_IRQHandler
  498                           CAN0_TW_IRQHandler
  499                           CAN0_RW_IRQHandler
  500                           CAN0_WAKE_UP_IRQHandler
  501                           CAN0_IMEU_IRQHandler
  502                           CAN0_LR_IRQHandler
  503                           CAN1_MESS_IRQHandler
  504                           CAN1_BUS_OFF_IRQHandler
  505                           CAN1_ERR_IRQHandler
  506                           CAN1_TW_IRQHandler
  507                           CAN1_RW_IRQHandler
  508                           CAN1_WAKE_UP_IRQHandler
  509                           CAN1_IMEU_IRQHandler
  510                           CAN1_LR_IRQHandler
  511                           UART0_IRQHandler
  512                           UART0_ERR_IRQHandler
  513                           UART1_IRQHandler
  514                           UART1_ERR_IRQHandler
  515                           UART2_IRQHandler
  516                           UART2_ERR_IRQHandler
  517                           UART3_IRQHandler
  518                           UART3_ERR_IRQHandler
  519                           UART4_IRQHandler
  520                           UART4_ERR_IRQHandler
  521                           UART5_IRQHandler
  522                           UART5_ERR_IRQHandler
  523                           ADC0_IRQHandler
  524                           ADC1_IRQHandler
  525                           CMP0_IRQHandler
  526                           CMP1_IRQHandler
  527                           CMP2_IRQHandler
  528                           FTM0_IRQHandler
  529                           FTM1_IRQHandler
  530                           FTM2_IRQHandler
  531                           CMT_IRQHandler
  532                           RTC_IRQHandler
  533                           Reserved83_IRQHandler
  534                           PIT0_IRQHandler
  535                           PIT1_IRQHandler
  536                           PIT2_IRQHandler
  537                           PIT3_IRQHandler
  538                           PDB_IRQHandler
  539                           USB_OTG_IRQHandler
  540                           USB_CD_IRQHandler
  541                           Eth_IEEE1588_IRQHandler
  542                           Eth_TX_IRQHandler
  543                           Eth_RX_IRQHandler
  544                           Eth_Err_Misc_IRQHandler
  545                           I2S_IRQHandler
  546                           SDHC_IRQHandler
  547                           DAC0_IRQHandler
  548                           DAC1_IRQHandler
  549                           TSI_IRQHandler
  550                           MCG_IRQHandler
  551                           LPT_IRQHandler
  552                           Reserved102_IRQHandler
  553                           PORTA_IRQHandler
  554                           PORTB_IRQHandler
  555                           PORTC_IRQHandler
  556                           PORTD_IRQHandler
  557                           PORTE_IRQHandler
  558                           Reserved108_IRQHandler
  559                           Reserved109_IRQHandler
  560                           Reserved110_IRQHandler
  561                           Reserved111_IRQHandler
  562                           Reserved112_IRQHandler
  563                           Reserved113_IRQHandler
  564                           Reserved114_IRQHandler
  565                           Reserved115_IRQHandler
  566                           Reserved116_IRQHandler
  567                           Reserved117_IRQHandler
  568                           Reserved118_IRQHandler
  569                           Reserved119_IRQHandler
  570                           DefaultISR
  571                           
  572    00000000 ........              B DefaultISR
  573                                   END
##############################
#           CRC:0            #
#        Errors:   0         #
#        Warnings: 0         #
#        Bytes: 1044         #
##############################



